172.16.8.182
127.0.0.5
172.16.12.12
172.16.8.182
10.20.40.138
172.16.8.182
127.0.0.5
172.16.12.12
172.16.8.182
127.0.0.5
127.0.0.5
172.16.8.182
10.20.40.138
127.0.0.5
10.20.40.138
successfully data re-inserted into tb_monitor, tb_discovery, tb_result & tb_dataDump table!
successfully data re-inserted into tb_monitor, tb_discovery, tb_result & tb_dataDump table!
successfully data re-inserted into tb_monitor, tb_discovery, tb_result & tb_dataDump table!
connected to 172.16.8.182
172.16.8.182 - checking channel connection...
172.16.8.182 - command output -> 
Linux ubuntu 4.4.0-131-generic #157-Ubuntu SMP Thu Jul 12 15:51:36 UTC 2018 x86_64 x86_64 x86_64 GNU/Linux


172.16.8.182 - checking channel connection...
172.16.8.182 - command output -> 
              total        used        free      shared  buff/cache   available
Mem:        8174812     5719596      171292       58632     2283924     2076600
Swap:       7999484      150648     7848836


172.16.8.182 - checking channel connection...
172.16.8.182 - command output -> 
Filesystem                Size  Used Avail Use% Mounted on
udev                      3.9G     0  3.9G   0% /dev
tmpfs                     799M   82M  717M  11% /run
/dev/mapper/vg0-root       14G  5.2G  8.2G  39% /
tmpfs                     3.9G     0  3.9G   0% /dev/shm
tmpfs                     5.0M     0  5.0M   0% /run/lock
tmpfs                     3.9G     0  3.9G   0% /sys/fs/cgroup
/dev/sda1                 361M   59M  280M  18% /boot
/dev/mapper/vg0-motadata   39G   16G   21G  43% /motadata
tmpfs                     799M     0  799M   0% /run/user/0


172.16.8.182 - checking channel connection...
172.16.8.182 - command output -> 
Linux 4.4.0-131-generic (ubuntu) 	02/11/2022 	_x86_64_	(4 CPU)

avg-cpu:  %user   %nice %system %iowait  %steal   %idle
          26.31    0.00    1.34    0.90    0.00   71.45

Device:            tps    kB_read/s    kB_wrtn/s    kB_read    kB_wrtn
loop0             0.00         0.00         0.00          5          0
sda               4.87        31.50       471.13   10673835  159624361
dm-0              2.42         4.04        14.80    1368909    5015512
dm-1              0.50         0.25         1.76      84664     596072
dm-2              5.91        27.19       454.57    9211224  154012724



successfully data re-inserted into tb_monitor, tb_discovery, tb_result & tb_dataDump table!
successfully data re-inserted into tb_monitor, tb_discovery, tb_result & tb_dataDump table!
successfully data re-inserted into tb_monitor, tb_discovery, tb_result & tb_dataDump table!
successfully data re-inserted into tb_monitor, tb_discovery, tb_result & tb_dataDump table!
successfully data re-inserted into tb_monitor, tb_discovery, tb_result & tb_dataDump table!
connected to 172.16.8.182
172.16.8.182 - checking channel connection...
172.16.8.182 - command output -> 
Linux ubuntu 4.4.0-131-generic #157-Ubuntu SMP Thu Jul 12 15:51:36 UTC 2018 x86_64 x86_64 x86_64 GNU/Linux


172.16.8.182 - checking channel connection...
172.16.8.182 - command output -> 
              total        used        free      shared  buff/cache   available
Mem:        8174812     5719916      183180       57192     2271716     2077676
Swap:       7999484      152516     7846968


172.16.8.182 - checking channel connection...
172.16.8.182 - command output -> 
Filesystem                Size  Used Avail Use% Mounted on
udev                      3.9G     0  3.9G   0% /dev
tmpfs                     799M   82M  717M  11% /run
/dev/mapper/vg0-root       14G  5.2G  8.2G  39% /
tmpfs                     3.9G     0  3.9G   0% /dev/shm
tmpfs                     5.0M     0  5.0M   0% /run/lock
tmpfs                     3.9G     0  3.9G   0% /sys/fs/cgroup
/dev/sda1                 361M   59M  280M  18% /boot
/dev/mapper/vg0-motadata   39G   16G   21G  43% /motadata
tmpfs                     799M     0  799M   0% /run/user/0


172.16.8.182 - checking channel connection...
172.16.8.182 - command output -> 
Linux 4.4.0-131-generic (ubuntu) 	02/11/2022 	_x86_64_	(4 CPU)

avg-cpu:  %user   %nice %system %iowait  %steal   %idle
          26.31    0.00    1.34    0.90    0.00   71.45

Device:            tps    kB_read/s    kB_wrtn/s    kB_read    kB_wrtn
loop0             0.00         0.00         0.00          5          0
sda               4.87        31.50       471.10   10673835  159642349
dm-0              2.42         4.04        14.80    1368909    5016156
dm-1              0.50         0.25         1.76      84664     597940
dm-2              5.91        27.18       454.54    9211224  154028200



successfully data re-inserted into tb_monitor, tb_discovery, tb_result & tb_dataDump table!
successfully data re-inserted into tb_monitor, tb_discovery, tb_result & tb_dataDump table!
successfully data re-inserted into tb_monitor, tb_discovery, tb_result & tb_dataDump table!
successfully data re-inserted into tb_monitor, tb_discovery, tb_result & tb_dataDump table!
successfully data re-inserted into tb_monitor, tb_discovery, tb_result & tb_dataDump table!
connected to 172.16.8.182
172.16.8.182 - checking channel connection...
172.16.8.182 - command output -> 
Linux ubuntu 4.4.0-131-generic #157-Ubuntu SMP Thu Jul 12 15:51:36 UTC 2018 x86_64 x86_64 x86_64 GNU/Linux


172.16.8.182 - checking channel connection...
172.16.8.182 - command output -> 
              total        used        free      shared  buff/cache   available
Mem:        8174812     5716864      186596       57192     2271352     2080640
Swap:       7999484      152516     7846968


172.16.8.182 - checking channel connection...
172.16.8.182 - command output -> 
Filesystem                Size  Used Avail Use% Mounted on
udev                      3.9G     0  3.9G   0% /dev
tmpfs                     799M   82M  717M  11% /run
/dev/mapper/vg0-root       14G  5.2G  8.2G  39% /
tmpfs                     3.9G     0  3.9G   0% /dev/shm
tmpfs                     5.0M     0  5.0M   0% /run/lock
tmpfs                     3.9G     0  3.9G   0% /sys/fs/cgroup
/dev/sda1                 361M   59M  280M  18% /boot
/dev/mapper/vg0-motadata   39G   16G   21G  43% /motadata
tmpfs                     799M     0  799M   0% /run/user/0


172.16.8.182 - checking channel connection...
172.16.8.182 - command output -> 
Linux 4.4.0-131-generic (ubuntu) 	02/11/2022 	_x86_64_	(4 CPU)

avg-cpu:  %user   %nice %system %iowait  %steal   %idle
          26.31    0.00    1.34    0.90    0.00   71.45

Device:            tps    kB_read/s    kB_wrtn/s    kB_read    kB_wrtn
loop0             0.00         0.00         0.00          5          0
sda               4.87        31.49       471.10   10673835  159670497
dm-0              2.42         4.04        14.80    1368909    5016860
dm-1              0.50         0.25         1.76      84664     597940
dm-2              5.91        27.18       454.54    9211224  154055644



successfully data re-inserted into tb_monitor, tb_discovery, tb_result & tb_dataDump table!
successfully data re-inserted into tb_monitor, tb_discovery, tb_result & tb_dataDump table!
successfully data re-inserted into tb_monitor, tb_discovery, tb_result & tb_dataDump table!
successfully data re-inserted into tb_monitor, tb_discovery, tb_result & tb_dataDump table!
successfully data re-inserted into tb_monitor, tb_discovery, tb_result & tb_dataDump table!
connected to 172.16.8.182
172.16.8.182 - checking channel connection...
172.16.8.182 - command output -> 
Linux ubuntu 4.4.0-131-generic #157-Ubuntu SMP Thu Jul 12 15:51:36 UTC 2018 x86_64 x86_64 x86_64 GNU/Linux


172.16.8.182 - checking channel connection...
172.16.8.182 - command output -> 
              total        used        free      shared  buff/cache   available
Mem:        8174812     5716224      182520       57192     2276068     2081284
Swap:       7999484      152516     7846968


172.16.8.182 - checking channel connection...
172.16.8.182 - command output -> 
Filesystem                Size  Used Avail Use% Mounted on
udev                      3.9G     0  3.9G   0% /dev
tmpfs                     799M   82M  717M  11% /run
/dev/mapper/vg0-root       14G  5.2G  8.2G  39% /
tmpfs                     3.9G     0  3.9G   0% /dev/shm
tmpfs                     5.0M     0  5.0M   0% /run/lock
tmpfs                     3.9G     0  3.9G   0% /sys/fs/cgroup
/dev/sda1                 361M   59M  280M  18% /boot
/dev/mapper/vg0-motadata   39G   16G   21G  43% /motadata
tmpfs                     799M     0  799M   0% /run/user/0


172.16.8.182 - checking channel connection...
172.16.8.182 - command output -> 
Linux 4.4.0-131-generic (ubuntu) 	02/11/2022 	_x86_64_	(4 CPU)

avg-cpu:  %user   %nice %system %iowait  %steal   %idle
          26.31    0.00    1.34    0.90    0.00   71.45

Device:            tps    kB_read/s    kB_wrtn/s    kB_read    kB_wrtn
loop0             0.00         0.00         0.00          5          0
sda               4.87        31.49       471.16   10673835  159716909
dm-0              2.42         4.04        14.80    1368909    5017476
dm-1              0.50         0.25         1.76      84664     597940
dm-2              5.91        27.17       454.59    9211224  154101440



successfully data re-inserted into tb_monitor, tb_discovery, tb_result & tb_dataDump table!
successfully data re-inserted into tb_monitor, tb_discovery, tb_result & tb_dataDump table!
successfully data re-inserted into tb_monitor, tb_discovery, tb_result & tb_dataDump table!
successfully data re-inserted into tb_monitor, tb_discovery, tb_result & tb_dataDump table!
successfully data re-inserted into tb_monitor, tb_discovery, tb_result & tb_dataDump table!
connected to 172.16.8.182
172.16.8.182 - checking channel connection...
172.16.8.182 - command output -> 
Linux ubuntu 4.4.0-131-generic #157-Ubuntu SMP Thu Jul 12 15:51:36 UTC 2018 x86_64 x86_64 x86_64 GNU/Linux


172.16.8.182 - checking channel connection...
172.16.8.182 - command output -> 
              total        used        free      shared  buff/cache   available
Mem:        8174812     5717840      181312       57192     2275660     2079724
Swap:       7999484      152516     7846968


172.16.8.182 - checking channel connection...
172.16.8.182 - command output -> 
Filesystem                Size  Used Avail Use% Mounted on
udev                      3.9G     0  3.9G   0% /dev
tmpfs                     799M   82M  717M  11% /run
/dev/mapper/vg0-root       14G  5.2G  8.2G  39% /
tmpfs                     3.9G     0  3.9G   0% /dev/shm
tmpfs                     5.0M     0  5.0M   0% /run/lock
tmpfs                     3.9G     0  3.9G   0% /sys/fs/cgroup
/dev/sda1                 361M   59M  280M  18% /boot
/dev/mapper/vg0-motadata   39G   16G   21G  43% /motadata
tmpfs                     799M     0  799M   0% /run/user/0


172.16.8.182 - checking channel connection...
172.16.8.182 - command output -> 
Linux 4.4.0-131-generic (ubuntu) 	02/11/2022 	_x86_64_	(4 CPU)

avg-cpu:  %user   %nice %system %iowait  %steal   %idle
          26.31    0.00    1.34    0.90    0.00   71.45

Device:            tps    kB_read/s    kB_wrtn/s    kB_read    kB_wrtn
loop0             0.00         0.00         0.00          5          0
sda               4.87        31.48       471.15   10673835  159743917
dm-0              2.42         4.04        14.80    1368909    5018168
dm-1              0.50         0.25         1.76      84664     597940
dm-2              5.91        27.17       454.59    9211224  154127756



successfully data re-inserted into tb_monitor, tb_discovery, tb_result & tb_dataDump table!
successfully data re-inserted into tb_monitor, tb_discovery, tb_result & tb_dataDump table!
successfully data re-inserted into tb_monitor, tb_discovery, tb_result & tb_dataDump table!
successfully data re-inserted into tb_monitor, tb_discovery, tb_result & tb_dataDump table!
successfully data re-inserted into tb_monitor, tb_discovery, tb_result & tb_dataDump table!
connected to 172.16.8.182
172.16.8.182 - checking channel connection...
172.16.8.182 - command output -> 
Linux ubuntu 4.4.0-131-generic #157-Ubuntu SMP Thu Jul 12 15:51:36 UTC 2018 x86_64 x86_64 x86_64 GNU/Linux


172.16.8.182 - checking channel connection...
172.16.8.182 - command output -> 
              total        used        free      shared  buff/cache   available
Mem:        8174812     5720380      177736       57192     2276696     2077208
Swap:       7999484      152516     7846968


172.16.8.182 - checking channel connection...
172.16.8.182 - command output -> 
Filesystem                Size  Used Avail Use% Mounted on
udev                      3.9G     0  3.9G   0% /dev
tmpfs                     799M   82M  717M  11% /run
/dev/mapper/vg0-root       14G  5.2G  8.2G  39% /
tmpfs                     3.9G     0  3.9G   0% /dev/shm
tmpfs                     5.0M     0  5.0M   0% /run/lock
tmpfs                     3.9G     0  3.9G   0% /sys/fs/cgroup
/dev/sda1                 361M   59M  280M  18% /boot
/dev/mapper/vg0-motadata   39G   16G   21G  43% /motadata
tmpfs                     799M     0  799M   0% /run/user/0


172.16.8.182 - checking channel connection...
172.16.8.182 - command output -> 
Linux 4.4.0-131-generic (ubuntu) 	02/11/2022 	_x86_64_	(4 CPU)

avg-cpu:  %user   %nice %system %iowait  %steal   %idle
          26.31    0.00    1.34    0.90    0.00   71.45

Device:            tps    kB_read/s    kB_wrtn/s    kB_read    kB_wrtn
loop0             0.00         0.00         0.00          5          0
sda               4.87        31.48       471.14   10673835  159768149
dm-0              2.42         4.04        14.80    1368909    5018896
dm-1              0.50         0.25         1.76      84664     597940
dm-2              5.91        27.16       454.58    9211224  154151260



successfully data re-inserted into tb_monitor, tb_discovery, tb_result & tb_dataDump table!
successfully data re-inserted into tb_monitor, tb_discovery, tb_result & tb_dataDump table!
successfully data re-inserted into tb_monitor, tb_discovery, tb_result & tb_dataDump table!
successfully data re-inserted into tb_monitor, tb_discovery, tb_result & tb_dataDump table!
successfully data re-inserted into tb_monitor, tb_discovery, tb_result & tb_dataDump table!
connected to 172.16.8.182
172.16.8.182 - checking channel connection...
172.16.8.182 - command output -> 
Linux ubuntu 4.4.0-131-generic #157-Ubuntu SMP Thu Jul 12 15:51:36 UTC 2018 x86_64 x86_64 x86_64 GNU/Linux


172.16.8.182 - checking channel connection...
172.16.8.182 - command output -> 
              total        used        free      shared  buff/cache   available
Mem:        8174812     5720940      176000       57192     2277872     2076732
Swap:       7999484      152516     7846968


172.16.8.182 - checking channel connection...
172.16.8.182 - command output -> 
Filesystem                Size  Used Avail Use% Mounted on
udev                      3.9G     0  3.9G   0% /dev
tmpfs                     799M   82M  717M  11% /run
/dev/mapper/vg0-root       14G  5.2G  8.2G  39% /
tmpfs                     3.9G     0  3.9G   0% /dev/shm
tmpfs                     5.0M     0  5.0M   0% /run/lock
tmpfs                     3.9G     0  3.9G   0% /sys/fs/cgroup
/dev/sda1                 361M   59M  280M  18% /boot
/dev/mapper/vg0-motadata   39G   16G   21G  43% /motadata
tmpfs                     799M     0  799M   0% /run/user/0


172.16.8.182 - checking channel connection...
172.16.8.182 - command output -> 
Linux 4.4.0-131-generic (ubuntu) 	02/11/2022 	_x86_64_	(4 CPU)

avg-cpu:  %user   %nice %system %iowait  %steal   %idle
          26.31    0.00    1.34    0.90    0.00   71.45

Device:            tps    kB_read/s    kB_wrtn/s    kB_read    kB_wrtn
loop0             0.00         0.00         0.00          5          0
sda               4.87        31.47       471.11   10673835  159786069
dm-0              2.42         4.04        14.80    1368909    5019832
dm-1              0.50         0.25         1.76      84664     597940
dm-2              5.91        27.16       454.55    9211224  154168244



successfully data re-inserted into tb_monitor, tb_discovery, tb_result & tb_dataDump table!
successfully data re-inserted into tb_monitor, tb_discovery, tb_result & tb_dataDump table!
successfully data re-inserted into tb_monitor, tb_discovery, tb_result & tb_dataDump table!
successfully data re-inserted into tb_monitor, tb_discovery, tb_result & tb_dataDump table!
successfully data re-inserted into tb_monitor, tb_discovery, tb_result & tb_dataDump table!
connected to 172.16.8.182
172.16.8.182 - checking channel connection...
172.16.8.182 - command output -> 
Linux ubuntu 4.4.0-131-generic #157-Ubuntu SMP Thu Jul 12 15:51:36 UTC 2018 x86_64 x86_64 x86_64 GNU/Linux


172.16.8.182 - checking channel connection...
172.16.8.182 - command output -> 
              total        used        free      shared  buff/cache   available
Mem:        8174812     5719540      177428       57192     2277844     2078108
Swap:       7999484      152516     7846968


172.16.8.182 - checking channel connection...
172.16.8.182 - command output -> 
Filesystem                Size  Used Avail Use% Mounted on
udev                      3.9G     0  3.9G   0% /dev
tmpfs                     799M   82M  717M  11% /run
/dev/mapper/vg0-root       14G  5.2G  8.2G  39% /
tmpfs                     3.9G     0  3.9G   0% /dev/shm
tmpfs                     5.0M     0  5.0M   0% /run/lock
tmpfs                     3.9G     0  3.9G   0% /sys/fs/cgroup
/dev/sda1                 361M   59M  280M  18% /boot
/dev/mapper/vg0-motadata   39G   16G   21G  43% /motadata
tmpfs                     799M     0  799M   0% /run/user/0


172.16.8.182 - checking channel connection...
172.16.8.182 - command output -> 
Linux 4.4.0-131-generic (ubuntu) 	02/11/2022 	_x86_64_	(4 CPU)

avg-cpu:  %user   %nice %system %iowait  %steal   %idle
          26.31    0.00    1.34    0.90    0.00   71.45

Device:            tps    kB_read/s    kB_wrtn/s    kB_read    kB_wrtn
loop0             0.00         0.00         0.00          5          0
sda               4.87        31.46       471.11   10673851  159814189
dm-0              2.42         4.04        14.80    1368909    5020592
dm-1              0.50         0.25         1.76      84664     597940
dm-2              5.91        27.15       454.55    9211240  154195604



successfully data re-inserted into tb_monitor, tb_discovery, tb_result & tb_dataDump table!
successfully data re-inserted into tb_monitor, tb_discovery, tb_result & tb_dataDump table!
successfully data re-inserted into tb_monitor, tb_discovery, tb_result & tb_dataDump table!
successfully data re-inserted into tb_monitor, tb_discovery, tb_result & tb_dataDump table!
successfully data re-inserted into tb_monitor, tb_discovery, tb_result & tb_dataDump table!
connected to 172.16.8.182
172.16.8.182 - checking channel connection...
172.16.8.182 - command output -> 
Linux ubuntu 4.4.0-131-generic #157-Ubuntu SMP Thu Jul 12 15:51:36 UTC 2018 x86_64 x86_64 x86_64 GNU/Linux


172.16.8.182 - checking channel connection...
172.16.8.182 - command output -> 
              total        used        free      shared  buff/cache   available
Mem:        8174812     5716608      175780       57192     2282424     2081032
Swap:       7999484      152516     7846968


172.16.8.182 - checking channel connection...
172.16.8.182 - command output -> 
Filesystem                Size  Used Avail Use% Mounted on
udev                      3.9G     0  3.9G   0% /dev
tmpfs                     799M   82M  717M  11% /run
/dev/mapper/vg0-root       14G  5.2G  8.2G  39% /
tmpfs                     3.9G     0  3.9G   0% /dev/shm
tmpfs                     5.0M     0  5.0M   0% /run/lock
tmpfs                     3.9G     0  3.9G   0% /sys/fs/cgroup
/dev/sda1                 361M   59M  280M  18% /boot
/dev/mapper/vg0-motadata   39G   16G   21G  43% /motadata
tmpfs                     799M     0  799M   0% /run/user/0


172.16.8.182 - checking channel connection...
172.16.8.182 - command output -> 
Linux 4.4.0-131-generic (ubuntu) 	02/11/2022 	_x86_64_	(4 CPU)

avg-cpu:  %user   %nice %system %iowait  %steal   %idle
          26.31    0.00    1.34    0.90    0.00   71.45

Device:            tps    kB_read/s    kB_wrtn/s    kB_read    kB_wrtn
loop0             0.00         0.00         0.00          5          0
sda               4.87        31.46       471.16   10673851  159858601
dm-0              2.42         4.03        14.80    1368909    5021204
dm-1              0.50         0.25         1.76      84664     597940
dm-2              5.91        27.15       454.60    9211240  154239404



successfully data re-inserted into tb_monitor, tb_discovery, tb_result & tb_dataDump table!
successfully data re-inserted into tb_monitor, tb_discovery, tb_result & tb_dataDump table!
successfully data re-inserted into tb_monitor, tb_discovery, tb_result & tb_dataDump table!
successfully data re-inserted into tb_monitor, tb_discovery, tb_result & tb_dataDump table!
successfully data re-inserted into tb_monitor, tb_discovery, tb_result & tb_dataDump table!
connected to 172.16.8.182
172.16.8.182 - checking channel connection...
172.16.8.182 - command output -> 
Linux ubuntu 4.4.0-131-generic #157-Ubuntu SMP Thu Jul 12 15:51:36 UTC 2018 x86_64 x86_64 x86_64 GNU/Linux


172.16.8.182 - checking channel connection...
172.16.8.182 - command output -> 
              total        used        free      shared  buff/cache   available
Mem:        8174812     5720040      171292       57220     2283480     2077596
Swap:       7999484      152516     7846968


172.16.8.182 - checking channel connection...
172.16.8.182 - command output -> 
Filesystem                Size  Used Avail Use% Mounted on
udev                      3.9G     0  3.9G   0% /dev
tmpfs                     799M   82M  717M  11% /run
/dev/mapper/vg0-root       14G  5.2G  8.2G  39% /
tmpfs                     3.9G     0  3.9G   0% /dev/shm
tmpfs                     5.0M     0  5.0M   0% /run/lock
tmpfs                     3.9G     0  3.9G   0% /sys/fs/cgroup
/dev/sda1                 361M   59M  280M  18% /boot
/dev/mapper/vg0-motadata   39G   16G   21G  43% /motadata
tmpfs                     799M     0  799M   0% /run/user/0


172.16.8.182 - checking channel connection...
172.16.8.182 - command output -> 
Linux 4.4.0-131-generic (ubuntu) 	02/11/2022 	_x86_64_	(4 CPU)

avg-cpu:  %user   %nice %system %iowait  %steal   %idle
          26.32    0.00    1.34    0.90    0.00   71.45

Device:            tps    kB_read/s    kB_wrtn/s    kB_read    kB_wrtn
loop0             0.00         0.00         0.00          5          0
sda               4.87        31.45       471.14   10673855  159881953
dm-0              2.42         4.03        14.80    1368909    5022440
dm-1              0.50         0.25         1.76      84664     597940
dm-2              5.91        27.14       454.58    9211244  154261520



successfully data re-inserted into tb_monitor, tb_discovery, tb_result & tb_dataDump table!
successfully data re-inserted into tb_monitor, tb_discovery, tb_result & tb_dataDump table!
successfully data re-inserted into tb_monitor, tb_discovery, tb_result & tb_dataDump table!
successfully data re-inserted into tb_monitor, tb_discovery, tb_result & tb_dataDump table!
successfully data re-inserted into tb_monitor, tb_discovery, tb_result & tb_dataDump table!
connected to 172.16.8.182
172.16.8.182 - checking channel connection...
172.16.8.182 - command output -> 
Linux ubuntu 4.4.0-131-generic #157-Ubuntu SMP Thu Jul 12 15:51:36 UTC 2018 x86_64 x86_64 x86_64 GNU/Linux


172.16.8.182 - checking channel connection...
172.16.8.182 - command output -> 
              total        used        free      shared  buff/cache   available
Mem:        8174812     5720308      169848       57192     2284656     2077272
Swap:       7999484      152516     7846968


172.16.8.182 - checking channel connection...
172.16.8.182 - command output -> 
Filesystem                Size  Used Avail Use% Mounted on
udev                      3.9G     0  3.9G   0% /dev
tmpfs                     799M   82M  717M  11% /run
/dev/mapper/vg0-root       14G  5.2G  8.2G  39% /
tmpfs                     3.9G     0  3.9G   0% /dev/shm
tmpfs                     5.0M     0  5.0M   0% /run/lock
tmpfs                     3.9G     0  3.9G   0% /sys/fs/cgroup
/dev/sda1                 361M   59M  280M  18% /boot
/dev/mapper/vg0-motadata   39G   16G   21G  43% /motadata
tmpfs                     799M     0  799M   0% /run/user/0


172.16.8.182 - checking channel connection...
172.16.8.182 - command output -> 
Linux 4.4.0-131-generic (ubuntu) 	02/11/2022 	_x86_64_	(4 CPU)

avg-cpu:  %user   %nice %system %iowait  %steal   %idle
          26.32    0.00    1.34    0.90    0.00   71.45

Device:            tps    kB_read/s    kB_wrtn/s    kB_read    kB_wrtn
loop0             0.00         0.00         0.00          5          0
sda               4.87        31.45       471.14   10673855  159910977
dm-0              2.42         4.03        14.80    1368909    5023192
dm-1              0.50         0.25         1.76      84664     597940
dm-2              5.91        27.14       454.58    9211244  154289792



successfully data re-inserted into tb_monitor, tb_discovery, tb_result & tb_dataDump table!
successfully data re-inserted into tb_monitor, tb_discovery, tb_result & tb_dataDump table!
successfully data re-inserted into tb_monitor, tb_discovery, tb_result & tb_dataDump table!
successfully data re-inserted into tb_monitor, tb_discovery, tb_result & tb_dataDump table!
successfully data re-inserted into tb_monitor, tb_discovery, tb_result & tb_dataDump table!
connected to 172.16.8.182
172.16.8.182 - checking channel connection...
172.16.8.182 - command output -> 
Linux ubuntu 4.4.0-131-generic #157-Ubuntu SMP Thu Jul 12 15:51:36 UTC 2018 x86_64 x86_64 x86_64 GNU/Linux


172.16.8.182 - checking channel connection...
172.16.8.182 - command output -> 
              total        used        free      shared  buff/cache   available
Mem:        8174812     5714788      183672       57192     2276352     2082816
Swap:       7999484      153652     7845832


172.16.8.182 - checking channel connection...
172.16.8.182 - command output -> 
Filesystem                Size  Used Avail Use% Mounted on
udev                      3.9G     0  3.9G   0% /dev
tmpfs                     799M   82M  717M  11% /run
/dev/mapper/vg0-root       14G  5.2G  8.2G  39% /
tmpfs                     3.9G     0  3.9G   0% /dev/shm
tmpfs                     5.0M     0  5.0M   0% /run/lock
tmpfs                     3.9G     0  3.9G   0% /sys/fs/cgroup
/dev/sda1                 361M   59M  280M  18% /boot
/dev/mapper/vg0-motadata   39G   16G   21G  43% /motadata
tmpfs                     799M     0  799M   0% /run/user/0


172.16.8.182 - checking channel connection...
172.16.8.182 - command output -> 
Linux 4.4.0-131-generic (ubuntu) 	02/11/2022 	_x86_64_	(4 CPU)

avg-cpu:  %user   %nice %system %iowait  %steal   %idle
          26.32    0.00    1.34    0.90    0.00   71.45

Device:            tps    kB_read/s    kB_wrtn/s    kB_read    kB_wrtn
loop0             0.00         0.00         0.00          5          0
sda               4.87        31.44       471.13   10673855  159932765
dm-0              2.42         4.03        14.80    1368909    5023932
dm-1              0.50         0.25         1.76      84664     599076
dm-2              5.90        27.13       454.56    9211244  154309704



successfully data re-inserted into tb_monitor, tb_discovery, tb_result & tb_dataDump table!
successfully data re-inserted into tb_monitor, tb_discovery, tb_result & tb_dataDump table!
successfully data re-inserted into tb_monitor, tb_discovery, tb_result & tb_dataDump table!
successfully data re-inserted into tb_monitor, tb_discovery, tb_result & tb_dataDump table!
successfully data re-inserted into tb_monitor, tb_discovery, tb_result & tb_dataDump table!
connected to 172.16.8.182
172.16.8.182 - checking channel connection...
172.16.8.182 - command output -> 
Linux ubuntu 4.4.0-131-generic #157-Ubuntu SMP Thu Jul 12 15:51:36 UTC 2018 x86_64 x86_64 x86_64 GNU/Linux


172.16.8.182 - checking channel connection...
172.16.8.182 - command output -> 
              total        used        free      shared  buff/cache   available
Mem:        8174812     5718464      180308       57192     2276040     2079056
Swap:       7999484      153652     7845832


172.16.8.182 - checking channel connection...
172.16.8.182 - command output -> 
Filesystem                Size  Used Avail Use% Mounted on
udev                      3.9G     0  3.9G   0% /dev
tmpfs                     799M   82M  717M  11% /run
/dev/mapper/vg0-root       14G  5.2G  8.2G  39% /
tmpfs                     3.9G     0  3.9G   0% /dev/shm
tmpfs                     5.0M     0  5.0M   0% /run/lock
tmpfs                     3.9G     0  3.9G   0% /sys/fs/cgroup
/dev/sda1                 361M   59M  280M  18% /boot
/dev/mapper/vg0-motadata   39G   16G   21G  43% /motadata
tmpfs                     799M     0  799M   0% /run/user/0


172.16.8.182 - checking channel connection...
172.16.8.182 - command output -> 
Linux 4.4.0-131-generic (ubuntu) 	02/11/2022 	_x86_64_	(4 CPU)

avg-cpu:  %user   %nice %system %iowait  %steal   %idle
          26.32    0.00    1.34    0.90    0.00   71.45

Device:            tps    kB_read/s    kB_wrtn/s    kB_read    kB_wrtn
loop0             0.00         0.00         0.00          5          0
sda               4.87        31.44       471.08   10673855  159945713
dm-0              2.42         4.03        14.80    1368909    5024612
dm-1              0.50         0.25         1.76      84664     599076
dm-2              5.90        27.13       454.52    9211244  154321972



successfully data re-inserted into tb_monitor, tb_discovery, tb_result & tb_dataDump table!
successfully data re-inserted into tb_monitor, tb_discovery, tb_result & tb_dataDump table!
successfully data re-inserted into tb_monitor, tb_discovery, tb_result & tb_dataDump table!
successfully data re-inserted into tb_monitor, tb_discovery, tb_result & tb_dataDump table!
successfully data re-inserted into tb_monitor, tb_discovery, tb_result & tb_dataDump table!
connected to 172.16.8.182
172.16.8.182 - checking channel connection...
172.16.8.182 - command output -> 
Linux ubuntu 4.4.0-131-generic #157-Ubuntu SMP Thu Jul 12 15:51:36 UTC 2018 x86_64 x86_64 x86_64 GNU/Linux


172.16.8.182 - checking channel connection...
172.16.8.182 - command output -> 
              total        used        free      shared  buff/cache   available
Mem:        8174812     5711976      182648       57192     2280188     2085524
Swap:       7999484      153652     7845832


172.16.8.182 - checking channel connection...
172.16.8.182 - command output -> 
Filesystem                Size  Used Avail Use% Mounted on
udev                      3.9G     0  3.9G   0% /dev
tmpfs                     799M   82M  717M  11% /run
/dev/mapper/vg0-root       14G  5.2G  8.2G  39% /
tmpfs                     3.9G     0  3.9G   0% /dev/shm
tmpfs                     5.0M     0  5.0M   0% /run/lock
tmpfs                     3.9G     0  3.9G   0% /sys/fs/cgroup
/dev/sda1                 361M   59M  280M  18% /boot
/dev/mapper/vg0-motadata   39G   16G   21G  43% /motadata
tmpfs                     799M     0  799M   0% /run/user/0


172.16.8.182 - checking channel connection...
172.16.8.182 - command output -> 
Linux 4.4.0-131-generic (ubuntu) 	02/11/2022 	_x86_64_	(4 CPU)

avg-cpu:  %user   %nice %system %iowait  %steal   %idle
          26.32    0.00    1.34    0.90    0.00   71.45

Device:            tps    kB_read/s    kB_wrtn/s    kB_read    kB_wrtn
loop0             0.00         0.00         0.00          5          0
sda               4.87        31.43       471.17   10673855  160003165
dm-0              2.42         4.03        14.80    1368909    5025236
dm-1              0.50         0.25         1.76      84664     599076
dm-2              5.90        27.12       454.60    9211244  154378800



successfully data re-inserted into tb_monitor, tb_discovery, tb_result & tb_dataDump table!
successfully data re-inserted into tb_monitor, tb_discovery, tb_result & tb_dataDump table!
successfully data re-inserted into tb_monitor, tb_discovery, tb_result & tb_dataDump table!
successfully data re-inserted into tb_monitor, tb_discovery, tb_result & tb_dataDump table!
successfully data re-inserted into tb_monitor, tb_discovery, tb_result & tb_dataDump table!
connected to 172.16.8.182
172.16.8.182 - checking channel connection...
172.16.8.182 - command output -> 
Linux ubuntu 4.4.0-131-generic #157-Ubuntu SMP Thu Jul 12 15:51:36 UTC 2018 x86_64 x86_64 x86_64 GNU/Linux


172.16.8.182 - checking channel connection...
172.16.8.182 - command output -> 
              total        used        free      shared  buff/cache   available
Mem:        8174812     5713880      181024       57192     2279908     2083724
Swap:       7999484      153652     7845832


172.16.8.182 - checking channel connection...
172.16.8.182 - command output -> 
Filesystem                Size  Used Avail Use% Mounted on
udev                      3.9G     0  3.9G   0% /dev
tmpfs                     799M   82M  717M  11% /run
/dev/mapper/vg0-root       14G  5.2G  8.2G  39% /
tmpfs                     3.9G     0  3.9G   0% /dev/shm
tmpfs                     5.0M     0  5.0M   0% /run/lock
tmpfs                     3.9G     0  3.9G   0% /sys/fs/cgroup
/dev/sda1                 361M   59M  280M  18% /boot
/dev/mapper/vg0-motadata   39G   16G   21G  43% /motadata
tmpfs                     799M     0  799M   0% /run/user/0


172.16.8.182 - checking channel connection...
172.16.8.182 - command output -> 
Linux 4.4.0-131-generic (ubuntu) 	02/11/2022 	_x86_64_	(4 CPU)

avg-cpu:  %user   %nice %system %iowait  %steal   %idle
          26.32    0.00    1.34    0.90    0.00   71.45

Device:            tps    kB_read/s    kB_wrtn/s    kB_read    kB_wrtn
loop0             0.00         0.00         0.00          5          0
sda               4.87        31.43       471.16   10673907  160027749
dm-0              2.42         4.03        14.80    1368909    5025940
dm-1              0.50         0.25         1.76      84664     599076
dm-2              5.90        27.12       454.59    9211296  154402680



successfully data re-inserted into tb_monitor, tb_discovery, tb_result & tb_dataDump table!
successfully data re-inserted into tb_monitor, tb_discovery, tb_result & tb_dataDump table!
successfully data re-inserted into tb_monitor, tb_discovery, tb_result & tb_dataDump table!
successfully data re-inserted into tb_monitor, tb_discovery, tb_result & tb_dataDump table!
successfully data re-inserted into tb_monitor, tb_discovery, tb_result & tb_dataDump table!
connected to 172.16.8.182
172.16.8.182 - checking channel connection...
172.16.8.182 - command output -> 
Linux ubuntu 4.4.0-131-generic #157-Ubuntu SMP Thu Jul 12 15:51:36 UTC 2018 x86_64 x86_64 x86_64 GNU/Linux


172.16.8.182 - checking channel connection...
172.16.8.182 - command output -> 
              total        used        free      shared  buff/cache   available
Mem:        8174812     5712844      181028       57192     2280940     2084748
Swap:       7999484      153652     7845832


172.16.8.182 - checking channel connection...
172.16.8.182 - command output -> 
Filesystem                Size  Used Avail Use% Mounted on
udev                      3.9G     0  3.9G   0% /dev
tmpfs                     799M   82M  717M  11% /run
/dev/mapper/vg0-root       14G  5.2G  8.2G  39% /
tmpfs                     3.9G     0  3.9G   0% /dev/shm
tmpfs                     5.0M     0  5.0M   0% /run/lock
tmpfs                     3.9G     0  3.9G   0% /sys/fs/cgroup
/dev/sda1                 361M   59M  280M  18% /boot
/dev/mapper/vg0-motadata   39G   16G   21G  43% /motadata
tmpfs                     799M     0  799M   0% /run/user/0


172.16.8.182 - checking channel connection...
172.16.8.182 - command output -> 
Linux 4.4.0-131-generic (ubuntu) 	02/11/2022 	_x86_64_	(4 CPU)

avg-cpu:  %user   %nice %system %iowait  %steal   %idle
          26.32    0.00    1.34    0.90    0.00   71.45

Device:            tps    kB_read/s    kB_wrtn/s    kB_read    kB_wrtn
loop0             0.00         0.00         0.00          5          0
sda               4.87        31.42       471.14   10673907  160050773
dm-0              2.42         4.03        14.80    1368909    5026644
dm-1              0.50         0.25         1.76      84664     599076
dm-2              5.90        27.12       454.58    9211296  154425000



successfully data re-inserted into tb_monitor, tb_discovery, tb_result & tb_dataDump table!
successfully data re-inserted into tb_monitor, tb_discovery, tb_result & tb_dataDump table!
successfully data re-inserted into tb_monitor, tb_discovery, tb_result & tb_dataDump table!
successfully data re-inserted into tb_monitor, tb_discovery, tb_result & tb_dataDump table!
successfully data re-inserted into tb_monitor, tb_discovery, tb_result & tb_dataDump table!
connected to 172.16.8.182
172.16.8.182 - checking channel connection...
172.16.8.182 - command output -> 
Linux ubuntu 4.4.0-131-generic #157-Ubuntu SMP Thu Jul 12 15:51:36 UTC 2018 x86_64 x86_64 x86_64 GNU/Linux


172.16.8.182 - checking channel connection...
172.16.8.182 - command output -> 
              total        used        free      shared  buff/cache   available
Mem:        8174812     5713148      179744       57192     2281920     2084364
Swap:       7999484      153636     7845848


172.16.8.182 - checking channel connection...
172.16.8.182 - command output -> 
Filesystem                Size  Used Avail Use% Mounted on
udev                      3.9G     0  3.9G   0% /dev
tmpfs                     799M   82M  717M  11% /run
/dev/mapper/vg0-root       14G  5.2G  8.2G  39% /
tmpfs                     3.9G     0  3.9G   0% /dev/shm
tmpfs                     5.0M     0  5.0M   0% /run/lock
tmpfs                     3.9G     0  3.9G   0% /sys/fs/cgroup
/dev/sda1                 361M   59M  280M  18% /boot
/dev/mapper/vg0-motadata   39G   16G   21G  43% /motadata
tmpfs                     799M     0  799M   0% /run/user/0


172.16.8.182 - checking channel connection...
172.16.8.182 - command output -> 
Linux 4.4.0-131-generic (ubuntu) 	02/11/2022 	_x86_64_	(4 CPU)

avg-cpu:  %user   %nice %system %iowait  %steal   %idle
          26.32    0.00    1.34    0.90    0.00   71.45

Device:            tps    kB_read/s    kB_wrtn/s    kB_read    kB_wrtn
loop0             0.00         0.00         0.00          5          0
sda               4.87        31.42       471.13   10673955  160075385
dm-0              2.42         4.03        14.80    1368909    5027276
dm-1              0.50         0.25         1.76      84712     599076
dm-2              5.90        27.11       454.57    9211296  154448980



successfully data re-inserted into tb_monitor, tb_discovery, tb_result & tb_dataDump table!
successfully data re-inserted into tb_monitor, tb_discovery, tb_result & tb_dataDump table!
successfully data re-inserted into tb_monitor, tb_discovery, tb_result & tb_dataDump table!
successfully data re-inserted into tb_monitor, tb_discovery, tb_result & tb_dataDump table!
successfully data re-inserted into tb_monitor, tb_discovery, tb_result & tb_dataDump table!
connected to 172.16.8.182
172.16.8.182 - checking channel connection...
172.16.8.182 - command output -> 
Linux ubuntu 4.4.0-131-generic #157-Ubuntu SMP Thu Jul 12 15:51:36 UTC 2018 x86_64 x86_64 x86_64 GNU/Linux


172.16.8.182 - checking channel connection...
172.16.8.182 - command output -> 
              total        used        free      shared  buff/cache   available
Mem:        8174812     5712024      180372       57192     2282416     2085684
Swap:       7999484      153620     7845864


172.16.8.182 - checking channel connection...
172.16.8.182 - command output -> 
Filesystem                Size  Used Avail Use% Mounted on
udev                      3.9G     0  3.9G   0% /dev
tmpfs                     799M   82M  717M  11% /run
/dev/mapper/vg0-root       14G  5.2G  8.2G  39% /
tmpfs                     3.9G     0  3.9G   0% /dev/shm
tmpfs                     5.0M     0  5.0M   0% /run/lock
tmpfs                     3.9G     0  3.9G   0% /sys/fs/cgroup
/dev/sda1                 361M   59M  280M  18% /boot
/dev/mapper/vg0-motadata   39G   16G   21G  43% /motadata
tmpfs                     799M     0  799M   0% /run/user/0


172.16.8.182 - checking channel connection...
172.16.8.182 - command output -> 
Linux 4.4.0-131-generic (ubuntu) 	02/11/2022 	_x86_64_	(4 CPU)

avg-cpu:  %user   %nice %system %iowait  %steal   %idle
          26.32    0.00    1.34    0.90    0.00   71.45

Device:            tps    kB_read/s    kB_wrtn/s    kB_read    kB_wrtn
loop0             0.00         0.00         0.00          5          0
sda               4.87        31.41       471.12   10674023  160100041
dm-0              2.42         4.03        14.80    1368909    5027984
dm-1              0.50         0.25         1.76      84780     599076
dm-2              5.90        27.11       454.56    9211296  154472928



successfully data re-inserted into tb_monitor, tb_discovery, tb_result & tb_dataDump table!
successfully data re-inserted into tb_monitor, tb_discovery, tb_result & tb_dataDump table!
successfully data re-inserted into tb_monitor, tb_discovery, tb_result & tb_dataDump table!
successfully data re-inserted into tb_monitor, tb_discovery, tb_result & tb_dataDump table!
successfully data re-inserted into tb_monitor, tb_discovery, tb_result & tb_dataDump table!
connected to 172.16.8.182
172.16.8.182 - checking channel connection...
172.16.8.182 - command output -> 
Linux ubuntu 4.4.0-131-generic #157-Ubuntu SMP Thu Jul 12 15:51:36 UTC 2018 x86_64 x86_64 x86_64 GNU/Linux


172.16.8.182 - checking channel connection...
172.16.8.182 - command output -> 
              total        used        free      shared  buff/cache   available
Mem:        8174812     5707468      180056       57192     2287288     2090156
Swap:       7999484      153620     7845864


172.16.8.182 - checking channel connection...
172.16.8.182 - command output -> 
Filesystem                Size  Used Avail Use% Mounted on
udev                      3.9G     0  3.9G   0% /dev
tmpfs                     799M   82M  717M  11% /run
/dev/mapper/vg0-root       14G  5.2G  8.2G  39% /
tmpfs                     3.9G     0  3.9G   0% /dev/shm
tmpfs                     5.0M     0  5.0M   0% /run/lock
tmpfs                     3.9G     0  3.9G   0% /sys/fs/cgroup
/dev/sda1                 361M   59M  280M  18% /boot
/dev/mapper/vg0-motadata   39G   16G   21G  43% /motadata
tmpfs                     799M     0  799M   0% /run/user/0


172.16.8.182 - checking channel connection...
172.16.8.182 - command output -> 
Linux 4.4.0-131-generic (ubuntu) 	02/11/2022 	_x86_64_	(4 CPU)

avg-cpu:  %user   %nice %system %iowait  %steal   %idle
          26.32    0.00    1.34    0.90    0.00   71.45

Device:            tps    kB_read/s    kB_wrtn/s    kB_read    kB_wrtn
loop0             0.00         0.00         0.00          5          0
sda               4.87        31.40       471.17   10674023  160145433
dm-0              2.42         4.03        14.79    1368909    5028624
dm-1              0.50         0.25         1.76      84780     599076
dm-2              5.90        27.10       454.62    9211296  154520240



successfully data re-inserted into tb_monitor, tb_discovery, tb_result & tb_dataDump table!
successfully data re-inserted into tb_monitor, tb_discovery, tb_result & tb_dataDump table!
successfully data re-inserted into tb_monitor, tb_discovery, tb_result & tb_dataDump table!
successfully data re-inserted into tb_monitor, tb_discovery, tb_result & tb_dataDump table!
successfully data re-inserted into tb_monitor, tb_discovery, tb_result & tb_dataDump table!
connected to 172.16.8.182
172.16.8.182 - checking channel connection...
172.16.8.182 - command output -> 
Linux ubuntu 4.4.0-131-generic #157-Ubuntu SMP Thu Jul 12 15:51:36 UTC 2018 x86_64 x86_64 x86_64 GNU/Linux


172.16.8.182 - checking channel connection...
172.16.8.182 - command output -> 
              total        used        free      shared  buff/cache   available
Mem:        8174812     5711604      175392       57192     2287816     2085964
Swap:       7999484      153620     7845864


172.16.8.182 - checking channel connection...
172.16.8.182 - command output -> 
Filesystem                Size  Used Avail Use% Mounted on
udev                      3.9G     0  3.9G   0% /dev
tmpfs                     799M   82M  717M  11% /run
/dev/mapper/vg0-root       14G  5.2G  8.2G  39% /
tmpfs                     3.9G     0  3.9G   0% /dev/shm
tmpfs                     5.0M     0  5.0M   0% /run/lock
tmpfs                     3.9G     0  3.9G   0% /sys/fs/cgroup
/dev/sda1                 361M   59M  280M  18% /boot
/dev/mapper/vg0-motadata   39G   16G   21G  43% /motadata
tmpfs                     799M     0  799M   0% /run/user/0


172.16.8.182 - checking channel connection...
172.16.8.182 - command output -> 
Linux 4.4.0-131-generic (ubuntu) 	02/11/2022 	_x86_64_	(4 CPU)

avg-cpu:  %user   %nice %system %iowait  %steal   %idle
          26.32    0.00    1.34    0.90    0.00   71.45

Device:            tps    kB_read/s    kB_wrtn/s    kB_read    kB_wrtn
loop0             0.00         0.00         0.00          5          0
sda               4.87        31.40       471.16   10674023  160169009
dm-0              2.42         4.03        14.79    1368909    5029348
dm-1              0.50         0.25         1.76      84780     599076
dm-2              5.90        27.10       454.60    9211296  154540532



successfully data re-inserted into tb_monitor, tb_discovery, tb_result & tb_dataDump table!
successfully data re-inserted into tb_monitor, tb_discovery, tb_result & tb_dataDump table!
successfully data re-inserted into tb_monitor, tb_discovery, tb_result & tb_dataDump table!
successfully data re-inserted into tb_monitor, tb_discovery, tb_result & tb_dataDump table!
successfully data re-inserted into tb_monitor, tb_discovery, tb_result & tb_dataDump table!
connected to 172.16.8.182
172.16.8.182 - checking channel connection...
172.16.8.182 - command output -> 
Linux ubuntu 4.4.0-131-generic #157-Ubuntu SMP Thu Jul 12 15:51:36 UTC 2018 x86_64 x86_64 x86_64 GNU/Linux


172.16.8.182 - checking channel connection...
172.16.8.182 - command output -> 
              total        used        free      shared  buff/cache   available
Mem:        8174812     5709116      185520       57192     2280176     2088344
Swap:       7999484      155072     7844412


172.16.8.182 - checking channel connection...
172.16.8.182 - command output -> 
Filesystem                Size  Used Avail Use% Mounted on
udev                      3.9G     0  3.9G   0% /dev
tmpfs                     799M   82M  717M  11% /run
/dev/mapper/vg0-root       14G  5.2G  8.2G  39% /
tmpfs                     3.9G     0  3.9G   0% /dev/shm
tmpfs                     5.0M     0  5.0M   0% /run/lock
tmpfs                     3.9G     0  3.9G   0% /sys/fs/cgroup
/dev/sda1                 361M   59M  280M  18% /boot
/dev/mapper/vg0-motadata   39G   16G   21G  43% /motadata
tmpfs                     799M     0  799M   0% /run/user/0


172.16.8.182 - checking channel connection...
172.16.8.182 - command output -> 
Linux 4.4.0-131-generic (ubuntu) 	02/11/2022 	_x86_64_	(4 CPU)

avg-cpu:  %user   %nice %system %iowait  %steal   %idle
          26.32    0.00    1.34    0.90    0.00   71.45

Device:            tps    kB_read/s    kB_wrtn/s    kB_read    kB_wrtn
loop0             0.00         0.00         0.00          5          0
sda               4.87        31.39       471.14   10674023  160191617
dm-0              2.42         4.03        14.79    1368909    5030136
dm-1              0.50         0.25         1.77      84780     600528
dm-2              5.90        27.09       454.58    9211296  154560900



successfully data re-inserted into tb_monitor, tb_discovery, tb_result & tb_dataDump table!
successfully data re-inserted into tb_monitor, tb_discovery, tb_result & tb_dataDump table!
successfully data re-inserted into tb_monitor, tb_discovery, tb_result & tb_dataDump table!
successfully data re-inserted into tb_monitor, tb_discovery, tb_result & tb_dataDump table!
successfully data re-inserted into tb_monitor, tb_discovery, tb_result & tb_dataDump table!
connected to 172.16.8.182
172.16.8.182 - checking channel connection...
172.16.8.182 - command output -> 
Linux ubuntu 4.4.0-131-generic #157-Ubuntu SMP Thu Jul 12 15:51:36 UTC 2018 x86_64 x86_64 x86_64 GNU/Linux


172.16.8.182 - checking channel connection...
172.16.8.182 - command output -> 
              total        used        free      shared  buff/cache   available
Mem:        8174812     5709308      184528       57192     2280976     2088256
Swap:       7999484      155072     7844412


172.16.8.182 - checking channel connection...
172.16.8.182 - command output -> 
Filesystem                Size  Used Avail Use% Mounted on
udev                      3.9G     0  3.9G   0% /dev
tmpfs                     799M   82M  717M  11% /run
/dev/mapper/vg0-root       14G  5.2G  8.2G  39% /
tmpfs                     3.9G     0  3.9G   0% /dev/shm
tmpfs                     5.0M     0  5.0M   0% /run/lock
tmpfs                     3.9G     0  3.9G   0% /sys/fs/cgroup
/dev/sda1                 361M   59M  280M  18% /boot
/dev/mapper/vg0-motadata   39G   16G   21G  43% /motadata
tmpfs                     799M     0  799M   0% /run/user/0


172.16.8.182 - checking channel connection...
172.16.8.182 - command output -> 
Linux 4.4.0-131-generic (ubuntu) 	02/11/2022 	_x86_64_	(4 CPU)

avg-cpu:  %user   %nice %system %iowait  %steal   %idle
          26.32    0.00    1.34    0.90    0.00   71.45

Device:            tps    kB_read/s    kB_wrtn/s    kB_read    kB_wrtn
loop0             0.00         0.00         0.00          5          0
sda               4.87        31.39       471.12   10674023  160215133
dm-0              2.42         4.03        14.79    1368909    5030804
dm-1              0.50         0.25         1.77      84780     600528
dm-2              5.90        27.09       454.57    9211296  154583748



successfully data re-inserted into tb_monitor, tb_discovery, tb_result & tb_dataDump table!
successfully data re-inserted into tb_monitor, tb_discovery, tb_result & tb_dataDump table!
successfully data re-inserted into tb_monitor, tb_discovery, tb_result & tb_dataDump table!
successfully data re-inserted into tb_monitor, tb_discovery, tb_result & tb_dataDump table!
successfully data re-inserted into tb_monitor, tb_discovery, tb_result & tb_dataDump table!
connected to 172.16.8.182
172.16.8.182 - checking channel connection...
172.16.8.182 - command output -> 
Linux ubuntu 4.4.0-131-generic #157-Ubuntu SMP Thu Jul 12 15:51:36 UTC 2018 x86_64 x86_64 x86_64 GNU/Linux


172.16.8.182 - checking channel connection...
172.16.8.182 - command output -> 
              total        used        free      shared  buff/cache   available
Mem:        8174812     5710576      182748       57192     2281488     2086728
Swap:       7999484      155072     7844412


172.16.8.182 - checking channel connection...
172.16.8.182 - command output -> 
Filesystem                Size  Used Avail Use% Mounted on
udev                      3.9G     0  3.9G   0% /dev
tmpfs                     799M   82M  717M  11% /run
/dev/mapper/vg0-root       14G  5.2G  8.2G  39% /
tmpfs                     3.9G     0  3.9G   0% /dev/shm
tmpfs                     5.0M     0  5.0M   0% /run/lock
tmpfs                     3.9G     0  3.9G   0% /sys/fs/cgroup
/dev/sda1                 361M   59M  280M  18% /boot
/dev/mapper/vg0-motadata   39G   16G   21G  43% /motadata
tmpfs                     799M     0  799M   0% /run/user/0


172.16.8.182 - checking channel connection...
172.16.8.182 - command output -> 
Linux 4.4.0-131-generic (ubuntu) 	02/11/2022 	_x86_64_	(4 CPU)

avg-cpu:  %user   %nice %system %iowait  %steal   %idle
          26.32    0.00    1.34    0.90    0.00   71.45

Device:            tps    kB_read/s    kB_wrtn/s    kB_read    kB_wrtn
loop0             0.00         0.00         0.00          5          0
sda               4.87        31.38       471.10   10674023  160240597
dm-0              2.42         4.02        14.79    1368909    5031628
dm-1              0.50         0.25         1.77      84780     600528
dm-2              5.90        27.08       454.54    9211296  154608420



successfully data re-inserted into tb_monitor, tb_discovery, tb_result & tb_dataDump table!
successfully data re-inserted into tb_monitor, tb_discovery, tb_result & tb_dataDump table!
successfully data re-inserted into tb_monitor, tb_discovery, tb_result & tb_dataDump table!
successfully data re-inserted into tb_monitor, tb_discovery, tb_result & tb_dataDump table!
successfully data re-inserted into tb_monitor, tb_discovery, tb_result & tb_dataDump table!
connected to 172.16.8.182
172.16.8.182 - checking channel connection...
172.16.8.182 - command output -> 
Linux ubuntu 4.4.0-131-generic #157-Ubuntu SMP Thu Jul 12 15:51:36 UTC 2018 x86_64 x86_64 x86_64 GNU/Linux


172.16.8.182 - checking channel connection...
172.16.8.182 - command output -> 
              total        used        free      shared  buff/cache   available
Mem:        8174812     5708656      180612       57192     2285544     2088656
Swap:       7999484      155072     7844412


172.16.8.182 - checking channel connection...
172.16.8.182 - command output -> 
Filesystem                Size  Used Avail Use% Mounted on
udev                      3.9G     0  3.9G   0% /dev
tmpfs                     799M   82M  717M  11% /run
/dev/mapper/vg0-root       14G  5.2G  8.2G  39% /
tmpfs                     3.9G     0  3.9G   0% /dev/shm
tmpfs                     5.0M     0  5.0M   0% /run/lock
tmpfs                     3.9G     0  3.9G   0% /sys/fs/cgroup
/dev/sda1                 361M   59M  280M  18% /boot
/dev/mapper/vg0-motadata   39G   16G   21G  43% /motadata
tmpfs                     799M     0  799M   0% /run/user/0


172.16.8.182 - checking channel connection...
172.16.8.182 - command output -> 
Linux 4.4.0-131-generic (ubuntu) 	02/11/2022 	_x86_64_	(4 CPU)

avg-cpu:  %user   %nice %system %iowait  %steal   %idle
          26.32    0.00    1.34    0.90    0.00   71.45

Device:            tps    kB_read/s    kB_wrtn/s    kB_read    kB_wrtn
loop0             0.00         0.00         0.00          5          0
sda               4.87        31.38       471.19   10674055  160295853
dm-0              2.42         4.02        14.79    1368909    5032080
dm-1              0.50         0.25         1.77      84780     600528
dm-2              5.90        27.08       454.63    9211328  154663192



successfully data re-inserted into tb_monitor, tb_discovery, tb_result & tb_dataDump table!
successfully data re-inserted into tb_monitor, tb_discovery, tb_result & tb_dataDump table!
successfully data re-inserted into tb_monitor, tb_discovery, tb_result & tb_dataDump table!
successfully data re-inserted into tb_monitor, tb_discovery, tb_result & tb_dataDump table!
successfully data re-inserted into tb_monitor, tb_discovery, tb_result & tb_dataDump table!
connected to 172.16.8.182
172.16.8.182 - checking channel connection...
172.16.8.182 - command output -> 
Linux ubuntu 4.4.0-131-generic #157-Ubuntu SMP Thu Jul 12 15:51:36 UTC 2018 x86_64 x86_64 x86_64 GNU/Linux


172.16.8.182 - checking channel connection...
172.16.8.182 - command output -> 
              total        used        free      shared  buff/cache   available
Mem:        8174812     5706404      182180       57192     2286228     2090760
Swap:       7999484      155072     7844412


172.16.8.182 - checking channel connection...
172.16.8.182 - command output -> 
Filesystem                Size  Used Avail Use% Mounted on
udev                      3.9G     0  3.9G   0% /dev
tmpfs                     799M   82M  717M  11% /run
/dev/mapper/vg0-root       14G  5.2G  8.2G  39% /
tmpfs                     3.9G     0  3.9G   0% /dev/shm
tmpfs                     5.0M     0  5.0M   0% /run/lock
tmpfs                     3.9G     0  3.9G   0% /sys/fs/cgroup
/dev/sda1                 361M   59M  280M  18% /boot
/dev/mapper/vg0-motadata   39G   16G   21G  43% /motadata
tmpfs                     799M     0  799M   0% /run/user/0


172.16.8.182 - checking channel connection...
172.16.8.182 - command output -> 
Linux 4.4.0-131-generic (ubuntu) 	02/11/2022 	_x86_64_	(4 CPU)

avg-cpu:  %user   %nice %system %iowait  %steal   %idle
          26.32    0.00    1.34    0.90    0.00   71.45

Device:            tps    kB_read/s    kB_wrtn/s    kB_read    kB_wrtn
loop0             0.00         0.00         0.00          5          0
sda               4.87        31.37       471.16   10674087  160313709
dm-0              2.42         4.02        14.79    1368909    5032852
dm-1              0.50         0.25         1.76      84780     600528
dm-2              5.90        27.07       454.60    9211360  154680276



successfully data re-inserted into tb_monitor, tb_discovery, tb_result & tb_dataDump table!
successfully data re-inserted into tb_monitor, tb_discovery, tb_result & tb_dataDump table!
successfully data re-inserted into tb_monitor, tb_discovery, tb_result & tb_dataDump table!
successfully data re-inserted into tb_monitor, tb_discovery, tb_result & tb_dataDump table!
successfully data re-inserted into tb_monitor, tb_discovery, tb_result & tb_dataDump table!
connected to 172.16.8.182
172.16.8.182 - checking channel connection...
172.16.8.182 - command output -> 
Linux ubuntu 4.4.0-131-generic #157-Ubuntu SMP Thu Jul 12 15:51:36 UTC 2018 x86_64 x86_64 x86_64 GNU/Linux


172.16.8.182 - checking channel connection...
172.16.8.182 - command output -> 
              total        used        free      shared  buff/cache   available
Mem:        8174812     5708416      177716       57192     2288680     2089028
Swap:       7999484      155072     7844412


172.16.8.182 - checking channel connection...
172.16.8.182 - command output -> 
Filesystem                Size  Used Avail Use% Mounted on
udev                      3.9G     0  3.9G   0% /dev
tmpfs                     799M   82M  717M  11% /run
/dev/mapper/vg0-root       14G  5.2G  8.2G  39% /
tmpfs                     3.9G     0  3.9G   0% /dev/shm
tmpfs                     5.0M     0  5.0M   0% /run/lock
tmpfs                     3.9G     0  3.9G   0% /sys/fs/cgroup
/dev/sda1                 361M   59M  280M  18% /boot
/dev/mapper/vg0-motadata   39G   16G   21G  43% /motadata
tmpfs                     799M     0  799M   0% /run/user/0


172.16.8.182 - checking channel connection...
172.16.8.182 - command output -> 
Linux 4.4.0-131-generic (ubuntu) 	02/11/2022 	_x86_64_	(4 CPU)

avg-cpu:  %user   %nice %system %iowait  %steal   %idle
          26.32    0.00    1.34    0.90    0.00   71.45

Device:            tps    kB_read/s    kB_wrtn/s    kB_read    kB_wrtn
loop0             0.00         0.00         0.00          5          0
sda               4.87        31.37       471.15   10676015  160338121
dm-0              2.42         4.02        14.79    1368909    5033744
dm-1              0.50         0.25         1.76      84780     600528
dm-2              5.90        27.07       454.59    9213288  154703796



successfully data re-inserted into tb_monitor, tb_discovery, tb_result & tb_dataDump table!
successfully data re-inserted into tb_monitor, tb_discovery, tb_result & tb_dataDump table!
successfully data re-inserted into tb_monitor, tb_discovery, tb_result & tb_dataDump table!
successfully data re-inserted into tb_monitor, tb_discovery, tb_result & tb_dataDump table!
successfully data re-inserted into tb_monitor, tb_discovery, tb_result & tb_dataDump table!
connected to 172.16.8.182
172.16.8.182 - checking channel connection...
172.16.8.182 - command output -> 
Linux ubuntu 4.4.0-131-generic #157-Ubuntu SMP Thu Jul 12 15:51:36 UTC 2018 x86_64 x86_64 x86_64 GNU/Linux


172.16.8.182 - checking channel connection...
172.16.8.182 - command output -> 
              total        used        free      shared  buff/cache   available
Mem:        8174812     5710480      173828       57192     2290504     2086976
Swap:       7999484      155072     7844412


172.16.8.182 - checking channel connection...
172.16.8.182 - command output -> 
Filesystem                Size  Used Avail Use% Mounted on
udev                      3.9G     0  3.9G   0% /dev
tmpfs                     799M   82M  717M  11% /run
/dev/mapper/vg0-root       14G  5.2G  8.2G  39% /
tmpfs                     3.9G     0  3.9G   0% /dev/shm
tmpfs                     5.0M     0  5.0M   0% /run/lock
tmpfs                     3.9G     0  3.9G   0% /sys/fs/cgroup
/dev/sda1                 361M   59M  280M  18% /boot
/dev/mapper/vg0-motadata   39G   16G   21G  43% /motadata
tmpfs                     799M     0  799M   0% /run/user/0


172.16.8.182 - checking channel connection...
172.16.8.182 - command output -> 
Linux 4.4.0-131-generic (ubuntu) 	02/11/2022 	_x86_64_	(4 CPU)

avg-cpu:  %user   %nice %system %iowait  %steal   %idle
          26.32    0.00    1.34    0.90    0.00   71.45

Device:            tps    kB_read/s    kB_wrtn/s    kB_read    kB_wrtn
loop0             0.00         0.00         0.00          5          0
sda               4.87        31.37       471.13   10676015  160361281
dm-0              2.42         4.02        14.79    1368909    5034304
dm-1              0.50         0.25         1.76      84780     600528
dm-2              5.90        27.07       454.58    9213288  154726396



successfully data re-inserted into tb_monitor, tb_discovery, tb_result & tb_dataDump table!
successfully data re-inserted into tb_monitor, tb_discovery, tb_result & tb_dataDump table!
successfully data re-inserted into tb_monitor, tb_discovery, tb_result & tb_dataDump table!
successfully data re-inserted into tb_monitor, tb_discovery, tb_result & tb_dataDump table!
successfully data re-inserted into tb_monitor, tb_discovery, tb_result & tb_dataDump table!
connected to 172.16.8.182
172.16.8.182 - checking channel connection...
172.16.8.182 - command output -> 
Linux ubuntu 4.4.0-131-generic #157-Ubuntu SMP Thu Jul 12 15:51:36 UTC 2018 x86_64 x86_64 x86_64 GNU/Linux


172.16.8.182 - checking channel connection...
172.16.8.182 - command output -> 
              total        used        free      shared  buff/cache   available
Mem:        8174812     5712968      171376       57192     2290468     2084476
Swap:       7999484      155072     7844412


172.16.8.182 - checking channel connection...
172.16.8.182 - command output -> 
Filesystem                Size  Used Avail Use% Mounted on
udev                      3.9G     0  3.9G   0% /dev
tmpfs                     799M   82M  717M  11% /run
/dev/mapper/vg0-root       14G  5.2G  8.2G  39% /
tmpfs                     3.9G     0  3.9G   0% /dev/shm
tmpfs                     5.0M     0  5.0M   0% /run/lock
tmpfs                     3.9G     0  3.9G   0% /sys/fs/cgroup
/dev/sda1                 361M   59M  280M  18% /boot
/dev/mapper/vg0-motadata   39G   16G   21G  43% /motadata
tmpfs                     799M     0  799M   0% /run/user/0


172.16.8.182 - checking channel connection...
172.16.8.182 - command output -> 
Linux 4.4.0-131-generic (ubuntu) 	02/11/2022 	_x86_64_	(4 CPU)

avg-cpu:  %user   %nice %system %iowait  %steal   %idle
          26.32    0.00    1.34    0.90    0.00   71.45

Device:            tps    kB_read/s    kB_wrtn/s    kB_read    kB_wrtn
loop0             0.00         0.00         0.00          5          0
sda               4.87        31.36       471.12   10676015  160385685
dm-0              2.42         4.02        14.79    1368909    5035612
dm-1              0.50         0.25         1.76      84780     600528
dm-2              5.90        27.06       454.57    9213288  154749492



successfully data re-inserted into tb_monitor, tb_discovery, tb_result & tb_dataDump table!
successfully data re-inserted into tb_monitor, tb_discovery, tb_result & tb_dataDump table!
successfully data re-inserted into tb_monitor, tb_discovery, tb_result & tb_dataDump table!
successfully data re-inserted into tb_monitor, tb_discovery, tb_result & tb_dataDump table!
successfully data re-inserted into tb_monitor, tb_discovery, tb_result & tb_dataDump table!
connected to 172.16.8.182
172.16.8.182 - checking channel connection...
172.16.8.182 - command output -> 
Linux ubuntu 4.4.0-131-generic #157-Ubuntu SMP Thu Jul 12 15:51:36 UTC 2018 x86_64 x86_64 x86_64 GNU/Linux


172.16.8.182 - checking channel connection...
172.16.8.182 - command output -> 
              total        used        free      shared  buff/cache   available
Mem:        8174812     5712880      166208       57192     2295724     2084564
Swap:       7999484      155068     7844416


172.16.8.182 - checking channel connection...
172.16.8.182 - command output -> 
Filesystem                Size  Used Avail Use% Mounted on
udev                      3.9G     0  3.9G   0% /dev
tmpfs                     799M   82M  717M  11% /run
/dev/mapper/vg0-root       14G  5.2G  8.2G  39% /
tmpfs                     3.9G     0  3.9G   0% /dev/shm
tmpfs                     5.0M     0  5.0M   0% /run/lock
tmpfs                     3.9G     0  3.9G   0% /sys/fs/cgroup
/dev/sda1                 361M   59M  280M  18% /boot
/dev/mapper/vg0-motadata   39G   16G   21G  43% /motadata
tmpfs                     799M     0  799M   0% /run/user/0


172.16.8.182 - checking channel connection...
172.16.8.182 - command output -> 
Linux 4.4.0-131-generic (ubuntu) 	02/11/2022 	_x86_64_	(4 CPU)

avg-cpu:  %user   %nice %system %iowait  %steal   %idle
          26.32    0.00    1.34    0.90    0.00   71.45

Device:            tps    kB_read/s    kB_wrtn/s    kB_read    kB_wrtn
loop0             0.00         0.00         0.00          5          0
sda               4.87        31.35       471.20   10676043  160440573
dm-0              2.42         4.02        14.79    1368909    5036264
dm-1              0.50         0.25         1.76      84792     600528
dm-2              5.90        27.06       454.66    9213304  154807828



successfully data re-inserted into tb_monitor, tb_discovery, tb_result & tb_dataDump table!
successfully data re-inserted into tb_monitor, tb_discovery, tb_result & tb_dataDump table!
successfully data re-inserted into tb_monitor, tb_discovery, tb_result & tb_dataDump table!
successfully data re-inserted into tb_monitor, tb_discovery, tb_result & tb_dataDump table!
successfully data re-inserted into tb_monitor, tb_discovery, tb_result & tb_dataDump table!
connected to 172.16.8.182
172.16.8.182 - checking channel connection...
172.16.8.182 - command output -> 
Linux ubuntu 4.4.0-131-generic #157-Ubuntu SMP Thu Jul 12 15:51:36 UTC 2018 x86_64 x86_64 x86_64 GNU/Linux


172.16.8.182 - checking channel connection...
172.16.8.182 - command output -> 
              total        used        free      shared  buff/cache   available
Mem:        8174812     5711604      177056       57220     2286152     2085556
Swap:       7999484      155736     7843748


172.16.8.182 - checking channel connection...
172.16.8.182 - command output -> 
Filesystem                Size  Used Avail Use% Mounted on
udev                      3.9G     0  3.9G   0% /dev
tmpfs                     799M   82M  717M  11% /run
/dev/mapper/vg0-root       14G  5.2G  8.2G  39% /
tmpfs                     3.9G     0  3.9G   0% /dev/shm
tmpfs                     5.0M     0  5.0M   0% /run/lock
tmpfs                     3.9G     0  3.9G   0% /sys/fs/cgroup
/dev/sda1                 361M   59M  280M  18% /boot
/dev/mapper/vg0-motadata   39G   16G   21G  43% /motadata
tmpfs                     799M     0  799M   0% /run/user/0


172.16.8.182 - checking channel connection...
172.16.8.182 - command output -> 
Linux 4.4.0-131-generic (ubuntu) 	02/11/2022 	_x86_64_	(4 CPU)

avg-cpu:  %user   %nice %system %iowait  %steal   %idle
          26.32    0.00    1.34    0.90    0.00   71.45

Device:            tps    kB_read/s    kB_wrtn/s    kB_read    kB_wrtn
loop0             0.00         0.00         0.00          5          0
sda               4.87        31.35       471.18   10676043  160460681
dm-0              2.42         4.02        14.79    1368909    5036992
dm-1              0.50         0.25         1.77      84792     601196
dm-2              5.90        27.05       454.62    9213304  154822440



successfully data re-inserted into tb_monitor, tb_discovery, tb_result & tb_dataDump table!
successfully data re-inserted into tb_monitor, tb_discovery, tb_result & tb_dataDump table!
successfully data re-inserted into tb_monitor, tb_discovery, tb_result & tb_dataDump table!
successfully data re-inserted into tb_monitor, tb_discovery, tb_result & tb_dataDump table!
successfully data re-inserted into tb_monitor, tb_discovery, tb_result & tb_dataDump table!
connected to 172.16.8.182
172.16.8.182 - checking channel connection...
172.16.8.182 - command output -> 
Linux ubuntu 4.4.0-131-generic #157-Ubuntu SMP Thu Jul 12 15:51:36 UTC 2018 x86_64 x86_64 x86_64 GNU/Linux


172.16.8.182 - checking channel connection...
172.16.8.182 - command output -> 
              total        used        free      shared  buff/cache   available
Mem:        8174812     5710944      176396       57192     2287472     2086516
Swap:       7999484      155736     7843748


172.16.8.182 - checking channel connection...
172.16.8.182 - command output -> 
Filesystem                Size  Used Avail Use% Mounted on
udev                      3.9G     0  3.9G   0% /dev
tmpfs                     799M   82M  717M  11% /run
/dev/mapper/vg0-root       14G  5.2G  8.2G  39% /
tmpfs                     3.9G     0  3.9G   0% /dev/shm
tmpfs                     5.0M     0  5.0M   0% /run/lock
tmpfs                     3.9G     0  3.9G   0% /sys/fs/cgroup
/dev/sda1                 361M   59M  280M  18% /boot
/dev/mapper/vg0-motadata   39G   16G   21G  43% /motadata
tmpfs                     799M     0  799M   0% /run/user/0


172.16.8.182 - checking channel connection...
172.16.8.182 - command output -> 
Linux 4.4.0-131-generic (ubuntu) 	02/11/2022 	_x86_64_	(4 CPU)

avg-cpu:  %user   %nice %system %iowait  %steal   %idle
          26.32    0.00    1.34    0.90    0.00   71.45

Device:            tps    kB_read/s    kB_wrtn/s    kB_read    kB_wrtn
loop0             0.00         0.00         0.00          5          0
sda               4.87        31.34       471.17   10676059  160485077
dm-0              2.42         4.02        14.79    1368909    5037632
dm-1              0.50         0.25         1.77      84792     601196
dm-2              5.90        27.05       454.61    9213320  154846196



successfully data re-inserted into tb_monitor, tb_discovery, tb_result & tb_dataDump table!
successfully data re-inserted into tb_monitor, tb_discovery, tb_result & tb_dataDump table!
successfully data re-inserted into tb_monitor, tb_discovery, tb_result & tb_dataDump table!
successfully data re-inserted into tb_monitor, tb_discovery, tb_result & tb_dataDump table!
successfully data re-inserted into tb_monitor, tb_discovery, tb_result & tb_dataDump table!
connected to 172.16.8.182
172.16.8.182 - checking channel connection...
172.16.8.182 - command output -> 
Linux ubuntu 4.4.0-131-generic #157-Ubuntu SMP Thu Jul 12 15:51:36 UTC 2018 x86_64 x86_64 x86_64 GNU/Linux


172.16.8.182 - checking channel connection...
172.16.8.182 - command output -> 
              total        used        free      shared  buff/cache   available
Mem:        8174812     5710364      175852       57192     2288596     2087076
Swap:       7999484      155736     7843748


172.16.8.182 - checking channel connection...
172.16.8.182 - command output -> 
Filesystem                Size  Used Avail Use% Mounted on
udev                      3.9G     0  3.9G   0% /dev
tmpfs                     799M   82M  717M  11% /run
/dev/mapper/vg0-root       14G  5.2G  8.2G  39% /
tmpfs                     3.9G     0  3.9G   0% /dev/shm
tmpfs                     5.0M     0  5.0M   0% /run/lock
tmpfs                     3.9G     0  3.9G   0% /sys/fs/cgroup
/dev/sda1                 361M   59M  280M  18% /boot
/dev/mapper/vg0-motadata   39G   16G   21G  43% /motadata
tmpfs                     799M     0  799M   0% /run/user/0


172.16.8.182 - checking channel connection...
172.16.8.182 - command output -> 
Linux 4.4.0-131-generic (ubuntu) 	02/11/2022 	_x86_64_	(4 CPU)

avg-cpu:  %user   %nice %system %iowait  %steal   %idle
          26.32    0.00    1.34    0.90    0.00   71.45

Device:            tps    kB_read/s    kB_wrtn/s    kB_read    kB_wrtn
loop0             0.00         0.00         0.00          5          0
sda               4.87        31.34       471.15   10676059  160507517
dm-0              2.42         4.02        14.79    1368909    5038288
dm-1              0.50         0.25         1.76      84792     601196
dm-2              5.90        27.04       454.59    9213320  154867980



successfully data re-inserted into tb_monitor, tb_discovery, tb_result & tb_dataDump table!
successfully data re-inserted into tb_monitor, tb_discovery, tb_result & tb_dataDump table!
successfully data re-inserted into tb_monitor, tb_discovery, tb_result & tb_dataDump table!
successfully data re-inserted into tb_monitor, tb_discovery, tb_result & tb_dataDump table!
successfully data re-inserted into tb_monitor, tb_discovery, tb_result & tb_dataDump table!
connected to 172.16.8.182
172.16.8.182 - checking channel connection...
172.16.8.182 - command output -> 
Linux ubuntu 4.4.0-131-generic #157-Ubuntu SMP Thu Jul 12 15:51:36 UTC 2018 x86_64 x86_64 x86_64 GNU/Linux


172.16.8.182 - checking channel connection...
172.16.8.182 - command output -> 
              total        used        free      shared  buff/cache   available
Mem:        8174812     5711900      174604       57192     2288308     2085344
Swap:       7999484      155736     7843748


172.16.8.182 - checking channel connection...
172.16.8.182 - command output -> 
Filesystem                Size  Used Avail Use% Mounted on
udev                      3.9G     0  3.9G   0% /dev
tmpfs                     799M   82M  717M  11% /run
/dev/mapper/vg0-root       14G  5.2G  8.2G  39% /
tmpfs                     3.9G     0  3.9G   0% /dev/shm
tmpfs                     5.0M     0  5.0M   0% /run/lock
tmpfs                     3.9G     0  3.9G   0% /sys/fs/cgroup
/dev/sda1                 361M   59M  280M  18% /boot
/dev/mapper/vg0-motadata   39G   16G   21G  43% /motadata
tmpfs                     799M     0  799M   0% /run/user/0


172.16.8.182 - checking channel connection...
172.16.8.182 - command output -> 
Linux 4.4.0-131-generic (ubuntu) 	02/11/2022 	_x86_64_	(4 CPU)

avg-cpu:  %user   %nice %system %iowait  %steal   %idle
          26.32    0.00    1.34    0.90    0.00   71.45

Device:            tps    kB_read/s    kB_wrtn/s    kB_read    kB_wrtn
loop0             0.00         0.00         0.00          5          0
sda               4.87        31.33       471.13   10676059  160529641
dm-0              2.42         4.02        14.79    1368909    5038936
dm-1              0.50         0.25         1.76      84792     601196
dm-2              5.90        27.04       454.58    9213320  154889456



successfully data re-inserted into tb_monitor, tb_discovery, tb_result & tb_dataDump table!
successfully data re-inserted into tb_monitor, tb_discovery, tb_result & tb_dataDump table!
successfully data re-inserted into tb_monitor, tb_discovery, tb_result & tb_dataDump table!
successfully data re-inserted into tb_monitor, tb_discovery, tb_result & tb_dataDump table!
successfully data re-inserted into tb_monitor, tb_discovery, tb_result & tb_dataDump table!
connected to 172.16.8.182
172.16.8.182 - checking channel connection...
172.16.8.182 - command output -> 
Linux ubuntu 4.4.0-131-generic #157-Ubuntu SMP Thu Jul 12 15:51:36 UTC 2018 x86_64 x86_64 x86_64 GNU/Linux


172.16.8.182 - checking channel connection...
172.16.8.182 - command output -> 
              total        used        free      shared  buff/cache   available
Mem:        8174812     5709672      171952       57192     2293188     2087600
Swap:       7999484      155736     7843748


172.16.8.182 - checking channel connection...
172.16.8.182 - command output -> 
Filesystem                Size  Used Avail Use% Mounted on
udev                      3.9G     0  3.9G   0% /dev
tmpfs                     799M   82M  717M  11% /run
/dev/mapper/vg0-root       14G  5.2G  8.2G  39% /
tmpfs                     3.9G     0  3.9G   0% /dev/shm
tmpfs                     5.0M     0  5.0M   0% /run/lock
tmpfs                     3.9G     0  3.9G   0% /sys/fs/cgroup
/dev/sda1                 361M   59M  280M  18% /boot
/dev/mapper/vg0-motadata   39G   16G   21G  43% /motadata
tmpfs                     799M     0  799M   0% /run/user/0


172.16.8.182 - checking channel connection...
172.16.8.182 - command output -> 
Linux 4.4.0-131-generic (ubuntu) 	02/11/2022 	_x86_64_	(4 CPU)

avg-cpu:  %user   %nice %system %iowait  %steal   %idle
          26.32    0.00    1.34    0.90    0.00   71.45

Device:            tps    kB_read/s    kB_wrtn/s    kB_read    kB_wrtn
loop0             0.00         0.00         0.00          5          0
sda               4.87        31.33       471.20   10676767  160580989
dm-0              2.42         4.02        14.79    1368909    5039640
dm-1              0.50         0.25         1.76      84792     601196
dm-2              5.90        27.04       454.65    9214028  154940100



successfully data re-inserted into tb_monitor, tb_discovery, tb_result & tb_dataDump table!
successfully data re-inserted into tb_monitor, tb_discovery, tb_result & tb_dataDump table!
successfully data re-inserted into tb_monitor, tb_discovery, tb_result & tb_dataDump table!
successfully data re-inserted into tb_monitor, tb_discovery, tb_result & tb_dataDump table!
successfully data re-inserted into tb_monitor, tb_discovery, tb_result & tb_dataDump table!
connected to 172.16.8.182
172.16.8.182 - checking channel connection...
172.16.8.182 - command output -> 
Linux ubuntu 4.4.0-131-generic #157-Ubuntu SMP Thu Jul 12 15:51:36 UTC 2018 x86_64 x86_64 x86_64 GNU/Linux


172.16.8.182 - checking channel connection...
172.16.8.182 - command output -> 
              total        used        free      shared  buff/cache   available
Mem:        8174812     5708624      173936       57192     2292252     2088468
Swap:       7999484      155736     7843748


172.16.8.182 - checking channel connection...
172.16.8.182 - command output -> 
Filesystem                Size  Used Avail Use% Mounted on
udev                      3.9G     0  3.9G   0% /dev
tmpfs                     799M   82M  717M  11% /run
/dev/mapper/vg0-root       14G  5.2G  8.2G  39% /
tmpfs                     3.9G     0  3.9G   0% /dev/shm
tmpfs                     5.0M     0  5.0M   0% /run/lock
tmpfs                     3.9G     0  3.9G   0% /sys/fs/cgroup
/dev/sda1                 361M   59M  280M  18% /boot
/dev/mapper/vg0-motadata   39G   16G   21G  43% /motadata
tmpfs                     799M     0  799M   0% /run/user/0


172.16.8.182 - checking channel connection...
172.16.8.182 - command output -> 
Linux 4.4.0-131-generic (ubuntu) 	02/11/2022 	_x86_64_	(4 CPU)

avg-cpu:  %user   %nice %system %iowait  %steal   %idle
          26.32    0.00    1.34    0.90    0.00   71.45

Device:            tps    kB_read/s    kB_wrtn/s    kB_read    kB_wrtn
loop0             0.00         0.00         0.00          5          0
sda               4.87        31.32       471.19   10676767  160606969
dm-0              2.42         4.02        14.79    1368909    5040320
dm-1              0.50         0.25         1.76      84792     601196
dm-2              5.90        27.03       454.64    9214028  154965400



successfully data re-inserted into tb_monitor, tb_discovery, tb_result & tb_dataDump table!
successfully data re-inserted into tb_monitor, tb_discovery, tb_result & tb_dataDump table!
successfully data re-inserted into tb_monitor, tb_discovery, tb_result & tb_dataDump table!
successfully data re-inserted into tb_monitor, tb_discovery, tb_result & tb_dataDump table!
successfully data re-inserted into tb_monitor, tb_discovery, tb_result & tb_dataDump table!
connected to 172.16.8.182
172.16.8.182 - checking channel connection...
172.16.8.182 - command output -> 
Linux ubuntu 4.4.0-131-generic #157-Ubuntu SMP Thu Jul 12 15:51:36 UTC 2018 x86_64 x86_64 x86_64 GNU/Linux


172.16.8.182 - checking channel connection...
172.16.8.182 - command output -> 
              total        used        free      shared  buff/cache   available
Mem:        8174812     5710492      171324       57192     2292996     2086920
Swap:       7999484      155736     7843748


172.16.8.182 - checking channel connection...
172.16.8.182 - command output -> 
Filesystem                Size  Used Avail Use% Mounted on
udev                      3.9G     0  3.9G   0% /dev
tmpfs                     799M   82M  717M  11% /run
/dev/mapper/vg0-root       14G  5.2G  8.2G  39% /
tmpfs                     3.9G     0  3.9G   0% /dev/shm
tmpfs                     5.0M     0  5.0M   0% /run/lock
tmpfs                     3.9G     0  3.9G   0% /sys/fs/cgroup
/dev/sda1                 361M   59M  280M  18% /boot
/dev/mapper/vg0-motadata   39G   16G   21G  43% /motadata
tmpfs                     799M     0  799M   0% /run/user/0


172.16.8.182 - checking channel connection...
172.16.8.182 - command output -> 
Linux 4.4.0-131-generic (ubuntu) 	02/11/2022 	_x86_64_	(4 CPU)

avg-cpu:  %user   %nice %system %iowait  %steal   %idle
          26.32    0.00    1.34    0.90    0.00   71.45

Device:            tps    kB_read/s    kB_wrtn/s    kB_read    kB_wrtn
loop0             0.00         0.00         0.00          5          0
sda               4.87        31.32       471.17   10676767  160629373
dm-0              2.42         4.02        14.79    1368909    5041000
dm-1              0.50         0.25         1.76      84792     601196
dm-2              5.90        27.03       454.62    9214028  154987124



successfully data re-inserted into tb_monitor, tb_discovery, tb_result & tb_dataDump table!
successfully data re-inserted into tb_monitor, tb_discovery, tb_result & tb_dataDump table!
successfully data re-inserted into tb_monitor, tb_discovery, tb_result & tb_dataDump table!
successfully data re-inserted into tb_monitor, tb_discovery, tb_result & tb_dataDump table!
successfully data re-inserted into tb_monitor, tb_discovery, tb_result & tb_dataDump table!
connected to 172.16.8.182
172.16.8.182 - checking channel connection...
172.16.8.182 - command output -> 
Linux ubuntu 4.4.0-131-generic #157-Ubuntu SMP Thu Jul 12 15:51:36 UTC 2018 x86_64 x86_64 x86_64 GNU/Linux


172.16.8.182 - checking channel connection...
172.16.8.182 - command output -> 
              total        used        free      shared  buff/cache   available
Mem:        8174812     5715228      174992       57192     2284592     2082188
Swap:       7999484      156088     7843396


172.16.8.182 - checking channel connection...
172.16.8.182 - command output -> 
Filesystem                Size  Used Avail Use% Mounted on
udev                      3.9G     0  3.9G   0% /dev
tmpfs                     799M   82M  717M  11% /run
/dev/mapper/vg0-root       14G  5.2G  8.2G  39% /
tmpfs                     3.9G     0  3.9G   0% /dev/shm
tmpfs                     5.0M     0  5.0M   0% /run/lock
tmpfs                     3.9G     0  3.9G   0% /sys/fs/cgroup
/dev/sda1                 361M   59M  280M  18% /boot
/dev/mapper/vg0-motadata   39G   16G   21G  43% /motadata
tmpfs                     799M     0  799M   0% /run/user/0


172.16.8.182 - checking channel connection...
172.16.8.182 - command output -> 
Linux 4.4.0-131-generic (ubuntu) 	02/11/2022 	_x86_64_	(4 CPU)

avg-cpu:  %user   %nice %system %iowait  %steal   %idle
          26.32    0.00    1.34    0.90    0.00   71.45

Device:            tps    kB_read/s    kB_wrtn/s    kB_read    kB_wrtn
loop0             0.00         0.00         0.00          5          0
sda               4.87        31.32       471.16   10677759  160654117
dm-0              2.42         4.01        14.79    1368909    5041636
dm-1              0.50         0.25         1.76      84792     601548
dm-2              5.90        27.03       454.61    9215020  155010880



successfully data re-inserted into tb_monitor, tb_discovery, tb_result & tb_dataDump table!
successfully data re-inserted into tb_monitor, tb_discovery, tb_result & tb_dataDump table!
successfully data re-inserted into tb_monitor, tb_discovery, tb_result & tb_dataDump table!
successfully data re-inserted into tb_monitor, tb_discovery, tb_result & tb_dataDump table!
successfully data re-inserted into tb_monitor, tb_discovery, tb_result & tb_dataDump table!
connected to 172.16.8.182
172.16.8.182 - checking channel connection...
172.16.8.182 - command output -> 
Linux ubuntu 4.4.0-131-generic #157-Ubuntu SMP Thu Jul 12 15:51:36 UTC 2018 x86_64 x86_64 x86_64 GNU/Linux


172.16.8.182 - checking channel connection...
172.16.8.182 - command output -> 
              total        used        free      shared  buff/cache   available
Mem:        8174812     5712844      187444       57192     2274524     2084652
Swap:       7999484      156336     7843148


172.16.8.182 - checking channel connection...
172.16.8.182 - command output -> 
Filesystem                Size  Used Avail Use% Mounted on
udev                      3.9G     0  3.9G   0% /dev
tmpfs                     799M   82M  717M  11% /run
/dev/mapper/vg0-root       14G  5.2G  8.2G  39% /
tmpfs                     3.9G     0  3.9G   0% /dev/shm
tmpfs                     5.0M     0  5.0M   0% /run/lock
tmpfs                     3.9G     0  3.9G   0% /sys/fs/cgroup
/dev/sda1                 361M   59M  280M  18% /boot
/dev/mapper/vg0-motadata   39G   16G   21G  43% /motadata
tmpfs                     799M     0  799M   0% /run/user/0


172.16.8.182 - checking channel connection...
172.16.8.182 - command output -> 
Linux 4.4.0-131-generic (ubuntu) 	02/11/2022 	_x86_64_	(4 CPU)

avg-cpu:  %user   %nice %system %iowait  %steal   %idle
          26.32    0.00    1.34    0.90    0.00   71.45

Device:            tps    kB_read/s    kB_wrtn/s    kB_read    kB_wrtn
loop0             0.00         0.00         0.00          5          0
sda               4.87        31.31       471.16   10677759  160681313
dm-0              2.42         4.01        14.79    1368909    5042500
dm-1              0.50         0.25         1.76      84792     601796
dm-2              5.90        27.02       454.61    9215020  155036964



successfully data re-inserted into tb_monitor, tb_discovery, tb_result & tb_dataDump table!
successfully data re-inserted into tb_monitor, tb_discovery, tb_result & tb_dataDump table!
successfully data re-inserted into tb_monitor, tb_discovery, tb_result & tb_dataDump table!
successfully data re-inserted into tb_monitor, tb_discovery, tb_result & tb_dataDump table!
successfully data re-inserted into tb_monitor, tb_discovery, tb_result & tb_dataDump table!
connected to 172.16.8.182
172.16.8.182 - checking channel connection...
172.16.8.182 - command output -> 
Linux ubuntu 4.4.0-131-generic #157-Ubuntu SMP Thu Jul 12 15:51:36 UTC 2018 x86_64 x86_64 x86_64 GNU/Linux


172.16.8.182 - checking channel connection...
172.16.8.182 - command output -> 
              total        used        free      shared  buff/cache   available
Mem:        8174812     5711788      183796       57192     2279228     2085712
Swap:       7999484      156336     7843148


172.16.8.182 - checking channel connection...
172.16.8.182 - command output -> 
Filesystem                Size  Used Avail Use% Mounted on
udev                      3.9G     0  3.9G   0% /dev
tmpfs                     799M   82M  717M  11% /run
/dev/mapper/vg0-root       14G  5.2G  8.2G  39% /
tmpfs                     3.9G     0  3.9G   0% /dev/shm
tmpfs                     5.0M     0  5.0M   0% /run/lock
tmpfs                     3.9G     0  3.9G   0% /sys/fs/cgroup
/dev/sda1                 361M   59M  280M  18% /boot
/dev/mapper/vg0-motadata   39G   16G   21G  43% /motadata
tmpfs                     799M     0  799M   0% /run/user/0


172.16.8.182 - checking channel connection...
172.16.8.182 - command output -> 
Linux 4.4.0-131-generic (ubuntu) 	02/11/2022 	_x86_64_	(4 CPU)

avg-cpu:  %user   %nice %system %iowait  %steal   %idle
          26.32    0.00    1.34    0.90    0.00   71.45

Device:            tps    kB_read/s    kB_wrtn/s    kB_read    kB_wrtn
loop0             0.00         0.00         0.00          5          0
sda               4.87        31.30       471.24   10677759  160735461
dm-0              2.42         4.01        14.79    1368909    5043212
dm-1              0.50         0.25         1.76      84792     601796
dm-2              5.90        27.02       454.69    9215020  155090400



successfully data re-inserted into tb_monitor, tb_discovery, tb_result & tb_dataDump table!
successfully data re-inserted into tb_monitor, tb_discovery, tb_result & tb_dataDump table!
successfully data re-inserted into tb_monitor, tb_discovery, tb_result & tb_dataDump table!
successfully data re-inserted into tb_monitor, tb_discovery, tb_result & tb_dataDump table!
successfully data re-inserted into tb_monitor, tb_discovery, tb_result & tb_dataDump table!
connected to 172.16.8.182
172.16.8.182 - checking channel connection...
172.16.8.182 - command output -> 
Linux ubuntu 4.4.0-131-generic #157-Ubuntu SMP Thu Jul 12 15:51:36 UTC 2018 x86_64 x86_64 x86_64 GNU/Linux


172.16.8.182 - checking channel connection...
172.16.8.182 - command output -> 
              total        used        free      shared  buff/cache   available
Mem:        8174812     5710132      184084       57192     2280596     2087136
Swap:       7999484      156336     7843148


172.16.8.182 - checking channel connection...
172.16.8.182 - command output -> 
Filesystem                Size  Used Avail Use% Mounted on
udev                      3.9G     0  3.9G   0% /dev
tmpfs                     799M   82M  717M  11% /run
/dev/mapper/vg0-root       14G  5.2G  8.2G  39% /
tmpfs                     3.9G     0  3.9G   0% /dev/shm
tmpfs                     5.0M     0  5.0M   0% /run/lock
tmpfs                     3.9G     0  3.9G   0% /sys/fs/cgroup
/dev/sda1                 361M   59M  280M  18% /boot
/dev/mapper/vg0-motadata   39G   16G   21G  43% /motadata
tmpfs                     799M     0  799M   0% /run/user/0


172.16.8.182 - checking channel connection...
172.16.8.182 - command output -> 
Linux 4.4.0-131-generic (ubuntu) 	02/11/2022 	_x86_64_	(4 CPU)

avg-cpu:  %user   %nice %system %iowait  %steal   %idle
          26.32    0.00    1.34    0.90    0.00   71.45

Device:            tps    kB_read/s    kB_wrtn/s    kB_read    kB_wrtn
loop0             0.00         0.00         0.00          5          0
sda               4.87        31.30       471.23   10677759  160760841
dm-0              2.42         4.01        14.79    1368909    5043964
dm-1              0.50         0.25         1.76      84792     601796
dm-2              5.90        27.01       454.68    9215020  155115028



successfully data re-inserted into tb_monitor, tb_discovery, tb_result & tb_dataDump table!
successfully data re-inserted into tb_monitor, tb_discovery, tb_result & tb_dataDump table!
successfully data re-inserted into tb_monitor, tb_discovery, tb_result & tb_dataDump table!
successfully data re-inserted into tb_monitor, tb_discovery, tb_result & tb_dataDump table!
successfully data re-inserted into tb_monitor, tb_discovery, tb_result & tb_dataDump table!
connected to 172.16.8.182
172.16.8.182 - checking channel connection...
172.16.8.182 - command output -> 
Linux ubuntu 4.4.0-131-generic #157-Ubuntu SMP Thu Jul 12 15:51:36 UTC 2018 x86_64 x86_64 x86_64 GNU/Linux


172.16.8.182 - checking channel connection...
172.16.8.182 - command output -> 
              total        used        free      shared  buff/cache   available
Mem:        8174812     5712912      179352       57192     2282548     2084664
Swap:       7999484      156336     7843148


172.16.8.182 - checking channel connection...
172.16.8.182 - command output -> 
Filesystem                Size  Used Avail Use% Mounted on
udev                      3.9G     0  3.9G   0% /dev
tmpfs                     799M   82M  717M  11% /run
/dev/mapper/vg0-root       14G  5.2G  8.2G  39% /
tmpfs                     3.9G     0  3.9G   0% /dev/shm
tmpfs                     5.0M     0  5.0M   0% /run/lock
tmpfs                     3.9G     0  3.9G   0% /sys/fs/cgroup
/dev/sda1                 361M   59M  280M  18% /boot
/dev/mapper/vg0-motadata   39G   16G   21G  43% /motadata
tmpfs                     799M     0  799M   0% /run/user/0


172.16.8.182 - checking channel connection...
172.16.8.182 - command output -> 
Linux 4.4.0-131-generic (ubuntu) 	02/11/2022 	_x86_64_	(4 CPU)

avg-cpu:  %user   %nice %system %iowait  %steal   %idle
          26.32    0.00    1.34    0.90    0.00   71.45

Device:            tps    kB_read/s    kB_wrtn/s    kB_read    kB_wrtn
loop0             0.00         0.00         0.00          5          0
sda               4.87        31.29       471.21   10677759  160784365
dm-0              2.42         4.01        14.78    1368909    5044740
dm-1              0.50         0.25         1.76      84792     601796
dm-2              5.90        27.01       454.67    9215020  155137776



successfully data re-inserted into tb_monitor, tb_discovery, tb_result & tb_dataDump table!
successfully data re-inserted into tb_monitor, tb_discovery, tb_result & tb_dataDump table!
successfully data re-inserted into tb_monitor, tb_discovery, tb_result & tb_dataDump table!
successfully data re-inserted into tb_monitor, tb_discovery, tb_result & tb_dataDump table!
successfully data re-inserted into tb_monitor, tb_discovery, tb_result & tb_dataDump table!
connected to 172.16.8.182
172.16.8.182 - checking channel connection...
172.16.8.182 - command output -> 
Linux ubuntu 4.4.0-131-generic #157-Ubuntu SMP Thu Jul 12 15:51:36 UTC 2018 x86_64 x86_64 x86_64 GNU/Linux


172.16.8.182 - checking channel connection...
172.16.8.182 - command output -> 
              total        used        free      shared  buff/cache   available
Mem:        8174812     5712504      178368       57192     2283940     2085008
Swap:       7999484      156336     7843148


172.16.8.182 - checking channel connection...
172.16.8.182 - command output -> 
Filesystem                Size  Used Avail Use% Mounted on
udev                      3.9G     0  3.9G   0% /dev
tmpfs                     799M   82M  717M  11% /run
/dev/mapper/vg0-root       14G  5.2G  8.2G  39% /
tmpfs                     3.9G     0  3.9G   0% /dev/shm
tmpfs                     5.0M     0  5.0M   0% /run/lock
tmpfs                     3.9G     0  3.9G   0% /sys/fs/cgroup
/dev/sda1                 361M   59M  280M  18% /boot
/dev/mapper/vg0-motadata   39G   16G   21G  43% /motadata
tmpfs                     799M     0  799M   0% /run/user/0


172.16.8.182 - checking channel connection...
172.16.8.182 - command output -> 
Linux 4.4.0-131-generic (ubuntu) 	02/11/2022 	_x86_64_	(4 CPU)

avg-cpu:  %user   %nice %system %iowait  %steal   %idle
          26.32    0.00    1.34    0.90    0.00   71.45

Device:            tps    kB_read/s    kB_wrtn/s    kB_read    kB_wrtn
loop0             0.00         0.00         0.00          5          0
sda               4.87        31.29       471.17   10677759  160797229
dm-0              2.42         4.01        14.78    1368909    5045340
dm-1              0.50         0.25         1.76      84792     601796
dm-2              5.90        27.00       454.62    9215020  155150040



successfully data re-inserted into tb_monitor, tb_discovery, tb_result & tb_dataDump table!
successfully data re-inserted into tb_monitor, tb_discovery, tb_result & tb_dataDump table!
successfully data re-inserted into tb_monitor, tb_discovery, tb_result & tb_dataDump table!
successfully data re-inserted into tb_monitor, tb_discovery, tb_result & tb_dataDump table!
successfully data re-inserted into tb_monitor, tb_discovery, tb_result & tb_dataDump table!
connected to 172.16.8.182
172.16.8.182 - checking channel connection...
172.16.8.182 - command output -> 
Linux ubuntu 4.4.0-131-generic #157-Ubuntu SMP Thu Jul 12 15:51:36 UTC 2018 x86_64 x86_64 x86_64 GNU/Linux


172.16.8.182 - checking channel connection...
172.16.8.182 - command output -> 
              total        used        free      shared  buff/cache   available
Mem:        8174812     5713928      177492       57192     2283392     2083628
Swap:       7999484      156336     7843148


172.16.8.182 - checking channel connection...
172.16.8.182 - command output -> 
Filesystem                Size  Used Avail Use% Mounted on
udev                      3.9G     0  3.9G   0% /dev
tmpfs                     799M   82M  717M  11% /run
/dev/mapper/vg0-root       14G  5.2G  8.2G  39% /
tmpfs                     3.9G     0  3.9G   0% /dev/shm
tmpfs                     5.0M     0  5.0M   0% /run/lock
tmpfs                     3.9G     0  3.9G   0% /sys/fs/cgroup
/dev/sda1                 361M   59M  280M  18% /boot
/dev/mapper/vg0-motadata   39G   16G   21G  43% /motadata
tmpfs                     799M     0  799M   0% /run/user/0


172.16.8.182 - checking channel connection...
172.16.8.182 - command output -> 
Linux 4.4.0-131-generic (ubuntu) 	02/11/2022 	_x86_64_	(4 CPU)

avg-cpu:  %user   %nice %system %iowait  %steal   %idle
          26.32    0.00    1.34    0.90    0.00   71.45

Device:            tps    kB_read/s    kB_wrtn/s    kB_read    kB_wrtn
loop0             0.00         0.00         0.00          5          0
sda               4.87        31.28       471.15   10677759  160820461
dm-0              2.42         4.01        14.78    1368909    5046184
dm-1              0.50         0.25         1.76      84792     601796
dm-2              5.90        27.00       454.61    9215020  155172428



successfully data re-inserted into tb_monitor, tb_discovery, tb_result & tb_dataDump table!
successfully data re-inserted into tb_monitor, tb_discovery, tb_result & tb_dataDump table!
successfully data re-inserted into tb_monitor, tb_discovery, tb_result & tb_dataDump table!
successfully data re-inserted into tb_monitor, tb_discovery, tb_result & tb_dataDump table!
successfully data re-inserted into tb_monitor, tb_discovery, tb_result & tb_dataDump table!
connected to 172.16.8.182
172.16.8.182 - checking channel connection...
172.16.8.182 - command output -> 
Linux ubuntu 4.4.0-131-generic #157-Ubuntu SMP Thu Jul 12 15:51:36 UTC 2018 x86_64 x86_64 x86_64 GNU/Linux


172.16.8.182 - checking channel connection...
172.16.8.182 - command output -> 
              total        used        free      shared  buff/cache   available
Mem:        8174812     5708864      176940       57192     2289008     2088648
Swap:       7999484      156336     7843148


172.16.8.182 - checking channel connection...
172.16.8.182 - command output -> 
Filesystem                Size  Used Avail Use% Mounted on
udev                      3.9G     0  3.9G   0% /dev
tmpfs                     799M   82M  717M  11% /run
/dev/mapper/vg0-root       14G  5.2G  8.2G  39% /
tmpfs                     3.9G     0  3.9G   0% /dev/shm
