successfully data re-inserted into tb_monitor, tb_discovery, tb_result & tb_dataDump table!
successfully data re-inserted into tb_monitor, tb_discovery, tb_result & tb_dataDump table!
connected to 172.16.8.182
172.16.8.182 - checking channel connection...
172.16.8.182 - command output -> 
Linux ubuntu 4.4.0-131-generic #157-Ubuntu SMP Thu Jul 12 15:51:36 UTC 2018 x86_64 x86_64 x86_64 GNU/Linux


172.16.8.182 - checking channel connection...
172.16.8.182 - command output -> 
              total        used        free      shared  buff/cache   available
Mem:        8174812     5721088      189124       72488     2264600     2046172
Swap:       7999484      182240     7817244


172.16.8.182 - checking channel connection...
172.16.8.182 - command output -> 
Filesystem                Size  Used Avail Use% Mounted on
udev                      3.9G     0  3.9G   0% /dev
tmpfs                     799M   82M  717M  11% /run
/dev/mapper/vg0-root       14G  5.2G  8.1G  40% /
tmpfs                     3.9G     0  3.9G   0% /dev/shm
tmpfs                     5.0M     0  5.0M   0% /run/lock
tmpfs                     3.9G     0  3.9G   0% /sys/fs/cgroup
/dev/sda1                 361M   59M  280M  18% /boot
/dev/mapper/vg0-motadata   39G   16G   21G  44% /motadata
tmpfs                     799M     0  799M   0% /run/user/0


172.16.8.182 - checking channel connection...
172.16.8.182 - command output -> 
Linux 4.4.0-131-generic (ubuntu) 	02/12/2022 	_x86_64_	(4 CPU)

avg-cpu:  %user   %nice %system %iowait  %steal   %idle
          26.31    0.00    1.34    0.88    0.00   71.47

Device:            tps    kB_read/s    kB_wrtn/s    kB_read    kB_wrtn
loop0             0.00         0.00         0.00          5          0
sda               4.76        25.60       465.89   10815483  196834221
dm-0              2.38         3.45        14.25    1457489    6019932
dm-1              0.45         0.21         1.60      88512     677212
dm-2              5.76        21.92       450.04    9260444  190137024



successfully data re-inserted into tb_monitor, tb_discovery, tb_result & tb_dataDump table!
successfully data re-inserted into tb_monitor, tb_discovery, tb_result & tb_dataDump table!
successfully data re-inserted into tb_monitor, tb_discovery, tb_result & tb_dataDump table!
successfully data re-inserted into tb_monitor, tb_discovery, tb_result & tb_dataDump table!
successfully data re-inserted into tb_monitor, tb_discovery, tb_result & tb_dataDump table!
connected to 172.16.8.182
172.16.8.182 - checking channel connection...
172.16.8.182 - command output -> 
Linux ubuntu 4.4.0-131-generic #157-Ubuntu SMP Thu Jul 12 15:51:36 UTC 2018 x86_64 x86_64 x86_64 GNU/Linux


172.16.8.182 - checking channel connection...
172.16.8.182 - command output -> 
              total        used        free      shared  buff/cache   available
Mem:        8174812     5724296      186312       72516     2264204     2043032
Swap:       7999484      182240     7817244


172.16.8.182 - checking channel connection...
172.16.8.182 - command output -> 
Filesystem                Size  Used Avail Use% Mounted on
udev                      3.9G     0  3.9G   0% /dev
tmpfs                     799M   82M  717M  11% /run
/dev/mapper/vg0-root       14G  5.2G  8.1G  40% /
tmpfs                     3.9G     0  3.9G   0% /dev/shm
tmpfs                     5.0M     0  5.0M   0% /run/lock
tmpfs                     3.9G     0  3.9G   0% /sys/fs/cgroup
/dev/sda1                 361M   59M  280M  18% /boot
/dev/mapper/vg0-motadata   39G   16G   21G  44% /motadata
tmpfs                     799M     0  799M   0% /run/user/0


172.16.8.182 - checking channel connection...
172.16.8.182 - command output -> 
Linux 4.4.0-131-generic (ubuntu) 	02/12/2022 	_x86_64_	(4 CPU)

avg-cpu:  %user   %nice %system %iowait  %steal   %idle
          26.31    0.00    1.34    0.88    0.00   71.47

Device:            tps    kB_read/s    kB_wrtn/s    kB_read    kB_wrtn
loop0             0.00         0.00         0.00          5          0
sda               4.76        25.60       465.87   10815499  196853293
dm-0              2.38         3.45        14.25    1457489    6020504
dm-1              0.45         0.21         1.60      88512     677212
dm-2              5.76        21.92       450.02    9260460  190155524



successfully data re-inserted into tb_monitor, tb_discovery, tb_result & tb_dataDump table!
successfully data re-inserted into tb_monitor, tb_discovery, tb_result & tb_dataDump table!
successfully data re-inserted into tb_monitor, tb_discovery, tb_result & tb_dataDump table!
successfully data re-inserted into tb_monitor, tb_discovery, tb_result & tb_dataDump table!
successfully data re-inserted into tb_monitor, tb_discovery, tb_result & tb_dataDump table!
connected to 172.16.8.182
172.16.8.182 - checking channel connection...
172.16.8.182 - command output -> 
Linux ubuntu 4.4.0-131-generic #157-Ubuntu SMP Thu Jul 12 15:51:36 UTC 2018 x86_64 x86_64 x86_64 GNU/Linux


172.16.8.182 - checking channel connection...
172.16.8.182 - command output -> 
              total        used        free      shared  buff/cache   available
Mem:        8174812     5726580      186140       72516     2262092     2040696
Swap:       7999484      182240     7817244


172.16.8.182 - checking channel connection...
172.16.8.182 - command output -> 
Filesystem                Size  Used Avail Use% Mounted on
udev                      3.9G     0  3.9G   0% /dev
tmpfs                     799M   82M  717M  11% /run
/dev/mapper/vg0-root       14G  5.2G  8.1G  40% /
tmpfs                     3.9G     0  3.9G   0% /dev/shm
tmpfs                     5.0M     0  5.0M   0% /run/lock
tmpfs                     3.9G     0  3.9G   0% /sys/fs/cgroup
/dev/sda1                 361M   59M  280M  18% /boot
/dev/mapper/vg0-motadata   39G   16G   21G  44% /motadata
tmpfs                     799M     0  799M   0% /run/user/0


172.16.8.182 - checking channel connection...
172.16.8.182 - command output -> 
Linux 4.4.0-131-generic (ubuntu) 	02/12/2022 	_x86_64_	(4 CPU)

avg-cpu:  %user   %nice %system %iowait  %steal   %idle
          26.31    0.00    1.34    0.88    0.00   71.47

Device:            tps    kB_read/s    kB_wrtn/s    kB_read    kB_wrtn
loop0             0.00         0.00         0.00          5          0
sda               4.76        25.59       465.85   10815499  196873845
dm-0              2.38         3.45        14.25    1457489    6021292
dm-1              0.45         0.21         1.60      88512     677212
dm-2              5.76        21.91       450.00    9260460  190175288



successfully data re-inserted into tb_monitor, tb_discovery, tb_result & tb_dataDump table!
successfully data re-inserted into tb_monitor, tb_discovery, tb_result & tb_dataDump table!
successfully data re-inserted into tb_monitor, tb_discovery, tb_result & tb_dataDump table!
successfully data re-inserted into tb_monitor, tb_discovery, tb_result & tb_dataDump table!
successfully data re-inserted into tb_monitor, tb_discovery, tb_result & tb_dataDump table!
connected to 172.16.8.182
172.16.8.182 - checking channel connection...
172.16.8.182 - command output -> 
Linux ubuntu 4.4.0-131-generic #157-Ubuntu SMP Thu Jul 12 15:51:36 UTC 2018 x86_64 x86_64 x86_64 GNU/Linux


172.16.8.182 - checking channel connection...
172.16.8.182 - command output -> 
              total        used        free      shared  buff/cache   available
Mem:        8174812     5725484      183564       72488     2265764     2041796
Swap:       7999484      182240     7817244


172.16.8.182 - checking channel connection...
172.16.8.182 - command output -> 
Filesystem                Size  Used Avail Use% Mounted on
udev                      3.9G     0  3.9G   0% /dev
tmpfs                     799M   82M  717M  11% /run
/dev/mapper/vg0-root       14G  5.2G  8.1G  40% /
tmpfs                     3.9G     0  3.9G   0% /dev/shm
tmpfs                     5.0M     0  5.0M   0% /run/lock
tmpfs                     3.9G     0  3.9G   0% /sys/fs/cgroup
/dev/sda1                 361M   59M  280M  18% /boot
/dev/mapper/vg0-motadata   39G   16G   21G  44% /motadata
tmpfs                     799M     0  799M   0% /run/user/0


172.16.8.182 - checking channel connection...
172.16.8.182 - command output -> 
Linux 4.4.0-131-generic (ubuntu) 	02/12/2022 	_x86_64_	(4 CPU)

avg-cpu:  %user   %nice %system %iowait  %steal   %idle
          26.31    0.00    1.34    0.88    0.00   71.47

Device:            tps    kB_read/s    kB_wrtn/s    kB_read    kB_wrtn
loop0             0.00         0.00         0.00          5          0
sda               4.76        25.59       465.98   10815499  196956681
dm-0              2.38         3.45        14.25    1457489    6021956
dm-1              0.45         0.21         1.60      88512     677212
dm-2              5.76        21.91       450.13    9260460  190257460



successfully data re-inserted into tb_monitor, tb_discovery, tb_result & tb_dataDump table!
successfully data re-inserted into tb_monitor, tb_discovery, tb_result & tb_dataDump table!
successfully data re-inserted into tb_monitor, tb_discovery, tb_result & tb_dataDump table!
successfully data re-inserted into tb_monitor, tb_discovery, tb_result & tb_dataDump table!
successfully data re-inserted into tb_monitor, tb_discovery, tb_result & tb_dataDump table!
connected to 172.16.8.182
172.16.8.182 - checking channel connection...
172.16.8.182 - command output -> 
Linux ubuntu 4.4.0-131-generic #157-Ubuntu SMP Thu Jul 12 15:51:36 UTC 2018 x86_64 x86_64 x86_64 GNU/Linux


172.16.8.182 - checking channel connection...
172.16.8.182 - command output -> 
              total        used        free      shared  buff/cache   available
Mem:        8174812     5727700      181316       72516     2265796     2039528
Swap:       7999484      182240     7817244


172.16.8.182 - checking channel connection...
172.16.8.182 - command output -> 
Filesystem                Size  Used Avail Use% Mounted on
udev                      3.9G     0  3.9G   0% /dev
tmpfs                     799M   82M  717M  11% /run
/dev/mapper/vg0-root       14G  5.2G  8.1G  40% /
tmpfs                     3.9G     0  3.9G   0% /dev/shm
tmpfs                     5.0M     0  5.0M   0% /run/lock
tmpfs                     3.9G     0  3.9G   0% /sys/fs/cgroup
/dev/sda1                 361M   59M  280M  18% /boot
/dev/mapper/vg0-motadata   39G   16G   21G  44% /motadata
tmpfs                     799M     0  799M   0% /run/user/0


172.16.8.182 - checking channel connection...
172.16.8.182 - command output -> 
Linux 4.4.0-131-generic (ubuntu) 	02/12/2022 	_x86_64_	(4 CPU)

avg-cpu:  %user   %nice %system %iowait  %steal   %idle
          26.31    0.00    1.34    0.88    0.00   71.47

Device:            tps    kB_read/s    kB_wrtn/s    kB_read    kB_wrtn
loop0             0.00         0.00         0.00          5          0
sda               4.76        25.59       466.01   10815507  196994109
dm-0              2.38         3.45        14.25    1457489    6022640
dm-1              0.45         0.21         1.60      88520     677212
dm-2              5.76        21.91       450.16    9260460  190294204



successfully data re-inserted into tb_monitor, tb_discovery, tb_result & tb_dataDump table!
successfully data re-inserted into tb_monitor, tb_discovery, tb_result & tb_dataDump table!
successfully data re-inserted into tb_monitor, tb_discovery, tb_result & tb_dataDump table!
successfully data re-inserted into tb_monitor, tb_discovery, tb_result & tb_dataDump table!
successfully data re-inserted into tb_monitor, tb_discovery, tb_result & tb_dataDump table!
connected to 172.16.8.182
172.16.8.182 - checking channel connection...
172.16.8.182 - command output -> 
Linux ubuntu 4.4.0-131-generic #157-Ubuntu SMP Thu Jul 12 15:51:36 UTC 2018 x86_64 x86_64 x86_64 GNU/Linux


172.16.8.182 - checking channel connection...
172.16.8.182 - command output -> 
              total        used        free      shared  buff/cache   available
Mem:        8174812     5725788      180824       72516     2268200     2041468
Swap:       7999484      182240     7817244


172.16.8.182 - checking channel connection...
172.16.8.182 - command output -> 
Filesystem                Size  Used Avail Use% Mounted on
udev                      3.9G     0  3.9G   0% /dev
tmpfs                     799M   82M  717M  11% /run
/dev/mapper/vg0-root       14G  5.2G  8.1G  40% /
tmpfs                     3.9G     0  3.9G   0% /dev/shm
tmpfs                     5.0M     0  5.0M   0% /run/lock
tmpfs                     3.9G     0  3.9G   0% /sys/fs/cgroup
/dev/sda1                 361M   59M  280M  18% /boot
/dev/mapper/vg0-motadata   39G   16G   21G  44% /motadata
tmpfs                     799M     0  799M   0% /run/user/0


172.16.8.182 - checking channel connection...
172.16.8.182 - command output -> 
Linux 4.4.0-131-generic (ubuntu) 	02/12/2022 	_x86_64_	(4 CPU)

avg-cpu:  %user   %nice %system %iowait  %steal   %idle
          26.31    0.00    1.34    0.88    0.00   71.47

Device:            tps    kB_read/s    kB_wrtn/s    kB_read    kB_wrtn
loop0             0.00         0.00         0.00          5          0
sda               4.76        25.58       465.98   10815507  197012533
dm-0              2.38         3.45        14.25    1457489    6023180
dm-1              0.45         0.21         1.60      88520     677212
dm-2              5.76        21.90       450.14    9260460  190312088



successfully data re-inserted into tb_monitor, tb_discovery, tb_result & tb_dataDump table!
successfully data re-inserted into tb_monitor, tb_discovery, tb_result & tb_dataDump table!
successfully data re-inserted into tb_monitor, tb_discovery, tb_result & tb_dataDump table!
successfully data re-inserted into tb_monitor, tb_discovery, tb_result & tb_dataDump table!
successfully data re-inserted into tb_monitor, tb_discovery, tb_result & tb_dataDump table!
connected to 172.16.8.182
172.16.8.182 - checking channel connection...
172.16.8.182 - command output -> 
Linux ubuntu 4.4.0-131-generic #157-Ubuntu SMP Thu Jul 12 15:51:36 UTC 2018 x86_64 x86_64 x86_64 GNU/Linux


172.16.8.182 - checking channel connection...
172.16.8.182 - command output -> 
              total        used        free      shared  buff/cache   available
Mem:        8174812     5726708      177396       72516     2270708     2040528
Swap:       7999484      182240     7817244


172.16.8.182 - checking channel connection...
172.16.8.182 - command output -> 
Filesystem                Size  Used Avail Use% Mounted on
udev                      3.9G     0  3.9G   0% /dev
tmpfs                     799M   82M  717M  11% /run
/dev/mapper/vg0-root       14G  5.2G  8.1G  40% /
tmpfs                     3.9G     0  3.9G   0% /dev/shm
tmpfs                     5.0M     0  5.0M   0% /run/lock
tmpfs                     3.9G     0  3.9G   0% /sys/fs/cgroup
/dev/sda1                 361M   59M  280M  18% /boot
/dev/mapper/vg0-motadata   39G   16G   21G  44% /motadata
tmpfs                     799M     0  799M   0% /run/user/0


172.16.8.182 - checking channel connection...
172.16.8.182 - command output -> 
Linux 4.4.0-131-generic (ubuntu) 	02/12/2022 	_x86_64_	(4 CPU)

avg-cpu:  %user   %nice %system %iowait  %steal   %idle
          26.31    0.00    1.34    0.88    0.00   71.47

Device:            tps    kB_read/s    kB_wrtn/s    kB_read    kB_wrtn
loop0             0.00         0.00         0.00          5          0
sda               4.76        25.58       465.97   10815507  197034125
dm-0              2.38         3.45        14.25    1457489    6023880
dm-1              0.45         0.21         1.60      88520     677212
dm-2              5.76        21.90       450.12    9260460  190332980



successfully data re-inserted into tb_monitor, tb_discovery, tb_result & tb_dataDump table!
successfully data re-inserted into tb_monitor, tb_discovery, tb_result & tb_dataDump table!
successfully data re-inserted into tb_monitor, tb_discovery, tb_result & tb_dataDump table!
successfully data re-inserted into tb_monitor, tb_discovery, tb_result & tb_dataDump table!
successfully data re-inserted into tb_monitor, tb_discovery, tb_result & tb_dataDump table!
connected to 172.16.8.182
172.16.8.182 - checking channel connection...
172.16.8.182 - command output -> 
Linux ubuntu 4.4.0-131-generic #157-Ubuntu SMP Thu Jul 12 15:51:36 UTC 2018 x86_64 x86_64 x86_64 GNU/Linux


172.16.8.182 - checking channel connection...
172.16.8.182 - command output -> 
              total        used        free      shared  buff/cache   available
Mem:        8174812     5729044      176044       72516     2269724     2038184
Swap:       7999484      182240     7817244


172.16.8.182 - checking channel connection...
172.16.8.182 - command output -> 
Filesystem                Size  Used Avail Use% Mounted on
udev                      3.9G     0  3.9G   0% /dev
tmpfs                     799M   82M  717M  11% /run
/dev/mapper/vg0-root       14G  5.2G  8.1G  40% /
tmpfs                     3.9G     0  3.9G   0% /dev/shm
tmpfs                     5.0M     0  5.0M   0% /run/lock
tmpfs                     3.9G     0  3.9G   0% /sys/fs/cgroup
/dev/sda1                 361M   59M  280M  18% /boot
/dev/mapper/vg0-motadata   39G   16G   21G  44% /motadata
tmpfs                     799M     0  799M   0% /run/user/0


172.16.8.182 - checking channel connection...
172.16.8.182 - command output -> 
Linux 4.4.0-131-generic (ubuntu) 	02/12/2022 	_x86_64_	(4 CPU)

avg-cpu:  %user   %nice %system %iowait  %steal   %idle
          26.31    0.00    1.34    0.88    0.00   71.47

Device:            tps    kB_read/s    kB_wrtn/s    kB_read    kB_wrtn
loop0             0.00         0.00         0.00          5          0
sda               4.76        25.57       465.93   10815507  197044161
dm-0              2.38         3.45        14.25    1457489    6024536
dm-1              0.45         0.21         1.60      88520     677212
dm-2              5.76        21.90       450.08    9260460  190342360



successfully data re-inserted into tb_monitor, tb_discovery, tb_result & tb_dataDump table!
successfully data re-inserted into tb_monitor, tb_discovery, tb_result & tb_dataDump table!
successfully data re-inserted into tb_monitor, tb_discovery, tb_result & tb_dataDump table!
successfully data re-inserted into tb_monitor, tb_discovery, tb_result & tb_dataDump table!
successfully data re-inserted into tb_monitor, tb_discovery, tb_result & tb_dataDump table!
connected to 172.16.8.182
172.16.8.182 - checking channel connection...
172.16.8.182 - command output -> 
Linux ubuntu 4.4.0-131-generic #157-Ubuntu SMP Thu Jul 12 15:51:36 UTC 2018 x86_64 x86_64 x86_64 GNU/Linux


172.16.8.182 - checking channel connection...
172.16.8.182 - command output -> 
              total        used        free      shared  buff/cache   available
Mem:        8174812     5729256      174748       72516     2270808     2038032
Swap:       7999484      182240     7817244


172.16.8.182 - checking channel connection...
172.16.8.182 - command output -> 
Filesystem                Size  Used Avail Use% Mounted on
udev                      3.9G     0  3.9G   0% /dev
tmpfs                     799M   82M  717M  11% /run
/dev/mapper/vg0-root       14G  5.2G  8.1G  40% /
tmpfs                     3.9G     0  3.9G   0% /dev/shm
tmpfs                     5.0M     0  5.0M   0% /run/lock
tmpfs                     3.9G     0  3.9G   0% /sys/fs/cgroup
/dev/sda1                 361M   59M  280M  18% /boot
/dev/mapper/vg0-motadata   39G   16G   21G  44% /motadata
tmpfs                     799M     0  799M   0% /run/user/0


172.16.8.182 - checking channel connection...
172.16.8.182 - command output -> 
Linux 4.4.0-131-generic (ubuntu) 	02/12/2022 	_x86_64_	(4 CPU)

avg-cpu:  %user   %nice %system %iowait  %steal   %idle
          26.31    0.00    1.34    0.88    0.00   71.47

Device:            tps    kB_read/s    kB_wrtn/s    kB_read    kB_wrtn
loop0             0.00         0.00         0.00          5          0
sda               4.76        25.57       466.00   10815507  197101205
dm-0              2.38         3.45        14.25    1457489    6025204
dm-1              0.45         0.21         1.60      88520     677212
dm-2              5.76        21.89       450.15    9260460  190398736



successfully data re-inserted into tb_monitor, tb_discovery, tb_result & tb_dataDump table!
successfully data re-inserted into tb_monitor, tb_discovery, tb_result & tb_dataDump table!
successfully data re-inserted into tb_monitor, tb_discovery, tb_result & tb_dataDump table!
successfully data re-inserted into tb_monitor, tb_discovery, tb_result & tb_dataDump table!
successfully data re-inserted into tb_monitor, tb_discovery, tb_result & tb_dataDump table!
connected to 172.16.8.182
172.16.8.182 - checking channel connection...
172.16.8.182 - command output -> 
Linux ubuntu 4.4.0-131-generic #157-Ubuntu SMP Thu Jul 12 15:51:36 UTC 2018 x86_64 x86_64 x86_64 GNU/Linux


172.16.8.182 - checking channel connection...
172.16.8.182 - command output -> 
              total        used        free      shared  buff/cache   available
Mem:        8174812     5727116      172144       72516     2275552     2040108
Swap:       7999484      182240     7817244


172.16.8.182 - checking channel connection...
172.16.8.182 - command output -> 
Filesystem                Size  Used Avail Use% Mounted on
udev                      3.9G     0  3.9G   0% /dev
tmpfs                     799M   82M  717M  11% /run
/dev/mapper/vg0-root       14G  5.2G  8.1G  40% /
tmpfs                     3.9G     0  3.9G   0% /dev/shm
tmpfs                     5.0M     0  5.0M   0% /run/lock
tmpfs                     3.9G     0  3.9G   0% /sys/fs/cgroup
/dev/sda1                 361M   59M  280M  18% /boot
/dev/mapper/vg0-motadata   39G   16G   21G  44% /motadata
tmpfs                     799M     0  799M   0% /run/user/0


172.16.8.182 - checking channel connection...
172.16.8.182 - command output -> 
Linux 4.4.0-131-generic (ubuntu) 	02/12/2022 	_x86_64_	(4 CPU)

avg-cpu:  %user   %nice %system %iowait  %steal   %idle
          26.31    0.00    1.34    0.88    0.00   71.48

Device:            tps    kB_read/s    kB_wrtn/s    kB_read    kB_wrtn
loop0             0.00         0.00         0.00          5          0
sda               4.76        25.57       466.01   10815507  197136429
dm-0              2.38         3.45        14.24    1457489    6025812
dm-1              0.45         0.21         1.60      88520     677212
dm-2              5.76        21.89       450.17    9260460  190433352



successfully data re-inserted into tb_monitor, tb_discovery, tb_result & tb_dataDump table!
successfully data re-inserted into tb_monitor, tb_discovery, tb_result & tb_dataDump table!
successfully data re-inserted into tb_monitor, tb_discovery, tb_result & tb_dataDump table!
successfully data re-inserted into tb_monitor, tb_discovery, tb_result & tb_dataDump table!
successfully data re-inserted into tb_monitor, tb_discovery, tb_result & tb_dataDump table!
connected to 172.16.8.182
172.16.8.182 - checking channel connection...
172.16.8.182 - command output -> 
Linux ubuntu 4.4.0-131-generic #157-Ubuntu SMP Thu Jul 12 15:51:36 UTC 2018 x86_64 x86_64 x86_64 GNU/Linux


172.16.8.182 - checking channel connection...
172.16.8.182 - command output -> 
              total        used        free      shared  buff/cache   available
Mem:        8174812     5727176      171820       72516     2275816     2040092
Swap:       7999484      182236     7817248


172.16.8.182 - checking channel connection...
172.16.8.182 - command output -> 
Filesystem                Size  Used Avail Use% Mounted on
udev                      3.9G     0  3.9G   0% /dev
tmpfs                     799M   82M  717M  11% /run
/dev/mapper/vg0-root       14G  5.2G  8.1G  40% /
tmpfs                     3.9G     0  3.9G   0% /dev/shm
tmpfs                     5.0M     0  5.0M   0% /run/lock
tmpfs                     3.9G     0  3.9G   0% /sys/fs/cgroup
/dev/sda1                 361M   59M  280M  18% /boot
/dev/mapper/vg0-motadata   39G   16G   21G  44% /motadata
tmpfs                     799M     0  799M   0% /run/user/0


172.16.8.182 - checking channel connection...
172.16.8.182 - command output -> 
Linux 4.4.0-131-generic (ubuntu) 	02/12/2022 	_x86_64_	(4 CPU)

avg-cpu:  %user   %nice %system %iowait  %steal   %idle
          26.31    0.00    1.34    0.88    0.00   71.48

Device:            tps    kB_read/s    kB_wrtn/s    kB_read    kB_wrtn
loop0             0.00         0.00         0.00          5          0
sda               4.76        25.56       465.99   10815511  197156369
dm-0              2.38         3.44        14.24    1457489    6026588
dm-1              0.45         0.21         1.60      88524     677212
dm-2              5.76        21.89       450.15    9260460  190452516



successfully data re-inserted into tb_monitor, tb_discovery, tb_result & tb_dataDump table!
successfully data re-inserted into tb_monitor, tb_discovery, tb_result & tb_dataDump table!
successfully data re-inserted into tb_monitor, tb_discovery, tb_result & tb_dataDump table!
successfully data re-inserted into tb_monitor, tb_discovery, tb_result & tb_dataDump table!
successfully data re-inserted into tb_monitor, tb_discovery, tb_result & tb_dataDump table!
connected to 172.16.8.182
172.16.8.182 - checking channel connection...
172.16.8.182 - command output -> 
Linux ubuntu 4.4.0-131-generic #157-Ubuntu SMP Thu Jul 12 15:51:36 UTC 2018 x86_64 x86_64 x86_64 GNU/Linux


172.16.8.182 - checking channel connection...
172.16.8.182 - command output -> 
              total        used        free      shared  buff/cache   available
Mem:        8174812     5727112      168712       72488     2278988     2040316
Swap:       7999484      182236     7817248


172.16.8.182 - checking channel connection...
172.16.8.182 - command output -> 
Filesystem                Size  Used Avail Use% Mounted on
udev                      3.9G     0  3.9G   0% /dev
tmpfs                     799M   82M  717M  11% /run
/dev/mapper/vg0-root       14G  5.2G  8.1G  40% /
tmpfs                     3.9G     0  3.9G   0% /dev/shm
tmpfs                     5.0M     0  5.0M   0% /run/lock
tmpfs                     3.9G     0  3.9G   0% /sys/fs/cgroup
/dev/sda1                 361M   59M  280M  18% /boot
/dev/mapper/vg0-motadata   39G   16G   21G  44% /motadata
tmpfs                     799M     0  799M   0% /run/user/0


172.16.8.182 - checking channel connection...
172.16.8.182 - command output -> 
Linux 4.4.0-131-generic (ubuntu) 	02/12/2022 	_x86_64_	(4 CPU)

avg-cpu:  %user   %nice %system %iowait  %steal   %idle
          26.31    0.00    1.34    0.88    0.00   71.48

Device:            tps    kB_read/s    kB_wrtn/s    kB_read    kB_wrtn
loop0             0.00         0.00         0.00          5          0
sda               4.76        25.56       465.97   10815511  197175113
dm-0              2.38         3.44        14.24    1457489    6027412
dm-1              0.45         0.21         1.60      88524     677212
dm-2              5.76        21.88       450.13    9260460  190470436



successfully data re-inserted into tb_monitor, tb_discovery, tb_result & tb_dataDump table!
successfully data re-inserted into tb_monitor, tb_discovery, tb_result & tb_dataDump table!
successfully data re-inserted into tb_monitor, tb_discovery, tb_result & tb_dataDump table!
successfully data re-inserted into tb_monitor, tb_discovery, tb_result & tb_dataDump table!
successfully data re-inserted into tb_monitor, tb_discovery, tb_result & tb_dataDump table!
connected to 172.16.8.182
172.16.8.182 - checking channel connection...
172.16.8.182 - command output -> 
Linux ubuntu 4.4.0-131-generic #157-Ubuntu SMP Thu Jul 12 15:51:36 UTC 2018 x86_64 x86_64 x86_64 GNU/Linux


172.16.8.182 - checking channel connection...
172.16.8.182 - command output -> 
              total        used        free      shared  buff/cache   available
Mem:        8174812     5729192      223452       72516     2222168     2038064
Swap:       7999484      183100     7816384


172.16.8.182 - checking channel connection...
172.16.8.182 - command output -> 
Filesystem                Size  Used Avail Use% Mounted on
udev                      3.9G     0  3.9G   0% /dev
tmpfs                     799M   82M  717M  11% /run
/dev/mapper/vg0-root       14G  5.2G  8.1G  40% /
tmpfs                     3.9G     0  3.9G   0% /dev/shm
tmpfs                     5.0M     0  5.0M   0% /run/lock
tmpfs                     3.9G     0  3.9G   0% /sys/fs/cgroup
/dev/sda1                 361M   59M  280M  18% /boot
/dev/mapper/vg0-motadata   39G   16G   21G  44% /motadata
tmpfs                     799M     0  799M   0% /run/user/0


172.16.8.182 - checking channel connection...
172.16.8.182 - command output -> 
Linux 4.4.0-131-generic (ubuntu) 	02/12/2022 	_x86_64_	(4 CPU)

avg-cpu:  %user   %nice %system %iowait  %steal   %idle
          26.31    0.00    1.34    0.88    0.00   71.48

Device:            tps    kB_read/s    kB_wrtn/s    kB_read    kB_wrtn
loop0             0.00         0.00         0.00          5          0
sda               4.76        25.56       465.95   10815511  197194893
dm-0              2.38         3.44        14.24    1457489    6028052
dm-1              0.45         0.21         1.60      88524     678076
dm-2              5.76        21.88       450.11    9260460  190488712



successfully data re-inserted into tb_monitor, tb_discovery, tb_result & tb_dataDump table!
successfully data re-inserted into tb_monitor, tb_discovery, tb_result & tb_dataDump table!
successfully data re-inserted into tb_monitor, tb_discovery, tb_result & tb_dataDump table!
successfully data re-inserted into tb_monitor, tb_discovery, tb_result & tb_dataDump table!
successfully data re-inserted into tb_monitor, tb_discovery, tb_result & tb_dataDump table!
connected to 172.16.8.182
172.16.8.182 - checking channel connection...
172.16.8.182 - command output -> 
Linux ubuntu 4.4.0-131-generic #157-Ubuntu SMP Thu Jul 12 15:51:36 UTC 2018 x86_64 x86_64 x86_64 GNU/Linux


172.16.8.182 - checking channel connection...
172.16.8.182 - command output -> 
              total        used        free      shared  buff/cache   available
Mem:        8174812     5726216      221368       72516     2227228     2041020
Swap:       7999484      183100     7816384


172.16.8.182 - checking channel connection...
172.16.8.182 - command output -> 
Filesystem                Size  Used Avail Use% Mounted on
udev                      3.9G     0  3.9G   0% /dev
tmpfs                     799M   82M  717M  11% /run
/dev/mapper/vg0-root       14G  5.2G  8.1G  40% /
tmpfs                     3.9G     0  3.9G   0% /dev/shm
tmpfs                     5.0M     0  5.0M   0% /run/lock
tmpfs                     3.9G     0  3.9G   0% /sys/fs/cgroup
/dev/sda1                 361M   59M  280M  18% /boot
/dev/mapper/vg0-motadata   39G   16G   21G  44% /motadata
tmpfs                     799M     0  799M   0% /run/user/0


172.16.8.182 - checking channel connection...
172.16.8.182 - command output -> 
Linux 4.4.0-131-generic (ubuntu) 	02/12/2022 	_x86_64_	(4 CPU)

avg-cpu:  %user   %nice %system %iowait  %steal   %idle
          26.31    0.00    1.34    0.88    0.00   71.48

Device:            tps    kB_read/s    kB_wrtn/s    kB_read    kB_wrtn
loop0             0.00         0.00         0.00          5          0
sda               4.76        25.55       466.10   10815511  197284925
dm-0              2.38         3.44        14.24    1457489    6028796
dm-1              0.45         0.21         1.60      88524     678076
dm-2              5.76        21.88       450.25    9260460  190578000



successfully data re-inserted into tb_monitor, tb_discovery, tb_result & tb_dataDump table!
successfully data re-inserted into tb_monitor, tb_discovery, tb_result & tb_dataDump table!
successfully data re-inserted into tb_monitor, tb_discovery, tb_result & tb_dataDump table!
successfully data re-inserted into tb_monitor, tb_discovery, tb_result & tb_dataDump table!
successfully data re-inserted into tb_monitor, tb_discovery, tb_result & tb_dataDump table!
connected to 172.16.8.182
172.16.8.182 - checking channel connection...
172.16.8.182 - command output -> 
Linux ubuntu 4.4.0-131-generic #157-Ubuntu SMP Thu Jul 12 15:51:36 UTC 2018 x86_64 x86_64 x86_64 GNU/Linux


172.16.8.182 - checking channel connection...
172.16.8.182 - command output -> 
              total        used        free      shared  buff/cache   available
Mem:        8174812     5729408      217756       72516     2227648     2037836
Swap:       7999484      183100     7816384


172.16.8.182 - checking channel connection...
172.16.8.182 - command output -> 
Filesystem                Size  Used Avail Use% Mounted on
udev                      3.9G     0  3.9G   0% /dev
tmpfs                     799M   82M  717M  11% /run
/dev/mapper/vg0-root       14G  5.2G  8.1G  40% /
tmpfs                     3.9G     0  3.9G   0% /dev/shm
tmpfs                     5.0M     0  5.0M   0% /run/lock
tmpfs                     3.9G     0  3.9G   0% /sys/fs/cgroup
/dev/sda1                 361M   59M  280M  18% /boot
/dev/mapper/vg0-motadata   39G   16G   21G  44% /motadata
tmpfs                     799M     0  799M   0% /run/user/0


172.16.8.182 - checking channel connection...
172.16.8.182 - command output -> 
Linux 4.4.0-131-generic (ubuntu) 	02/12/2022 	_x86_64_	(4 CPU)

avg-cpu:  %user   %nice %system %iowait  %steal   %idle
          26.31    0.00    1.34    0.88    0.00   71.48

Device:            tps    kB_read/s    kB_wrtn/s    kB_read    kB_wrtn
loop0             0.00         0.00         0.00          5          0
sda               4.76        25.55       466.13   10815511  197326873
dm-0              2.38         3.44        14.24    1457489    6029488
dm-1              0.45         0.21         1.60      88524     678076
dm-2              5.76        21.88       450.29    9260460  190619256



successfully data re-inserted into tb_monitor, tb_discovery, tb_result & tb_dataDump table!
successfully data re-inserted into tb_monitor, tb_discovery, tb_result & tb_dataDump table!
successfully data re-inserted into tb_monitor, tb_discovery, tb_result & tb_dataDump table!
successfully data re-inserted into tb_monitor, tb_discovery, tb_result & tb_dataDump table!
successfully data re-inserted into tb_monitor, tb_discovery, tb_result & tb_dataDump table!
connected to 172.16.8.182
172.16.8.182 - checking channel connection...
172.16.8.182 - command output -> 
Linux ubuntu 4.4.0-131-generic #157-Ubuntu SMP Thu Jul 12 15:51:36 UTC 2018 x86_64 x86_64 x86_64 GNU/Linux


172.16.8.182 - checking channel connection...
172.16.8.182 - command output -> 
              total        used        free      shared  buff/cache   available
Mem:        8174812     5728228      216912       72512     2229672     2038928
Swap:       7999484      183100     7816384


172.16.8.182 - checking channel connection...
172.16.8.182 - command output -> 
Filesystem                Size  Used Avail Use% Mounted on
udev                      3.9G     0  3.9G   0% /dev
tmpfs                     799M   82M  717M  11% /run
/dev/mapper/vg0-root       14G  5.2G  8.1G  40% /
tmpfs                     3.9G     0  3.9G   0% /dev/shm
tmpfs                     5.0M     0  5.0M   0% /run/lock
tmpfs                     3.9G     0  3.9G   0% /sys/fs/cgroup
/dev/sda1                 361M   59M  280M  18% /boot
/dev/mapper/vg0-motadata   39G   16G   21G  44% /motadata
tmpfs                     799M     0  799M   0% /run/user/0


172.16.8.182 - checking channel connection...
172.16.8.182 - command output -> 
Linux 4.4.0-131-generic (ubuntu) 	02/12/2022 	_x86_64_	(4 CPU)

avg-cpu:  %user   %nice %system %iowait  %steal   %idle
          26.31    0.00    1.34    0.88    0.00   71.48

Device:            tps    kB_read/s    kB_wrtn/s    kB_read    kB_wrtn
loop0             0.00         0.00         0.00          5          0
sda               4.76        25.55       466.11   10815511  197345013
dm-0              2.38         3.44        14.24    1457489    6030116
dm-1              0.45         0.21         1.60      88524     678076
dm-2              5.76        21.87       450.26    9260460  190636768



successfully data re-inserted into tb_monitor, tb_discovery, tb_result & tb_dataDump table!
successfully data re-inserted into tb_monitor, tb_discovery, tb_result & tb_dataDump table!
successfully data re-inserted into tb_monitor, tb_discovery, tb_result & tb_dataDump table!
successfully data re-inserted into tb_monitor, tb_discovery, tb_result & tb_dataDump table!
successfully data re-inserted into tb_monitor, tb_discovery, tb_result & tb_dataDump table!
connected to 172.16.8.182
172.16.8.182 - checking channel connection...
172.16.8.182 - command output -> 
Linux ubuntu 4.4.0-131-generic #157-Ubuntu SMP Thu Jul 12 15:51:36 UTC 2018 x86_64 x86_64 x86_64 GNU/Linux


172.16.8.182 - checking channel connection...
172.16.8.182 - command output -> 
              total        used        free      shared  buff/cache   available
Mem:        8174812     5730284      212688       72516     2231840     2036924
Swap:       7999484      183100     7816384


172.16.8.182 - checking channel connection...
172.16.8.182 - command output -> 
Filesystem                Size  Used Avail Use% Mounted on
udev                      3.9G     0  3.9G   0% /dev
tmpfs                     799M   82M  717M  11% /run
/dev/mapper/vg0-root       14G  5.2G  8.1G  40% /
tmpfs                     3.9G     0  3.9G   0% /dev/shm
tmpfs                     5.0M     0  5.0M   0% /run/lock
tmpfs                     3.9G     0  3.9G   0% /sys/fs/cgroup
/dev/sda1                 361M   59M  280M  18% /boot
/dev/mapper/vg0-motadata   39G   16G   21G  44% /motadata
tmpfs                     799M     0  799M   0% /run/user/0


172.16.8.182 - checking channel connection...
172.16.8.182 - command output -> 
Linux 4.4.0-131-generic (ubuntu) 	02/12/2022 	_x86_64_	(4 CPU)

avg-cpu:  %user   %nice %system %iowait  %steal   %idle
          26.31    0.00    1.34    0.88    0.00   71.48

Device:            tps    kB_read/s    kB_wrtn/s    kB_read    kB_wrtn
loop0             0.00         0.00         0.00          5          0
sda               4.76        25.54       466.09   10815511  197363617
dm-0              2.38         3.44        14.24    1457489    6031156
dm-1              0.45         0.21         1.60      88524     678076
dm-2              5.76        21.87       450.24    9260460  190654332



successfully data re-inserted into tb_monitor, tb_discovery, tb_result & tb_dataDump table!
successfully data re-inserted into tb_monitor, tb_discovery, tb_result & tb_dataDump table!
successfully data re-inserted into tb_monitor, tb_discovery, tb_result & tb_dataDump table!
successfully data re-inserted into tb_monitor, tb_discovery, tb_result & tb_dataDump table!
successfully data re-inserted into tb_monitor, tb_discovery, tb_result & tb_dataDump table!
connected to 172.16.8.182
172.16.8.182 - checking channel connection...
172.16.8.182 - command output -> 
Linux ubuntu 4.4.0-131-generic #157-Ubuntu SMP Thu Jul 12 15:51:36 UTC 2018 x86_64 x86_64 x86_64 GNU/Linux


172.16.8.182 - checking channel connection...
172.16.8.182 - command output -> 
              total        used        free      shared  buff/cache   available
Mem:        8174812     5730084      229956       72516     2214772     2037032
Swap:       7999484      183236     7816248


172.16.8.182 - checking channel connection...
172.16.8.182 - command output -> 
Filesystem                Size  Used Avail Use% Mounted on
udev                      3.9G     0  3.9G   0% /dev
tmpfs                     799M   82M  717M  11% /run
/dev/mapper/vg0-root       14G  5.2G  8.1G  40% /
tmpfs                     3.9G     0  3.9G   0% /dev/shm
tmpfs                     5.0M     0  5.0M   0% /run/lock
tmpfs                     3.9G     0  3.9G   0% /sys/fs/cgroup
/dev/sda1                 361M   59M  280M  18% /boot
/dev/mapper/vg0-motadata   39G   16G   21G  44% /motadata
tmpfs                     799M     0  799M   0% /run/user/0


172.16.8.182 - checking channel connection...
172.16.8.182 - command output -> 
Linux 4.4.0-131-generic (ubuntu) 	02/12/2022 	_x86_64_	(4 CPU)

avg-cpu:  %user   %nice %system %iowait  %steal   %idle
          26.31    0.00    1.34    0.88    0.00   71.48

Device:            tps    kB_read/s    kB_wrtn/s    kB_read    kB_wrtn
loop0             0.00         0.00         0.00          5          0
sda               4.76        25.54       466.04   10815527  197374037
dm-0              2.38         3.44        14.24    1457489    6031928
dm-1              0.45         0.21         1.60      88524     678212
dm-2              5.76        21.87       450.20    9260476  190663844



successfully data re-inserted into tb_monitor, tb_discovery, tb_result & tb_dataDump table!
successfully data re-inserted into tb_monitor, tb_discovery, tb_result & tb_dataDump table!
successfully data re-inserted into tb_monitor, tb_discovery, tb_result & tb_dataDump table!
successfully data re-inserted into tb_monitor, tb_discovery, tb_result & tb_dataDump table!
successfully data re-inserted into tb_monitor, tb_discovery, tb_result & tb_dataDump table!
connected to 172.16.8.182
172.16.8.182 - checking channel connection...
172.16.8.182 - command output -> 
Linux ubuntu 4.4.0-131-generic #157-Ubuntu SMP Thu Jul 12 15:51:36 UTC 2018 x86_64 x86_64 x86_64 GNU/Linux


172.16.8.182 - checking channel connection...
172.16.8.182 - command output -> 
              total        used        free      shared  buff/cache   available
Mem:        8174812     5728396      228264       72488     2218152     2038752
Swap:       7999484      183236     7816248


172.16.8.182 - checking channel connection...
172.16.8.182 - command output -> 
Filesystem                Size  Used Avail Use% Mounted on
udev                      3.9G     0  3.9G   0% /dev
tmpfs                     799M   82M  717M  11% /run
/dev/mapper/vg0-root       14G  5.2G  8.1G  40% /
tmpfs                     3.9G     0  3.9G   0% /dev/shm
tmpfs                     5.0M     0  5.0M   0% /run/lock
tmpfs                     3.9G     0  3.9G   0% /sys/fs/cgroup
/dev/sda1                 361M   59M  280M  18% /boot
/dev/mapper/vg0-motadata   39G   16G   21G  44% /motadata
tmpfs                     799M     0  799M   0% /run/user/0


172.16.8.182 - checking channel connection...
172.16.8.182 - command output -> 
Linux 4.4.0-131-generic (ubuntu) 	02/12/2022 	_x86_64_	(4 CPU)

avg-cpu:  %user   %nice %system %iowait  %steal   %idle
          26.31    0.00    1.34    0.88    0.00   71.48

Device:            tps    kB_read/s    kB_wrtn/s    kB_read    kB_wrtn
loop0             0.00         0.00         0.00          5          0
sda               4.76        25.53       466.09   10815527  197422213
dm-0              2.38         3.44        14.24    1457489    6032508
dm-1              0.45         0.21         1.60      88524     678212
dm-2              5.76        21.86       450.25    9260476  190711440



successfully data re-inserted into tb_monitor, tb_discovery, tb_result & tb_dataDump table!
successfully data re-inserted into tb_monitor, tb_discovery, tb_result & tb_dataDump table!
successfully data re-inserted into tb_monitor, tb_discovery, tb_result & tb_dataDump table!
successfully data re-inserted into tb_monitor, tb_discovery, tb_result & tb_dataDump table!
successfully data re-inserted into tb_monitor, tb_discovery, tb_result & tb_dataDump table!
connected to 172.16.8.182
172.16.8.182 - checking channel connection...
172.16.8.182 - command output -> 
Linux ubuntu 4.4.0-131-generic #157-Ubuntu SMP Thu Jul 12 15:51:36 UTC 2018 x86_64 x86_64 x86_64 GNU/Linux


172.16.8.182 - checking channel connection...
172.16.8.182 - command output -> 
              total        used        free      shared  buff/cache   available
Mem:        8174812     5729812      325348       72516     2119652     2037636
Swap:       7999484      183236     7816248


172.16.8.182 - checking channel connection...
172.16.8.182 - command output -> 
Filesystem                Size  Used Avail Use% Mounted on
udev                      3.9G     0  3.9G   0% /dev
tmpfs                     799M   82M  717M  11% /run
/dev/mapper/vg0-root       14G  5.2G  8.1G  40% /
tmpfs                     3.9G     0  3.9G   0% /dev/shm
tmpfs                     5.0M     0  5.0M   0% /run/lock
tmpfs                     3.9G     0  3.9G   0% /sys/fs/cgroup
/dev/sda1                 361M   59M  280M  18% /boot
/dev/mapper/vg0-motadata   39G   16G   21G  44% /motadata
tmpfs                     799M     0  799M   0% /run/user/0


172.16.8.182 - checking channel connection...
172.16.8.182 - command output -> 
Linux 4.4.0-131-generic (ubuntu) 	02/12/2022 	_x86_64_	(4 CPU)

avg-cpu:  %user   %nice %system %iowait  %steal   %idle
          26.31    0.00    1.34    0.88    0.00   71.48

Device:            tps    kB_read/s    kB_wrtn/s    kB_read    kB_wrtn
loop0             0.00         0.00         0.00          5          0
sda               4.76        25.53       466.11   10815527  197458573
dm-0              2.38         3.44        14.24    1457489    6033160
dm-1              0.45         0.21         1.60      88524     678212
dm-2              5.76        21.86       450.27    9260476  190747148



successfully data re-inserted into tb_monitor, tb_discovery, tb_result & tb_dataDump table!
successfully data re-inserted into tb_monitor, tb_discovery, tb_result & tb_dataDump table!
successfully data re-inserted into tb_monitor, tb_discovery, tb_result & tb_dataDump table!
successfully data re-inserted into tb_monitor, tb_discovery, tb_result & tb_dataDump table!
successfully data re-inserted into tb_monitor, tb_discovery, tb_result & tb_dataDump table!
connected to 172.16.8.182
172.16.8.182 - checking channel connection...
172.16.8.182 - command output -> 
Linux ubuntu 4.4.0-131-generic #157-Ubuntu SMP Thu Jul 12 15:51:36 UTC 2018 x86_64 x86_64 x86_64 GNU/Linux


172.16.8.182 - checking channel connection...
172.16.8.182 - command output -> 
              total        used        free      shared  buff/cache   available
Mem:        8174812     5724068      329204       72516     2121540     2043040
Swap:       7999484      183236     7816248


172.16.8.182 - checking channel connection...
172.16.8.182 - command output -> 
Filesystem                Size  Used Avail Use% Mounted on
udev                      3.9G     0  3.9G   0% /dev
tmpfs                     799M   82M  717M  11% /run
/dev/mapper/vg0-root       14G  5.2G  8.1G  40% /
tmpfs                     3.9G     0  3.9G   0% /dev/shm
tmpfs                     5.0M     0  5.0M   0% /run/lock
tmpfs                     3.9G     0  3.9G   0% /sys/fs/cgroup
/dev/sda1                 361M   59M  280M  18% /boot
/dev/mapper/vg0-motadata   39G   16G   21G  44% /motadata
tmpfs                     799M     0  799M   0% /run/user/0


172.16.8.182 - checking channel connection...
172.16.8.182 - command output -> 
Linux 4.4.0-131-generic (ubuntu) 	02/12/2022 	_x86_64_	(4 CPU)

avg-cpu:  %user   %nice %system %iowait  %steal   %idle
          26.31    0.00    1.34    0.88    0.00   71.48

Device:            tps    kB_read/s    kB_wrtn/s    kB_read    kB_wrtn
loop0             0.00         0.00         0.00          5          0
sda               4.76        25.53       466.10   10815527  197479117
dm-0              2.38         3.44        14.24    1457489    6033788
dm-1              0.45         0.21         1.60      88524     678212
dm-2              5.76        21.86       450.25    9260476  190767064



successfully data re-inserted into tb_monitor, tb_discovery, tb_result & tb_dataDump table!
successfully data re-inserted into tb_monitor, tb_discovery, tb_result & tb_dataDump table!
successfully data re-inserted into tb_monitor, tb_discovery, tb_result & tb_dataDump table!
successfully data re-inserted into tb_monitor, tb_discovery, tb_result & tb_dataDump table!
successfully data re-inserted into tb_monitor, tb_discovery, tb_result & tb_dataDump table!
connected to 172.16.8.182
172.16.8.182 - checking channel connection...
172.16.8.182 - command output -> 
Linux ubuntu 4.4.0-131-generic #157-Ubuntu SMP Thu Jul 12 15:51:36 UTC 2018 x86_64 x86_64 x86_64 GNU/Linux


172.16.8.182 - checking channel connection...
172.16.8.182 - command output -> 
              total        used        free      shared  buff/cache   available
Mem:        8174812     5725244      322972       72516     2126596     2041828
Swap:       7999484      183236     7816248


172.16.8.182 - checking channel connection...
172.16.8.182 - command output -> 
Filesystem                Size  Used Avail Use% Mounted on
udev                      3.9G     0  3.9G   0% /dev
tmpfs                     799M   82M  717M  11% /run
/dev/mapper/vg0-root       14G  5.2G  8.1G  40% /
tmpfs                     3.9G     0  3.9G   0% /dev/shm
tmpfs                     5.0M     0  5.0M   0% /run/lock
tmpfs                     3.9G     0  3.9G   0% /sys/fs/cgroup
/dev/sda1                 361M   59M  280M  18% /boot
/dev/mapper/vg0-motadata   39G   16G   21G  44% /motadata
tmpfs                     799M     0  799M   0% /run/user/0


172.16.8.182 - checking channel connection...
172.16.8.182 - command output -> 
Linux 4.4.0-131-generic (ubuntu) 	02/12/2022 	_x86_64_	(4 CPU)

avg-cpu:  %user   %nice %system %iowait  %steal   %idle
          26.31    0.00    1.34    0.88    0.00   71.48

Device:            tps    kB_read/s    kB_wrtn/s    kB_read    kB_wrtn
loop0             0.00         0.00         0.00          5          0
sda               4.76        25.52       466.08   10815543  197500437
dm-0              2.38         3.44        14.24    1457489    6034440
dm-1              0.45         0.21         1.60      88524     678212
dm-2              5.76        21.85       450.24    9260492  190787732



successfully data re-inserted into tb_monitor, tb_discovery, tb_result & tb_dataDump table!
successfully data re-inserted into tb_monitor, tb_discovery, tb_result & tb_dataDump table!
successfully data re-inserted into tb_monitor, tb_discovery, tb_result & tb_dataDump table!
successfully data re-inserted into tb_monitor, tb_discovery, tb_result & tb_dataDump table!
successfully data re-inserted into tb_monitor, tb_discovery, tb_result & tb_dataDump table!
connected to 172.16.8.182
172.16.8.182 - checking channel connection...
172.16.8.182 - command output -> 
Linux ubuntu 4.4.0-131-generic #157-Ubuntu SMP Thu Jul 12 15:51:36 UTC 2018 x86_64 x86_64 x86_64 GNU/Linux


172.16.8.182 - checking channel connection...
172.16.8.182 - command output -> 
              total        used        free      shared  buff/cache   available
Mem:        8174812     5725508      321620       72516     2127684     2041580
Swap:       7999484      183236     7816248


172.16.8.182 - checking channel connection...
172.16.8.182 - command output -> 
Filesystem                Size  Used Avail Use% Mounted on
udev                      3.9G     0  3.9G   0% /dev
tmpfs                     799M   82M  717M  11% /run
/dev/mapper/vg0-root       14G  5.2G  8.1G  40% /
tmpfs                     3.9G     0  3.9G   0% /dev/shm
tmpfs                     5.0M     0  5.0M   0% /run/lock
tmpfs                     3.9G     0  3.9G   0% /sys/fs/cgroup
/dev/sda1                 361M   59M  280M  18% /boot
/dev/mapper/vg0-motadata   39G   16G   21G  44% /motadata
tmpfs                     799M     0  799M   0% /run/user/0


172.16.8.182 - checking channel connection...
172.16.8.182 - command output -> 
Linux 4.4.0-131-generic (ubuntu) 	02/12/2022 	_x86_64_	(4 CPU)

avg-cpu:  %user   %nice %system %iowait  %steal   %idle
          26.31    0.00    1.34    0.88    0.00   71.48

Device:            tps    kB_read/s    kB_wrtn/s    kB_read    kB_wrtn
loop0             0.00         0.00         0.00          5          0
sda               4.76        25.52       466.06   10815543  197519413
dm-0              2.38         3.44        14.24    1457489    6035024
dm-1              0.45         0.21         1.60      88524     678212
dm-2              5.76        21.85       450.22    9260492  190806124



successfully data re-inserted into tb_monitor, tb_discovery, tb_result & tb_dataDump table!
successfully data re-inserted into tb_monitor, tb_discovery, tb_result & tb_dataDump table!
successfully data re-inserted into tb_monitor, tb_discovery, tb_result & tb_dataDump table!
successfully data re-inserted into tb_monitor, tb_discovery, tb_result & tb_dataDump table!
successfully data re-inserted into tb_monitor, tb_discovery, tb_result & tb_dataDump table!
connected to 172.16.8.182
172.16.8.182 - checking channel connection...
172.16.8.182 - command output -> 
Linux ubuntu 4.4.0-131-generic #157-Ubuntu SMP Thu Jul 12 15:51:36 UTC 2018 x86_64 x86_64 x86_64 GNU/Linux


172.16.8.182 - checking channel connection...
172.16.8.182 - command output -> 
              total        used        free      shared  buff/cache   available
Mem:        8174812     5728032      311708       72516     2135072     2039028
Swap:       7999484      183236     7816248


172.16.8.182 - checking channel connection...
172.16.8.182 - command output -> 
Filesystem                Size  Used Avail Use% Mounted on
udev                      3.9G     0  3.9G   0% /dev
tmpfs                     799M   82M  717M  11% /run
/dev/mapper/vg0-root       14G  5.2G  8.1G  40% /
tmpfs                     3.9G     0  3.9G   0% /dev/shm
tmpfs                     5.0M     0  5.0M   0% /run/lock
tmpfs                     3.9G     0  3.9G   0% /sys/fs/cgroup
/dev/sda1                 361M   59M  280M  18% /boot
/dev/mapper/vg0-motadata   39G   16G   21G  44% /motadata
tmpfs                     799M     0  799M   0% /run/user/0


172.16.8.182 - checking channel connection...
172.16.8.182 - command output -> 
Linux 4.4.0-131-generic (ubuntu) 	02/12/2022 	_x86_64_	(4 CPU)

avg-cpu:  %user   %nice %system %iowait  %steal   %idle
          26.31    0.00    1.34    0.88    0.00   71.48

Device:            tps    kB_read/s    kB_wrtn/s    kB_read    kB_wrtn
loop0             0.00         0.00         0.00          5          0
sda               4.76        25.52       466.20   10815559  197609301
dm-0              2.38         3.44        14.24    1457489    6035684
dm-1              0.45         0.21         1.60      88524     678212
dm-2              5.76        21.85       450.36    9260508  190895352



successfully data re-inserted into tb_monitor, tb_discovery, tb_result & tb_dataDump table!
successfully data re-inserted into tb_monitor, tb_discovery, tb_result & tb_dataDump table!
successfully data re-inserted into tb_monitor, tb_discovery, tb_result & tb_dataDump table!
successfully data re-inserted into tb_monitor, tb_discovery, tb_result & tb_dataDump table!
successfully data re-inserted into tb_monitor, tb_discovery, tb_result & tb_dataDump table!
connected to 172.16.8.182
172.16.8.182 - checking channel connection...
172.16.8.182 - command output -> 
Linux ubuntu 4.4.0-131-generic #157-Ubuntu SMP Thu Jul 12 15:51:36 UTC 2018 x86_64 x86_64 x86_64 GNU/Linux


172.16.8.182 - checking channel connection...
172.16.8.182 - command output -> 
              total        used        free      shared  buff/cache   available
Mem:        8174812     5732072      305540       72516     2137200     2035000
Swap:       7999484      183236     7816248


172.16.8.182 - checking channel connection...
172.16.8.182 - command output -> 
Filesystem                Size  Used Avail Use% Mounted on
udev                      3.9G     0  3.9G   0% /dev
tmpfs                     799M   82M  717M  11% /run
/dev/mapper/vg0-root       14G  5.2G  8.1G  40% /
tmpfs                     3.9G     0  3.9G   0% /dev/shm
tmpfs                     5.0M     0  5.0M   0% /run/lock
tmpfs                     3.9G     0  3.9G   0% /sys/fs/cgroup
/dev/sda1                 361M   59M  280M  18% /boot
/dev/mapper/vg0-motadata   39G   16G   21G  44% /motadata
tmpfs                     799M     0  799M   0% /run/user/0


172.16.8.182 - checking channel connection...
172.16.8.182 - command output -> 
Linux 4.4.0-131-generic (ubuntu) 	02/12/2022 	_x86_64_	(4 CPU)

avg-cpu:  %user   %nice %system %iowait  %steal   %idle
          26.31    0.00    1.34    0.88    0.00   71.48

Device:            tps    kB_read/s    kB_wrtn/s    kB_read    kB_wrtn
loop0             0.00         0.00         0.00          5          0
sda               4.76        25.51       466.24   10815575  197652153
dm-0              2.38         3.44        14.24    1457489    6036452
dm-1              0.45         0.21         1.60      88524     678212
dm-2              5.76        21.84       450.40    9260524  190937436



successfully data re-inserted into tb_monitor, tb_discovery, tb_result & tb_dataDump table!
successfully data re-inserted into tb_monitor, tb_discovery, tb_result & tb_dataDump table!
successfully data re-inserted into tb_monitor, tb_discovery, tb_result & tb_dataDump table!
successfully data re-inserted into tb_monitor, tb_discovery, tb_result & tb_dataDump table!
successfully data re-inserted into tb_monitor, tb_discovery, tb_result & tb_dataDump table!
connected to 172.16.8.182
172.16.8.182 - checking channel connection...
172.16.8.182 - command output -> 
Linux ubuntu 4.4.0-131-generic #157-Ubuntu SMP Thu Jul 12 15:51:36 UTC 2018 x86_64 x86_64 x86_64 GNU/Linux


172.16.8.182 - checking channel connection...
172.16.8.182 - command output -> 
              total        used        free      shared  buff/cache   available
Mem:        8174812     5727704      307112       72516     2139996     2039260
Swap:       7999484      183236     7816248


172.16.8.182 - checking channel connection...
172.16.8.182 - command output -> 
Filesystem                Size  Used Avail Use% Mounted on
udev                      3.9G     0  3.9G   0% /dev
tmpfs                     799M   82M  717M  11% /run
/dev/mapper/vg0-root       14G  5.2G  8.1G  40% /
tmpfs                     3.9G     0  3.9G   0% /dev/shm
tmpfs                     5.0M     0  5.0M   0% /run/lock
tmpfs                     3.9G     0  3.9G   0% /sys/fs/cgroup
/dev/sda1                 361M   59M  280M  18% /boot
/dev/mapper/vg0-motadata   39G   16G   21G  44% /motadata
tmpfs                     799M     0  799M   0% /run/user/0


172.16.8.182 - checking channel connection...
172.16.8.182 - command output -> 
Linux 4.4.0-131-generic (ubuntu) 	02/12/2022 	_x86_64_	(4 CPU)

avg-cpu:  %user   %nice %system %iowait  %steal   %idle
          26.31    0.00    1.34    0.88    0.00   71.48

Device:            tps    kB_read/s    kB_wrtn/s    kB_read    kB_wrtn
loop0             0.00         0.00         0.00          5          0
sda               4.76        25.51       466.22   10815591  197672269
dm-0              2.38         3.44        14.24    1457489    6037200
dm-1              0.45         0.21         1.60      88524     678212
dm-2              5.76        21.84       450.38    9260540  190956804



successfully data re-inserted into tb_monitor, tb_discovery, tb_result & tb_dataDump table!
successfully data re-inserted into tb_monitor, tb_discovery, tb_result & tb_dataDump table!
successfully data re-inserted into tb_monitor, tb_discovery, tb_result & tb_dataDump table!
successfully data re-inserted into tb_monitor, tb_discovery, tb_result & tb_dataDump table!
successfully data re-inserted into tb_monitor, tb_discovery, tb_result & tb_dataDump table!
connected to 172.16.8.182
172.16.8.182 - checking channel connection...
172.16.8.182 - command output -> 
Linux ubuntu 4.4.0-131-generic #157-Ubuntu SMP Thu Jul 12 15:51:36 UTC 2018 x86_64 x86_64 x86_64 GNU/Linux


172.16.8.182 - checking channel connection...
172.16.8.182 - command output -> 
              total        used        free      shared  buff/cache   available
Mem:        8174812     5728456      307332       72488     2139024     2038516
Swap:       7999484      183236     7816248


172.16.8.182 - checking channel connection...
172.16.8.182 - command output -> 
Filesystem                Size  Used Avail Use% Mounted on
udev                      3.9G     0  3.9G   0% /dev
tmpfs                     799M   82M  717M  11% /run
/dev/mapper/vg0-root       14G  5.2G  8.1G  40% /
tmpfs                     3.9G     0  3.9G   0% /dev/shm
tmpfs                     5.0M     0  5.0M   0% /run/lock
tmpfs                     3.9G     0  3.9G   0% /sys/fs/cgroup
/dev/sda1                 361M   59M  280M  18% /boot
/dev/mapper/vg0-motadata   39G   16G   21G  44% /motadata
tmpfs                     799M     0  799M   0% /run/user/0


172.16.8.182 - checking channel connection...
172.16.8.182 - command output -> 
Linux 4.4.0-131-generic (ubuntu) 	02/12/2022 	_x86_64_	(4 CPU)

avg-cpu:  %user   %nice %system %iowait  %steal   %idle
          26.31    0.00    1.34    0.88    0.00   71.48

Device:            tps    kB_read/s    kB_wrtn/s    kB_read    kB_wrtn
loop0             0.00         0.00         0.00          5          0
sda               4.76        25.51       466.20   10815591  197692221
dm-0              2.38         3.44        14.24    1457489    6038224
dm-1              0.45         0.21         1.60      88524     678212
dm-2              5.76        21.84       450.36    9260540  190975732



successfully data re-inserted into tb_monitor, tb_discovery, tb_result & tb_dataDump table!
successfully data re-inserted into tb_monitor, tb_discovery, tb_result & tb_dataDump table!
successfully data re-inserted into tb_monitor, tb_discovery, tb_result & tb_dataDump table!
successfully data re-inserted into tb_monitor, tb_discovery, tb_result & tb_dataDump table!
successfully data re-inserted into tb_monitor, tb_discovery, tb_result & tb_dataDump table!
connected to 172.16.8.182
172.16.8.182 - checking channel connection...
172.16.8.182 - command output -> 
Linux ubuntu 4.4.0-131-generic #157-Ubuntu SMP Thu Jul 12 15:51:36 UTC 2018 x86_64 x86_64 x86_64 GNU/Linux


172.16.8.182 - checking channel connection...
172.16.8.182 - command output -> 
              total        used        free      shared  buff/cache   available
Mem:        8174812     5728460      306512       72516     2139840     2038528
Swap:       7999484      183236     7816248


172.16.8.182 - checking channel connection...
172.16.8.182 - command output -> 
Filesystem                Size  Used Avail Use% Mounted on
udev                      3.9G     0  3.9G   0% /dev
tmpfs                     799M   82M  717M  11% /run
/dev/mapper/vg0-root       14G  5.2G  8.1G  40% /
tmpfs                     3.9G     0  3.9G   0% /dev/shm
tmpfs                     5.0M     0  5.0M   0% /run/lock
tmpfs                     3.9G     0  3.9G   0% /sys/fs/cgroup
/dev/sda1                 361M   59M  280M  18% /boot
/dev/mapper/vg0-motadata   39G   16G   21G  44% /motadata
tmpfs                     799M     0  799M   0% /run/user/0


172.16.8.182 - checking channel connection...
172.16.8.182 - command output -> 
Linux 4.4.0-131-generic (ubuntu) 	02/12/2022 	_x86_64_	(4 CPU)

avg-cpu:  %user   %nice %system %iowait  %steal   %idle
          26.31    0.00    1.34    0.88    0.00   71.48

Device:            tps    kB_read/s    kB_wrtn/s    kB_read    kB_wrtn
loop0             0.00         0.00         0.00          5          0
sda               4.76        25.50       466.16   10815591  197702381
dm-0              2.38         3.44        14.24    1457489    6038764
dm-1              0.45         0.21         1.60      88524     678212
dm-2              5.76        21.84       450.32    9260540  190985352



successfully data re-inserted into tb_monitor, tb_discovery, tb_result & tb_dataDump table!
successfully data re-inserted into tb_monitor, tb_discovery, tb_result & tb_dataDump table!
successfully data re-inserted into tb_monitor, tb_discovery, tb_result & tb_dataDump table!
successfully data re-inserted into tb_monitor, tb_discovery, tb_result & tb_dataDump table!
successfully data re-inserted into tb_monitor, tb_discovery, tb_result & tb_dataDump table!
connected to 172.16.8.182
172.16.8.182 - checking channel connection...
172.16.8.182 - command output -> 
Linux ubuntu 4.4.0-131-generic #157-Ubuntu SMP Thu Jul 12 15:51:36 UTC 2018 x86_64 x86_64 x86_64 GNU/Linux


172.16.8.182 - checking channel connection...
172.16.8.182 - command output -> 
              total        used        free      shared  buff/cache   available
Mem:        8174812     5727508      305744       72516     2141560     2039504
Swap:       7999484      183236     7816248


172.16.8.182 - checking channel connection...
172.16.8.182 - command output -> 
Filesystem                Size  Used Avail Use% Mounted on
udev                      3.9G     0  3.9G   0% /dev
tmpfs                     799M   82M  717M  11% /run
/dev/mapper/vg0-root       14G  5.2G  8.1G  40% /
tmpfs                     3.9G     0  3.9G   0% /dev/shm
tmpfs                     5.0M     0  5.0M   0% /run/lock
tmpfs                     3.9G     0  3.9G   0% /sys/fs/cgroup
/dev/sda1                 361M   59M  280M  18% /boot
/dev/mapper/vg0-motadata   39G   16G   21G  44% /motadata
tmpfs                     799M     0  799M   0% /run/user/0


172.16.8.182 - checking channel connection...
172.16.8.182 - command output -> 
Linux 4.4.0-131-generic (ubuntu) 	02/12/2022 	_x86_64_	(4 CPU)

avg-cpu:  %user   %nice %system %iowait  %steal   %idle
          26.31    0.00    1.34    0.88    0.00   71.48

Device:            tps    kB_read/s    kB_wrtn/s    kB_read    kB_wrtn
loop0             0.00         0.00         0.00          5          0
sda               4.76        25.50       466.22   10815591  197756369
dm-0              2.38         3.44        14.24    1457489    6039412
dm-1              0.45         0.21         1.60      88524     678212
dm-2              5.76        21.83       450.38    9260540  191038692



successfully data re-inserted into tb_monitor, tb_discovery, tb_result & tb_dataDump table!
successfully data re-inserted into tb_monitor, tb_discovery, tb_result & tb_dataDump table!
successfully data re-inserted into tb_monitor, tb_discovery, tb_result & tb_dataDump table!
successfully data re-inserted into tb_monitor, tb_discovery, tb_result & tb_dataDump table!
successfully data re-inserted into tb_monitor, tb_discovery, tb_result & tb_dataDump table!
connected to 172.16.8.182
172.16.8.182 - checking channel connection...
172.16.8.182 - command output -> 
Linux ubuntu 4.4.0-131-generic #157-Ubuntu SMP Thu Jul 12 15:51:36 UTC 2018 x86_64 x86_64 x86_64 GNU/Linux


172.16.8.182 - checking channel connection...
172.16.8.182 - command output -> 
              total        used        free      shared  buff/cache   available
Mem:        8174812     5728896      301816       72512     2144100     2038144
Swap:       7999484      183236     7816248


172.16.8.182 - checking channel connection...
172.16.8.182 - command output -> 
Filesystem                Size  Used Avail Use% Mounted on
udev                      3.9G     0  3.9G   0% /dev
tmpfs                     799M   82M  717M  11% /run
/dev/mapper/vg0-root       14G  5.2G  8.1G  40% /
tmpfs                     3.9G     0  3.9G   0% /dev/shm
tmpfs                     5.0M     0  5.0M   0% /run/lock
tmpfs                     3.9G     0  3.9G   0% /sys/fs/cgroup
/dev/sda1                 361M   59M  280M  18% /boot
/dev/mapper/vg0-motadata   39G   16G   21G  44% /motadata
tmpfs                     799M     0  799M   0% /run/user/0


172.16.8.182 - checking channel connection...
172.16.8.182 - command output -> 
Linux 4.4.0-131-generic (ubuntu) 	02/12/2022 	_x86_64_	(4 CPU)

avg-cpu:  %user   %nice %system %iowait  %steal   %idle
          26.31    0.00    1.34    0.88    0.00   71.48

Device:            tps    kB_read/s    kB_wrtn/s    kB_read    kB_wrtn
loop0             0.00         0.00         0.00          5          0
sda               4.76        25.49       466.25   10815607  197794689
dm-0              2.38         3.44        14.24    1457489    6040032
dm-1              0.45         0.21         1.60      88524     678212
dm-2              5.76        21.83       450.41    9260556  191076392



successfully data re-inserted into tb_monitor, tb_discovery, tb_result & tb_dataDump table!
successfully data re-inserted into tb_monitor, tb_discovery, tb_result & tb_dataDump table!
successfully data re-inserted into tb_monitor, tb_discovery, tb_result & tb_dataDump table!
successfully data re-inserted into tb_monitor, tb_discovery, tb_result & tb_dataDump table!
successfully data re-inserted into tb_monitor, tb_discovery, tb_result & tb_dataDump table!
connected to 172.16.8.182
172.16.8.182 - checking channel connection...
172.16.8.182 - command output -> 
Linux ubuntu 4.4.0-131-generic #157-Ubuntu SMP Thu Jul 12 15:51:36 UTC 2018 x86_64 x86_64 x86_64 GNU/Linux


172.16.8.182 - checking channel connection...
172.16.8.182 - command output -> 
              total        used        free      shared  buff/cache   available
Mem:        8174812     5727716      302160       72516     2144936     2039300
Swap:       7999484      183236     7816248


172.16.8.182 - checking channel connection...
172.16.8.182 - command output -> 
Filesystem                Size  Used Avail Use% Mounted on
udev                      3.9G     0  3.9G   0% /dev
tmpfs                     799M   82M  717M  11% /run
/dev/mapper/vg0-root       14G  5.2G  8.1G  40% /
tmpfs                     3.9G     0  3.9G   0% /dev/shm
tmpfs                     5.0M     0  5.0M   0% /run/lock
tmpfs                     3.9G     0  3.9G   0% /sys/fs/cgroup
/dev/sda1                 361M   59M  280M  18% /boot
/dev/mapper/vg0-motadata   39G   16G   21G  44% /motadata
tmpfs                     799M     0  799M   0% /run/user/0


172.16.8.182 - checking channel connection...
172.16.8.182 - command output -> 
Linux 4.4.0-131-generic (ubuntu) 	02/12/2022 	_x86_64_	(4 CPU)

avg-cpu:  %user   %nice %system %iowait  %steal   %idle
          26.31    0.00    1.34    0.88    0.00   71.48

Device:            tps    kB_read/s    kB_wrtn/s    kB_read    kB_wrtn
loop0             0.00         0.00         0.00          5          0
sda               4.76        25.49       466.23   10815607  197816233
dm-0              2.38         3.44        14.24    1457489    6040624
dm-1              0.45         0.21         1.60      88524     678212
dm-2              5.76        21.83       450.39    9260556  191097344



successfully data re-inserted into tb_monitor, tb_discovery, tb_result & tb_dataDump table!
successfully data re-inserted into tb_monitor, tb_discovery, tb_result & tb_dataDump table!
successfully data re-inserted into tb_monitor, tb_discovery, tb_result & tb_dataDump table!
successfully data re-inserted into tb_monitor, tb_discovery, tb_result & tb_dataDump table!
successfully data re-inserted into tb_monitor, tb_discovery, tb_result & tb_dataDump table!
connected to 172.16.8.182
172.16.8.182 - checking channel connection...
172.16.8.182 - command output -> 
Linux ubuntu 4.4.0-131-generic #157-Ubuntu SMP Thu Jul 12 15:51:36 UTC 2018 x86_64 x86_64 x86_64 GNU/Linux


172.16.8.182 - checking channel connection...
172.16.8.182 - command output -> 
              total        used        free      shared  buff/cache   available
Mem:        8174812     5719936      307092       72488     2147784     2047100
Swap:       7999484      183236     7816248


172.16.8.182 - checking channel connection...
172.16.8.182 - command output -> 
Filesystem                Size  Used Avail Use% Mounted on
udev                      3.9G     0  3.9G   0% /dev
tmpfs                     799M   82M  717M  11% /run
/dev/mapper/vg0-root       14G  5.2G  8.1G  40% /
tmpfs                     3.9G     0  3.9G   0% /dev/shm
tmpfs                     5.0M     0  5.0M   0% /run/lock
tmpfs                     3.9G     0  3.9G   0% /sys/fs/cgroup
/dev/sda1                 361M   59M  280M  18% /boot
/dev/mapper/vg0-motadata   39G   16G   21G  44% /motadata
tmpfs                     799M     0  799M   0% /run/user/0


172.16.8.182 - checking channel connection...
172.16.8.182 - command output -> 
Linux 4.4.0-131-generic (ubuntu) 	02/12/2022 	_x86_64_	(4 CPU)

avg-cpu:  %user   %nice %system %iowait  %steal   %idle
          26.31    0.00    1.34    0.88    0.00   71.48

Device:            tps    kB_read/s    kB_wrtn/s    kB_read    kB_wrtn
loop0             0.00         0.00         0.00          5          0
sda               4.76        25.49       466.21   10815607  197835941
dm-0              2.38         3.43        14.24    1457489    6041528
dm-1              0.45         0.21         1.60      88524     678212
dm-2              5.76        21.82       450.38    9260556  191116148



successfully data re-inserted into tb_monitor, tb_discovery, tb_result & tb_dataDump table!
successfully data re-inserted into tb_monitor, tb_discovery, tb_result & tb_dataDump table!
successfully data re-inserted into tb_monitor, tb_discovery, tb_result & tb_dataDump table!
successfully data re-inserted into tb_monitor, tb_discovery, tb_result & tb_dataDump table!
successfully data re-inserted into tb_monitor, tb_discovery, tb_result & tb_dataDump table!
connected to 172.16.8.182
172.16.8.182 - checking channel connection...
172.16.8.182 - command output -> 
Linux ubuntu 4.4.0-131-generic #157-Ubuntu SMP Thu Jul 12 15:51:36 UTC 2018 x86_64 x86_64 x86_64 GNU/Linux


172.16.8.182 - checking channel connection...
172.16.8.182 - command output -> 
              total        used        free      shared  buff/cache   available
Mem:        8174812     5722744      302908       72516     2149160     2044288
Swap:       7999484      183236     7816248


172.16.8.182 - checking channel connection...
172.16.8.182 - command output -> 
Filesystem                Size  Used Avail Use% Mounted on
udev                      3.9G     0  3.9G   0% /dev
tmpfs                     799M   82M  717M  11% /run
/dev/mapper/vg0-root       14G  5.2G  8.1G  40% /
tmpfs                     3.9G     0  3.9G   0% /dev/shm
tmpfs                     5.0M     0  5.0M   0% /run/lock
tmpfs                     3.9G     0  3.9G   0% /sys/fs/cgroup
/dev/sda1                 361M   59M  280M  18% /boot
/dev/mapper/vg0-motadata   39G   16G   21G  44% /motadata
tmpfs                     799M     0  799M   0% /run/user/0


172.16.8.182 - checking channel connection...
172.16.8.182 - command output -> 
Linux 4.4.0-131-generic (ubuntu) 	02/12/2022 	_x86_64_	(4 CPU)

avg-cpu:  %user   %nice %system %iowait  %steal   %idle
          26.31    0.00    1.34    0.88    0.00   71.48

Device:            tps    kB_read/s    kB_wrtn/s    kB_read    kB_wrtn
loop0             0.00         0.00         0.00          5          0
sda               4.76        25.48       466.18   10815607  197853161
dm-0              2.38         3.43        14.24    1457489    6042240
dm-1              0.45         0.21         1.60      88524     678212
dm-2              5.76        21.82       450.35    9260556  191132656



successfully data re-inserted into tb_monitor, tb_discovery, tb_result & tb_dataDump table!
successfully data re-inserted into tb_monitor, tb_discovery, tb_result & tb_dataDump table!
successfully data re-inserted into tb_monitor, tb_discovery, tb_result & tb_dataDump table!
successfully data re-inserted into tb_monitor, tb_discovery, tb_result & tb_dataDump table!
successfully data re-inserted into tb_monitor, tb_discovery, tb_result & tb_dataDump table!
connected to 172.16.8.182
172.16.8.182 - checking channel connection...
172.16.8.182 - command output -> 
Linux ubuntu 4.4.0-131-generic #157-Ubuntu SMP Thu Jul 12 15:51:36 UTC 2018 x86_64 x86_64 x86_64 GNU/Linux


172.16.8.182 - checking channel connection...
172.16.8.182 - command output -> 
              total        used        free      shared  buff/cache   available
Mem:        8174812     5722200      299200       72516     2153412     2044828
Swap:       7999484      183236     7816248


172.16.8.182 - checking channel connection...
172.16.8.182 - command output -> 
Filesystem                Size  Used Avail Use% Mounted on
udev                      3.9G     0  3.9G   0% /dev
tmpfs                     799M   82M  717M  11% /run
/dev/mapper/vg0-root       14G  5.2G  8.1G  40% /
tmpfs                     3.9G     0  3.9G   0% /dev/shm
tmpfs                     5.0M     0  5.0M   0% /run/lock
tmpfs                     3.9G     0  3.9G   0% /sys/fs/cgroup
/dev/sda1                 361M   59M  280M  18% /boot
/dev/mapper/vg0-motadata   39G   16G   21G  44% /motadata
tmpfs                     799M     0  799M   0% /run/user/0


172.16.8.182 - checking channel connection...
172.16.8.182 - command output -> 
Linux 4.4.0-131-generic (ubuntu) 	02/12/2022 	_x86_64_	(4 CPU)

avg-cpu:  %user   %nice %system %iowait  %steal   %idle
          26.31    0.00    1.34    0.88    0.00   71.48

Device:            tps    kB_read/s    kB_wrtn/s    kB_read    kB_wrtn
loop0             0.00         0.00         0.00          5          0
sda               4.76        25.48       466.33   10815607  197941097
dm-0              2.38         3.43        14.24    1457489    6042792
dm-1              0.45         0.21         1.60      88524     678212
dm-2              5.76        21.82       450.49    9260556  191220040



successfully data re-inserted into tb_monitor, tb_discovery, tb_result & tb_dataDump table!
successfully data re-inserted into tb_monitor, tb_discovery, tb_result & tb_dataDump table!
successfully data re-inserted into tb_monitor, tb_discovery, tb_result & tb_dataDump table!
successfully data re-inserted into tb_monitor, tb_discovery, tb_result & tb_dataDump table!
successfully data re-inserted into tb_monitor, tb_discovery, tb_result & tb_dataDump table!
connected to 172.16.8.182
172.16.8.182 - checking channel connection...
172.16.8.182 - command output -> 
Linux ubuntu 4.4.0-131-generic #157-Ubuntu SMP Thu Jul 12 15:51:36 UTC 2018 x86_64 x86_64 x86_64 GNU/Linux


172.16.8.182 - checking channel connection...
172.16.8.182 - command output -> 
              total        used        free      shared  buff/cache   available
Mem:        8174812     5725304      294836       72516     2154672     2041672
Swap:       7999484      183236     7816248


172.16.8.182 - checking channel connection...
172.16.8.182 - command output -> 
Filesystem                Size  Used Avail Use% Mounted on
udev                      3.9G     0  3.9G   0% /dev
tmpfs                     799M   82M  717M  11% /run
/dev/mapper/vg0-root       14G  5.2G  8.1G  40% /
tmpfs                     3.9G     0  3.9G   0% /dev/shm
tmpfs                     5.0M     0  5.0M   0% /run/lock
tmpfs                     3.9G     0  3.9G   0% /sys/fs/cgroup
/dev/sda1                 361M   59M  280M  18% /boot
/dev/mapper/vg0-motadata   39G   16G   21G  44% /motadata
tmpfs                     799M     0  799M   0% /run/user/0


172.16.8.182 - checking channel connection...
172.16.8.182 - command output -> 
Linux 4.4.0-131-generic (ubuntu) 	02/12/2022 	_x86_64_	(4 CPU)

avg-cpu:  %user   %nice %system %iowait  %steal   %idle
          26.31    0.00    1.34    0.88    0.00   71.48

Device:            tps    kB_read/s    kB_wrtn/s    kB_read    kB_wrtn
loop0             0.00         0.00         0.00          5          0
sda               4.76        25.48       466.37   10815607  197985585
dm-0              2.38         3.43        14.24    1457489    6043456
dm-1              0.45         0.21         1.60      88524     678212
dm-2              5.76        21.81       450.53    9260556  191263864



successfully data re-inserted into tb_monitor, tb_discovery, tb_result & tb_dataDump table!
successfully data re-inserted into tb_monitor, tb_discovery, tb_result & tb_dataDump table!
successfully data re-inserted into tb_monitor, tb_discovery, tb_result & tb_dataDump table!
successfully data re-inserted into tb_monitor, tb_discovery, tb_result & tb_dataDump table!
successfully data re-inserted into tb_monitor, tb_discovery, tb_result & tb_dataDump table!
connected to 172.16.8.182
172.16.8.182 - checking channel connection...
172.16.8.182 - command output -> 
Linux ubuntu 4.4.0-131-generic #157-Ubuntu SMP Thu Jul 12 15:51:36 UTC 2018 x86_64 x86_64 x86_64 GNU/Linux


172.16.8.182 - checking channel connection...
172.16.8.182 - command output -> 
              total        used        free      shared  buff/cache   available
Mem:        8174812     5725900      292972       72516     2155940     2041088
Swap:       7999484      183236     7816248


172.16.8.182 - checking channel connection...
172.16.8.182 - command output -> 
Filesystem                Size  Used Avail Use% Mounted on
udev                      3.9G     0  3.9G   0% /dev
tmpfs                     799M   82M  717M  11% /run
/dev/mapper/vg0-root       14G  5.2G  8.1G  40% /
tmpfs                     3.9G     0  3.9G   0% /dev/shm
tmpfs                     5.0M     0  5.0M   0% /run/lock
tmpfs                     3.9G     0  3.9G   0% /sys/fs/cgroup
/dev/sda1                 361M   59M  280M  18% /boot
/dev/mapper/vg0-motadata   39G   16G   21G  44% /motadata
tmpfs                     799M     0  799M   0% /run/user/0


172.16.8.182 - checking channel connection...
172.16.8.182 - command output -> 
Linux 4.4.0-131-generic (ubuntu) 	02/12/2022 	_x86_64_	(4 CPU)

avg-cpu:  %user   %nice %system %iowait  %steal   %idle
          26.31    0.00    1.34    0.88    0.00   71.48

Device:            tps    kB_read/s    kB_wrtn/s    kB_read    kB_wrtn
loop0             0.00         0.00         0.00          5          0
sda               4.76        25.47       466.32   10815607  197995593
dm-0              2.38         3.43        14.24    1457489    6044128
dm-1              0.45         0.21         1.60      88524     678212
dm-2              5.76        21.81       450.49    9260556  191273200



successfully data re-inserted into tb_monitor, tb_discovery, tb_result & tb_dataDump table!
successfully data re-inserted into tb_monitor, tb_discovery, tb_result & tb_dataDump table!
successfully data re-inserted into tb_monitor, tb_discovery, tb_result & tb_dataDump table!
successfully data re-inserted into tb_monitor, tb_discovery, tb_result & tb_dataDump table!
successfully data re-inserted into tb_monitor, tb_discovery, tb_result & tb_dataDump table!
connected to 172.16.8.182
172.16.8.182 - checking channel connection...
172.16.8.182 - command output -> 
Linux ubuntu 4.4.0-131-generic #157-Ubuntu SMP Thu Jul 12 15:51:36 UTC 2018 x86_64 x86_64 x86_64 GNU/Linux


172.16.8.182 - checking channel connection...
172.16.8.182 - command output -> 
              total        used        free      shared  buff/cache   available
Mem:        8174812     5726492      289984       72516     2158336     2040552
Swap:       7999484      183236     7816248


172.16.8.182 - checking channel connection...
172.16.8.182 - command output -> 
Filesystem                Size  Used Avail Use% Mounted on
udev                      3.9G     0  3.9G   0% /dev
tmpfs                     799M   82M  717M  11% /run
/dev/mapper/vg0-root       14G  5.2G  8.1G  40% /
tmpfs                     3.9G     0  3.9G   0% /dev/shm
tmpfs                     5.0M     0  5.0M   0% /run/lock
tmpfs                     3.9G     0  3.9G   0% /sys/fs/cgroup
/dev/sda1                 361M   59M  280M  18% /boot
/dev/mapper/vg0-motadata   39G   16G   21G  44% /motadata
tmpfs                     799M     0  799M   0% /run/user/0


172.16.8.182 - checking channel connection...
172.16.8.182 - command output -> 
Linux 4.4.0-131-generic (ubuntu) 	02/12/2022 	_x86_64_	(4 CPU)

avg-cpu:  %user   %nice %system %iowait  %steal   %idle
          26.31    0.00    1.34    0.88    0.00   71.48

Device:            tps    kB_read/s    kB_wrtn/s    kB_read    kB_wrtn
loop0             0.00         0.00         0.00          5          0
sda               4.76        25.47       466.30   10815607  198014329
dm-0              2.38         3.43        14.23    1457489    6044712
dm-1              0.45         0.21         1.60      88524     678212
dm-2              5.76        21.81       450.47    9260556  191291352



successfully data re-inserted into tb_monitor, tb_discovery, tb_result & tb_dataDump table!
successfully data re-inserted into tb_monitor, tb_discovery, tb_result & tb_dataDump table!
successfully data re-inserted into tb_monitor, tb_discovery, tb_result & tb_dataDump table!
successfully data re-inserted into tb_monitor, tb_discovery, tb_result & tb_dataDump table!
successfully data re-inserted into tb_monitor, tb_discovery, tb_result & tb_dataDump table!
connected to 172.16.8.182
172.16.8.182 - checking channel connection...
172.16.8.182 - command output -> 
Linux ubuntu 4.4.0-131-generic #157-Ubuntu SMP Thu Jul 12 15:51:36 UTC 2018 x86_64 x86_64 x86_64 GNU/Linux


172.16.8.182 - checking channel connection...
172.16.8.182 - command output -> 
              total        used        free      shared  buff/cache   available
Mem:        8174812     5726904      289532       72516     2158376     2040060
Swap:       7999484      183236     7816248


172.16.8.182 - checking channel connection...
172.16.8.182 - command output -> 
Filesystem                Size  Used Avail Use% Mounted on
udev                      3.9G     0  3.9G   0% /dev
tmpfs                     799M   82M  717M  11% /run
/dev/mapper/vg0-root       14G  5.2G  8.1G  40% /
tmpfs                     3.9G     0  3.9G   0% /dev/shm
tmpfs                     5.0M     0  5.0M   0% /run/lock
tmpfs                     3.9G     0  3.9G   0% /sys/fs/cgroup
/dev/sda1                 361M   59M  280M  18% /boot
/dev/mapper/vg0-motadata   39G   16G   21G  44% /motadata
tmpfs                     799M     0  799M   0% /run/user/0


172.16.8.182 - checking channel connection...
172.16.8.182 - command output -> 
Linux 4.4.0-131-generic (ubuntu) 	02/12/2022 	_x86_64_	(4 CPU)

avg-cpu:  %user   %nice %system %iowait  %steal   %idle
          26.31    0.00    1.34    0.88    0.00   71.48

Device:            tps    kB_read/s    kB_wrtn/s    kB_read    kB_wrtn
loop0             0.00         0.00         0.00          5          0
sda               4.76        25.47       466.28   10815607  198031449
dm-0              2.38         3.43        14.23    1457489    6045344
dm-1              0.45         0.21         1.60      88524     678212
dm-2              5.76        21.80       450.45    9260556  191307840



successfully data re-inserted into tb_monitor, tb_discovery, tb_result & tb_dataDump table!
successfully data re-inserted into tb_monitor, tb_discovery, tb_result & tb_dataDump table!
successfully data re-inserted into tb_monitor, tb_discovery, tb_result & tb_dataDump table!
successfully data re-inserted into tb_monitor, tb_discovery, tb_result & tb_dataDump table!
successfully data re-inserted into tb_monitor, tb_discovery, tb_result & tb_dataDump table!
connected to 172.16.8.182
172.16.8.182 - checking channel connection...
172.16.8.182 - command output -> 
Linux ubuntu 4.4.0-131-generic #157-Ubuntu SMP Thu Jul 12 15:51:36 UTC 2018 x86_64 x86_64 x86_64 GNU/Linux


172.16.8.182 - checking channel connection...
172.16.8.182 - command output -> 
              total        used        free      shared  buff/cache   available
Mem:        8174812     5721940      289564       72516     2163308     2045248
Swap:       7999484      183228     7816256


172.16.8.182 - checking channel connection...
172.16.8.182 - command output -> 
Filesystem                Size  Used Avail Use% Mounted on
udev                      3.9G     0  3.9G   0% /dev
tmpfs                     799M   82M  717M  11% /run
/dev/mapper/vg0-root       14G  5.2G  8.1G  40% /
tmpfs                     3.9G     0  3.9G   0% /dev/shm
tmpfs                     5.0M     0  5.0M   0% /run/lock
tmpfs                     3.9G     0  3.9G   0% /sys/fs/cgroup
/dev/sda1                 361M   59M  280M  18% /boot
/dev/mapper/vg0-motadata   39G   16G   21G  44% /motadata
tmpfs                     799M     0  799M   0% /run/user/0


172.16.8.182 - checking channel connection...
172.16.8.182 - command output -> 
Linux 4.4.0-131-generic (ubuntu) 	02/12/2022 	_x86_64_	(4 CPU)

avg-cpu:  %user   %nice %system %iowait  %steal   %idle
          26.31    0.00    1.34    0.88    0.00   71.48

Device:            tps    kB_read/s    kB_wrtn/s    kB_read    kB_wrtn
loop0             0.00         0.00         0.00          5          0
sda               4.76        25.46       466.32   10815619  198078665
dm-0              2.38         3.43        14.23    1457489    6046216
dm-1              0.45         0.21         1.60      88536     678212
dm-2              5.76        21.80       450.49    9260556  191354184



successfully data re-inserted into tb_monitor, tb_discovery, tb_result & tb_dataDump table!
successfully data re-inserted into tb_monitor, tb_discovery, tb_result & tb_dataDump table!
successfully data re-inserted into tb_monitor, tb_discovery, tb_result & tb_dataDump table!
successfully data re-inserted into tb_monitor, tb_discovery, tb_result & tb_dataDump table!
successfully data re-inserted into tb_monitor, tb_discovery, tb_result & tb_dataDump table!
connected to 172.16.8.182
172.16.8.182 - checking channel connection...
172.16.8.182 - command output -> 
Linux ubuntu 4.4.0-131-generic #157-Ubuntu SMP Thu Jul 12 15:51:36 UTC 2018 x86_64 x86_64 x86_64 GNU/Linux


172.16.8.182 - checking channel connection...
172.16.8.182 - command output -> 
              total        used        free      shared  buff/cache   available
Mem:        8174812     5724700      286208       72516     2163904     2042292
Swap:       7999484      183228     7816256


172.16.8.182 - checking channel connection...
172.16.8.182 - command output -> 
Filesystem                Size  Used Avail Use% Mounted on
udev                      3.9G     0  3.9G   0% /dev
tmpfs                     799M   82M  717M  11% /run
/dev/mapper/vg0-root       14G  5.2G  8.1G  40% /
tmpfs                     3.9G     0  3.9G   0% /dev/shm
tmpfs                     5.0M     0  5.0M   0% /run/lock
tmpfs                     3.9G     0  3.9G   0% /sys/fs/cgroup
/dev/sda1                 361M   59M  280M  18% /boot
/dev/mapper/vg0-motadata   39G   16G   21G  44% /motadata
tmpfs                     799M     0  799M   0% /run/user/0


172.16.8.182 - checking channel connection...
172.16.8.182 - command output -> 
Linux 4.4.0-131-generic (ubuntu) 	02/12/2022 	_x86_64_	(4 CPU)

avg-cpu:  %user   %nice %system %iowait  %steal   %idle
          26.31    0.00    1.34    0.88    0.00   71.48

Device:            tps    kB_read/s    kB_wrtn/s    kB_read    kB_wrtn
loop0             0.00         0.00         0.00          5          0
sda               4.76        25.46       466.29   10815619  198093389
dm-0              2.38         3.43        14.23    1457489    6046868
dm-1              0.45         0.21         1.60      88536     678212
dm-2              5.76        21.80       450.46    9260556  191368256



successfully data re-inserted into tb_monitor, tb_discovery, tb_result & tb_dataDump table!
successfully data re-inserted into tb_monitor, tb_discovery, tb_result & tb_dataDump table!
successfully data re-inserted into tb_monitor, tb_discovery, tb_result & tb_dataDump table!
successfully data re-inserted into tb_monitor, tb_discovery, tb_result & tb_dataDump table!
successfully data re-inserted into tb_monitor, tb_discovery, tb_result & tb_dataDump table!
connected to 172.16.8.182
172.16.8.182 - checking channel connection...
172.16.8.182 - command output -> 
Linux ubuntu 4.4.0-131-generic #157-Ubuntu SMP Thu Jul 12 15:51:36 UTC 2018 x86_64 x86_64 x86_64 GNU/Linux


172.16.8.182 - checking channel connection...
172.16.8.182 - command output -> 
              total        used        free      shared  buff/cache   available
Mem:        8174812     5720796      290384       72516     2163632     2046208
Swap:       7999484      183228     7816256


172.16.8.182 - checking channel connection...
172.16.8.182 - command output -> 
Filesystem                Size  Used Avail Use% Mounted on
udev                      3.9G     0  3.9G   0% /dev
tmpfs                     799M   82M  717M  11% /run
/dev/mapper/vg0-root       14G  5.2G  8.1G  40% /
tmpfs                     3.9G     0  3.9G   0% /dev/shm
tmpfs                     5.0M     0  5.0M   0% /run/lock
tmpfs                     3.9G     0  3.9G   0% /sys/fs/cgroup
/dev/sda1                 361M   59M  280M  18% /boot
/dev/mapper/vg0-motadata   39G   16G   21G  44% /motadata
tmpfs                     799M     0  799M   0% /run/user/0


172.16.8.182 - checking channel connection...
172.16.8.182 - command output -> 
Linux 4.4.0-131-generic (ubuntu) 	02/12/2022 	_x86_64_	(4 CPU)

avg-cpu:  %user   %nice %system %iowait  %steal   %idle
          26.31    0.00    1.34    0.88    0.00   71.48

Device:            tps    kB_read/s    kB_wrtn/s    kB_read    kB_wrtn
loop0             0.00         0.00         0.00          5          0
sda               4.76        25.46       466.26   10815619  198110401
dm-0              2.38         3.43        14.23    1457489    6047560
dm-1              0.45         0.21         1.60      88536     678212
dm-2              5.76        21.80       450.44    9260556  191384576



successfully data re-inserted into tb_monitor, tb_discovery, tb_result & tb_dataDump table!
successfully data re-inserted into tb_monitor, tb_discovery, tb_result & tb_dataDump table!
successfully data re-inserted into tb_monitor, tb_discovery, tb_result & tb_dataDump table!
successfully data re-inserted into tb_monitor, tb_discovery, tb_result & tb_dataDump table!
successfully data re-inserted into tb_monitor, tb_discovery, tb_result & tb_dataDump table!
connected to 172.16.8.182
172.16.8.182 - checking channel connection...
172.16.8.182 - command output -> 
Linux ubuntu 4.4.0-131-generic #157-Ubuntu SMP Thu Jul 12 15:51:36 UTC 2018 x86_64 x86_64 x86_64 GNU/Linux


172.16.8.182 - checking channel connection...
172.16.8.182 - command output -> 
              total        used        free      shared  buff/cache   available
Mem:        8174812     5720680      287808       72488     2166324     2046340
Swap:       7999484      183228     7816256


172.16.8.182 - checking channel connection...
172.16.8.182 - command output -> 
Filesystem                Size  Used Avail Use% Mounted on
udev                      3.9G     0  3.9G   0% /dev
tmpfs                     799M   82M  717M  11% /run
/dev/mapper/vg0-root       14G  5.2G  8.1G  40% /
tmpfs                     3.9G     0  3.9G   0% /dev/shm
tmpfs                     5.0M     0  5.0M   0% /run/lock
tmpfs                     3.9G     0  3.9G   0% /sys/fs/cgroup
/dev/sda1                 361M   59M  280M  18% /boot
/dev/mapper/vg0-motadata   39G   16G   21G  44% /motadata
tmpfs                     799M     0  799M   0% /run/user/0


172.16.8.182 - checking channel connection...
172.16.8.182 - command output -> 
Linux 4.4.0-131-generic (ubuntu) 	02/12/2022 	_x86_64_	(4 CPU)

avg-cpu:  %user   %nice %system %iowait  %steal   %idle
          26.31    0.00    1.34    0.88    0.00   71.48

Device:            tps    kB_read/s    kB_wrtn/s    kB_read    kB_wrtn
loop0             0.00         0.00         0.00          5          0
sda               4.76        25.45       466.24   10815619  198126129
dm-0              2.38         3.43        14.23    1457489    6048276
dm-1              0.45         0.21         1.60      88536     678212
dm-2              5.76        21.79       450.41    9260556  191399588



successfully data re-inserted into tb_monitor, tb_discovery, tb_result & tb_dataDump table!
successfully data re-inserted into tb_monitor, tb_discovery, tb_result & tb_dataDump table!
successfully data re-inserted into tb_monitor, tb_discovery, tb_result & tb_dataDump table!
successfully data re-inserted into tb_monitor, tb_discovery, tb_result & tb_dataDump table!
successfully data re-inserted into tb_monitor, tb_discovery, tb_result & tb_dataDump table!
connected to 172.16.8.182
172.16.8.182 - checking channel connection...
172.16.8.182 - command output -> 
Linux ubuntu 4.4.0-131-generic #157-Ubuntu SMP Thu Jul 12 15:51:36 UTC 2018 x86_64 x86_64 x86_64 GNU/Linux


172.16.8.182 - checking channel connection...
172.16.8.182 - command output -> 
              total        used        free      shared  buff/cache   available
Mem:        8174812     5721864      285664       72516     2167284     2045188
Swap:       7999484      183228     7816256


172.16.8.182 - checking channel connection...
172.16.8.182 - command output -> 
Filesystem                Size  Used Avail Use% Mounted on
udev                      3.9G     0  3.9G   0% /dev
tmpfs                     799M   82M  717M  11% /run
/dev/mapper/vg0-root       14G  5.2G  8.1G  40% /
tmpfs                     3.9G     0  3.9G   0% /dev/shm
tmpfs                     5.0M     0  5.0M   0% /run/lock
tmpfs                     3.9G     0  3.9G   0% /sys/fs/cgroup
/dev/sda1                 361M   59M  280M  18% /boot
/dev/mapper/vg0-motadata   39G   16G   21G  44% /motadata
tmpfs                     799M     0  799M   0% /run/user/0


172.16.8.182 - checking channel connection...
172.16.8.182 - command output -> 
Linux 4.4.0-131-generic (ubuntu) 	02/12/2022 	_x86_64_	(4 CPU)

avg-cpu:  %user   %nice %system %iowait  %steal   %idle
          26.31    0.00    1.34    0.88    0.00   71.48

Device:            tps    kB_read/s    kB_wrtn/s    kB_read    kB_wrtn
loop0             0.00         0.00         0.00          5          0
sda               4.76        25.45       466.20   10815619  198144917
dm-0              2.38         3.43        14.23    1457489    6049332
dm-1              0.45         0.21         1.60      88536     678212
dm-2              5.76        21.79       450.37    9260556  191417320



successfully data re-inserted into tb_monitor, tb_discovery, tb_result & tb_dataDump table!
successfully data re-inserted into tb_monitor, tb_discovery, tb_result & tb_dataDump table!
successfully data re-inserted into tb_monitor, tb_discovery, tb_result & tb_dataDump table!
successfully data re-inserted into tb_monitor, tb_discovery, tb_result & tb_dataDump table!
successfully data re-inserted into tb_monitor, tb_discovery, tb_result & tb_dataDump table!
connected to 172.16.8.182
172.16.8.182 - checking channel connection...
172.16.8.182 - command output -> 
Linux ubuntu 4.4.0-131-generic #157-Ubuntu SMP Thu Jul 12 15:51:36 UTC 2018 x86_64 x86_64 x86_64 GNU/Linux


172.16.8.182 - checking channel connection...
172.16.8.182 - command output -> 
              total        used        free      shared  buff/cache   available
Mem:        8174812     5722168      277612       72516     2175032     2044840
Swap:       7999484      183228     7816256


172.16.8.182 - checking channel connection...
172.16.8.182 - command output -> 
Filesystem                Size  Used Avail Use% Mounted on
udev                      3.9G     0  3.9G   0% /dev
tmpfs                     799M   82M  717M  11% /run
/dev/mapper/vg0-root       14G  5.2G  8.1G  40% /
tmpfs                     3.9G     0  3.9G   0% /dev/shm
tmpfs                     5.0M     0  5.0M   0% /run/lock
tmpfs                     3.9G     0  3.9G   0% /sys/fs/cgroup
/dev/sda1                 361M   59M  280M  18% /boot
/dev/mapper/vg0-motadata   39G   16G   21G  44% /motadata
tmpfs                     799M     0  799M   0% /run/user/0


