------- successfully data re-inserted into tb_discovery & tb_result table! --------
------- successfully data re-inserted into tb_discovery & tb_result table! --------
checking connection with 172.16.8.182 and port 22
checking connection with 172.16.8.182 and port 22
------- successfully data re-inserted into tb_discovery & tb_result table! --------
------- successfully data re-inserted into tb_discovery & tb_result table! --------
checking connection with 172.16.8.182 and port 22
------- successfully data re-inserted into tb_discovery & tb_result table! --------
------- successfully data re-inserted into tb_discovery & tb_result table! --------
checking connection with 172.16.8.182 and port 22
------- successfully data re-inserted into tb_discovery & tb_result table! --------
------- successfully data re-inserted into tb_discovery & tb_result table! --------
checking connection with 172.16.8.182 and port 22
172.16.8.182 - connection established!
connected to 172.16.8.182
172.16.8.182 - executing command uname -a
172.16.8.182 - checking channel connection...
172.16.8.182 - channel is currently connected...
172.16.8.182 - command output -> 
Linux ubuntu 4.4.0-131-generic #157-Ubuntu SMP Thu Jul 12 15:51:36 UTC 2018 x86_64 x86_64 x86_64 GNU/Linux


172.16.8.182 - channel is closed for communication!
172.16.8.182 - executing command free
172.16.8.182 - checking channel connection...
172.16.8.182 - channel is currently connected...
172.16.8.182 - command output -> 
              total        used        free      shared  buff/cache   available
Mem:        8174812     5888044      131852       36256     2154916     1882364
Swap:       7999484      166784     7832700


172.16.8.182 - channel is closed for communication!
172.16.8.182 - executing command df -h
172.16.8.182 - checking channel connection...
172.16.8.182 - channel is currently connected...
172.16.8.182 - command output -> 
Filesystem                Size  Used Avail Use% Mounted on
udev                      3.9G     0  3.9G   0% /dev
tmpfs                     799M   82M  717M  11% /run
/dev/mapper/vg0-root       14G  4.7G  8.7G  35% /
tmpfs                     3.9G     0  3.9G   0% /dev/shm
tmpfs                     5.0M     0  5.0M   0% /run/lock
tmpfs                     3.9G     0  3.9G   0% /sys/fs/cgroup
/dev/sda1                 361M   59M  280M  18% /boot
/dev/mapper/vg0-motadata   39G   13G   25G  34% /motadata
tmpfs                     799M     0  799M   0% /run/user/0


172.16.8.182 - channel is closed for communication!
172.16.8.182 - executing command iostat
172.16.8.182 - checking channel connection...
172.16.8.182 - channel is currently connected...
172.16.8.182 - command output -> 
Linux 4.4.0-131-generic (ubuntu) 	01/30/2022 	_x86_64_	(4 CPU)

avg-cpu:  %user   %nice %system %iowait  %steal   %idle
           1.67    0.00    1.82    1.03    0.00   95.48

Device:            tps    kB_read/s    kB_wrtn/s    kB_read    kB_wrtn
loop0             0.00         0.00         0.00          8          0
sda               4.34         5.38       420.98    7882902  616280893
dm-0              2.15         4.07        13.76    5956733   20143536
dm-1              0.33         0.12         1.20     179112    1753736
dm-2              5.37         1.19       406.02    1738052  594383568



172.16.8.182 - channel is closed for communication!
successfully re-inserted into tb_discovery & tb_result table!
checking connection with 172.16.8.182 and port 22
172.16.8.182 - connection established!
connected to 172.16.8.182
172.16.8.182 - executing command uname -a
172.16.8.182 - checking channel connection...
172.16.8.182 - channel is currently connected...
172.16.8.182 - command output -> 
Linux ubuntu 4.4.0-131-generic #157-Ubuntu SMP Thu Jul 12 15:51:36 UTC 2018 x86_64 x86_64 x86_64 GNU/Linux


172.16.8.182 - channel is closed for communication!
172.16.8.182 - executing command free
172.16.8.182 - checking channel connection...
172.16.8.182 - channel is currently connected...
172.16.8.182 - command output -> 
              total        used        free      shared  buff/cache   available
Mem:        8174812     5886872      128740       36228     2159200     1883564
Swap:       7999484      166784     7832700


172.16.8.182 - channel is closed for communication!
172.16.8.182 - channel is disconnected!
172.16.8.182 - executing command df -h
172.16.8.182 - checking channel connection...
172.16.8.182 - channel is currently connected...
172.16.8.182 - command output -> 
Filesystem                Size  Used Avail Use% Mounted on
udev                      3.9G     0  3.9G   0% /dev
tmpfs                     799M   82M  718M  11% /run
/dev/mapper/vg0-root       14G  4.7G  8.7G  35% /
tmpfs                     3.9G     0  3.9G   0% /dev/shm
tmpfs                     5.0M     0  5.0M   0% /run/lock
tmpfs                     3.9G     0  3.9G   0% /sys/fs/cgroup
/dev/sda1                 361M   59M  280M  18% /boot
/dev/mapper/vg0-motadata   39G   13G   25G  34% /motadata
tmpfs                     799M     0  799M   0% /run/user/0


172.16.8.182 - channel is closed for communication!
172.16.8.182 - executing command iostat
172.16.8.182 - checking channel connection...
172.16.8.182 - channel is currently connected...
172.16.8.182 - command output -> 
Linux 4.4.0-131-generic (ubuntu) 	01/30/2022 	_x86_64_	(4 CPU)

avg-cpu:  %user   %nice %system %iowait  %steal   %idle
           1.67    0.00    1.82    1.03    0.00   95.48

Device:            tps    kB_read/s    kB_wrtn/s    kB_read    kB_wrtn
loop0             0.00         0.00         0.00          8          0
sda               4.34         5.38       420.98    7882902  616290501
dm-0              2.15         4.07        13.76    5956733   20144012
dm-1              0.33         0.12         1.20     179112    1753736
dm-2              5.37         1.19       406.02    1738052  594392700



172.16.8.182 - channel is closed for communication!
successfully re-inserted into tb_discovery & tb_result table!
------- successfully data re-inserted into tb_discovery & tb_result table! --------
------- successfully data re-inserted into tb_discovery & tb_result table! --------
checking connection with 172.16.8.182 and port 22
172.16.8.182 - connection established!
connected to 172.16.8.182
172.16.8.182 - executing command uname -a
172.16.8.182 - checking channel connection...
172.16.8.182 - channel is currently connected...
172.16.8.182 - command output -> 
Linux ubuntu 4.4.0-131-generic #157-Ubuntu SMP Thu Jul 12 15:51:36 UTC 2018 x86_64 x86_64 x86_64 GNU/Linux


172.16.8.182 - channel is closed for communication!
172.16.8.182 - executing command free
172.16.8.182 - checking channel connection...
172.16.8.182 - channel is currently connected...
172.16.8.182 - command output -> 
              total        used        free      shared  buff/cache   available
Mem:        8174812     5889900      125200       36256     2159712     1880452
Swap:       7999484      166784     7832700


172.16.8.182 - channel is closed for communication!
172.16.8.182 - executing command df -h
172.16.8.182 - checking channel connection...
172.16.8.182 - channel is currently connected...
172.16.8.182 - command output -> 
Filesystem                Size  Used Avail Use% Mounted on
udev                      3.9G     0  3.9G   0% /dev
tmpfs                     799M   82M  717M  11% /run
/dev/mapper/vg0-root       14G  4.7G  8.7G  35% /
tmpfs                     3.9G     0  3.9G   0% /dev/shm
tmpfs                     5.0M     0  5.0M   0% /run/lock
tmpfs                     3.9G     0  3.9G   0% /sys/fs/cgroup
/dev/sda1                 361M   59M  280M  18% /boot
/dev/mapper/vg0-motadata   39G   13G   25G  34% /motadata
tmpfs                     799M     0  799M   0% /run/user/0


172.16.8.182 - channel is closed for communication!
172.16.8.182 - executing command iostat
172.16.8.182 - checking channel connection...
172.16.8.182 - channel is currently connected...
172.16.8.182 - command output -> 
Linux 4.4.0-131-generic (ubuntu) 	01/30/2022 	_x86_64_	(4 CPU)

avg-cpu:  %user   %nice %system %iowait  %steal   %idle
           1.67    0.00    1.82    1.03    0.00   95.48

Device:            tps    kB_read/s    kB_wrtn/s    kB_read    kB_wrtn
loop0             0.00         0.00         0.00          8          0
sda               4.34         5.38       420.98    7882902  616299881
dm-0              2.15         4.07        13.76    5956733   20144352
dm-1              0.33         0.12         1.20     179112    1753736
dm-2              5.37         1.19       406.02    1738052  594401740



172.16.8.182 - channel is closed for communication!
successfully re-inserted into tb_discovery & tb_result table!
------- successfully data re-inserted into tb_discovery & tb_result table! --------
------- successfully data re-inserted into tb_discovery & tb_result table! --------
checking connection with 172.16.8.182 and port 22
172.16.8.182 - connection established!
connected to 172.16.8.182
172.16.8.182 - executing command uname -a
172.16.8.182 - checking channel connection...
172.16.8.182 - channel is currently connected...
172.16.8.182 - command output -> 
Linux ubuntu 4.4.0-131-generic #157-Ubuntu SMP Thu Jul 12 15:51:36 UTC 2018 x86_64 x86_64 x86_64 GNU/Linux


172.16.8.182 - channel is closed for communication!
172.16.8.182 - executing command free
172.16.8.182 - checking channel connection...
172.16.8.182 - channel is currently connected...
172.16.8.182 - command output -> 
              total        used        free      shared  buff/cache   available
Mem:        8174812     5886364      127860       36284     2160588     1883976
Swap:       7999484      166784     7832700


172.16.8.182 - channel is closed for communication!
172.16.8.182 - executing command df -h
172.16.8.182 - checking channel connection...
172.16.8.182 - channel is currently connected...
172.16.8.182 - command output -> 
Filesystem                Size  Used Avail Use% Mounted on
udev                      3.9G     0  3.9G   0% /dev
tmpfs                     799M   82M  717M  11% /run
/dev/mapper/vg0-root       14G  4.7G  8.7G  35% /
tmpfs                     3.9G     0  3.9G   0% /dev/shm
tmpfs                     5.0M     0  5.0M   0% /run/lock
tmpfs                     3.9G     0  3.9G   0% /sys/fs/cgroup
/dev/sda1                 361M   59M  280M  18% /boot
/dev/mapper/vg0-motadata   39G   13G   25G  34% /motadata
tmpfs                     799M     0  799M   0% /run/user/0


172.16.8.182 - channel is closed for communication!
172.16.8.182 - executing command iostat
172.16.8.182 - checking channel connection...
172.16.8.182 - channel is currently connected...
172.16.8.182 - command output -> 
Linux 4.4.0-131-generic (ubuntu) 	01/30/2022 	_x86_64_	(4 CPU)

avg-cpu:  %user   %nice %system %iowait  %steal   %idle
           1.67    0.00    1.82    1.03    0.00   95.48

Device:            tps    kB_read/s    kB_wrtn/s    kB_read    kB_wrtn
loop0             0.00         0.00         0.00          8          0
sda               4.34         5.38       420.97    7882902  616300281
dm-0              2.15         4.07        13.76    5956733   20144696
dm-1              0.33         0.12         1.20     179112    1753736
dm-2              5.37         1.19       406.01    1738052  594401796



172.16.8.182 - channel is closed for communication!
successfully re-inserted into tb_discovery & tb_result table!
------- successfully data re-inserted into tb_discovery & tb_result table! --------
------- successfully data re-inserted into tb_discovery & tb_result table! --------
checking connection with 172.16.8.182 and port 22
172.16.8.182 - connection established!
connected to 172.16.8.182
172.16.8.182 - executing command uname -a
172.16.8.182 - checking channel connection...
172.16.8.182 - channel is currently connected...
172.16.8.182 - command output -> 
Linux ubuntu 4.4.0-131-generic #157-Ubuntu SMP Thu Jul 12 15:51:36 UTC 2018 x86_64 x86_64 x86_64 GNU/Linux


172.16.8.182 - channel is closed for communication!
172.16.8.182 - executing command free
172.16.8.182 - checking channel connection...
172.16.8.182 - channel is currently connected...
172.16.8.182 - command output -> 
              total        used        free      shared  buff/cache   available
Mem:        8174812     5887420      125480       36284     2161912     1882920
Swap:       7999484      166784     7832700


172.16.8.182 - channel is closed for communication!
172.16.8.182 - channel is disconnected!
172.16.8.182 - executing command df -h
172.16.8.182 - checking channel connection...
172.16.8.182 - channel is currently connected...
172.16.8.182 - command output -> 
Filesystem                Size  Used Avail Use% Mounted on
udev                      3.9G     0  3.9G   0% /dev
tmpfs                     799M   82M  717M  11% /run
/dev/mapper/vg0-root       14G  4.7G  8.7G  35% /
tmpfs                     3.9G     0  3.9G   0% /dev/shm
tmpfs                     5.0M     0  5.0M   0% /run/lock
tmpfs                     3.9G     0  3.9G   0% /sys/fs/cgroup
/dev/sda1                 361M   59M  280M  18% /boot
/dev/mapper/vg0-motadata   39G   13G   25G  34% /motadata
tmpfs                     799M     0  799M   0% /run/user/0


172.16.8.182 - channel is closed for communication!
172.16.8.182 - executing command iostat
172.16.8.182 - checking channel connection...
172.16.8.182 - channel is currently connected...
172.16.8.182 - command output -> 
Linux 4.4.0-131-generic (ubuntu) 	01/30/2022 	_x86_64_	(4 CPU)

avg-cpu:  %user   %nice %system %iowait  %steal   %idle
           1.67    0.00    1.82    1.03    0.00   95.48

Device:            tps    kB_read/s    kB_wrtn/s    kB_read    kB_wrtn
loop0             0.00         0.00         0.00          8          0
sda               4.34         5.38       420.97    7882902  616305121
dm-0              2.15         4.07        13.76    5956733   20144988
dm-1              0.33         0.12         1.20     179112    1753736
dm-2              5.37         1.19       406.01    1738052  594406344



172.16.8.182 - channel is closed for communication!
successfully re-inserted into tb_discovery & tb_result table!
------- successfully data re-inserted into tb_discovery & tb_result table! --------
------- successfully data re-inserted into tb_discovery & tb_result table! --------
checking connection with 172.16.8.182 and port 22
172.16.8.182 - connection established!
connected to 172.16.8.182
172.16.8.182 - executing command uname -a
172.16.8.182 - checking channel connection...
172.16.8.182 - channel is currently connected...
172.16.8.182 - command output -> 
Linux ubuntu 4.4.0-131-generic #157-Ubuntu SMP Thu Jul 12 15:51:36 UTC 2018 x86_64 x86_64 x86_64 GNU/Linux


172.16.8.182 - channel is closed for communication!
172.16.8.182 - executing command free
172.16.8.182 - checking channel connection...
172.16.8.182 - channel is currently connected...
172.16.8.182 - command output -> 
              total        used        free      shared  buff/cache   available
Mem:        8174812     5882932      148712       36184     2143168     1887524
Swap:       7999484      169168     7830316


172.16.8.182 - channel is closed for communication!
172.16.8.182 - executing command df -h
172.16.8.182 - checking channel connection...
172.16.8.182 - channel is currently connected...
172.16.8.182 - command output -> 
Filesystem                Size  Used Avail Use% Mounted on
udev                      3.9G     0  3.9G   0% /dev
tmpfs                     799M   82M  717M  11% /run
/dev/mapper/vg0-root       14G  4.7G  8.7G  35% /
tmpfs                     3.9G     0  3.9G   0% /dev/shm
tmpfs                     5.0M     0  5.0M   0% /run/lock
tmpfs                     3.9G     0  3.9G   0% /sys/fs/cgroup
/dev/sda1                 361M   59M  280M  18% /boot
/dev/mapper/vg0-motadata   39G   13G   25G  34% /motadata
tmpfs                     799M     0  799M   0% /run/user/0


172.16.8.182 - channel is closed for communication!
172.16.8.182 - executing command iostat
172.16.8.182 - checking channel connection...
172.16.8.182 - channel is currently connected...
172.16.8.182 - command output -> 
Linux 4.4.0-131-generic (ubuntu) 	01/30/2022 	_x86_64_	(4 CPU)

avg-cpu:  %user   %nice %system %iowait  %steal   %idle
           1.67    0.00    1.82    1.03    0.00   95.48

Device:            tps    kB_read/s    kB_wrtn/s    kB_read    kB_wrtn
loop0             0.00         0.00         0.00          8          0
sda               4.34         5.38       420.97    7882902  616307881
dm-0              2.15         4.07        13.76    5956733   20145244
dm-1              0.33         0.12         1.20     179112    1756120
dm-2              5.37         1.19       406.01    1738052  594406464



172.16.8.182 - channel is closed for communication!
successfully re-inserted into tb_discovery & tb_result table!
------- successfully data re-inserted into tb_discovery & tb_result table! --------
------- successfully data re-inserted into tb_discovery & tb_result table! --------
checking connection with 172.16.8.182 and port 22
172.16.8.182 - connection established!
connected to 172.16.8.182
172.16.8.182 - executing command uname -a
172.16.8.182 - checking channel connection...
172.16.8.182 - channel is currently connected...
172.16.8.182 - command output -> 
Linux ubuntu 4.4.0-131-generic #157-Ubuntu SMP Thu Jul 12 15:51:36 UTC 2018 x86_64 x86_64 x86_64 GNU/Linux


172.16.8.182 - channel is closed for communication!
172.16.8.182 - executing command free
172.16.8.182 - checking channel connection...
172.16.8.182 - channel is currently connected...
172.16.8.182 - command output -> 
              total        used        free      shared  buff/cache   available
Mem:        8174812     5883032      148128       36160     2143652     1887412
Swap:       7999484      169168     7830316


172.16.8.182 - channel is closed for communication!
172.16.8.182 - executing command df -h
172.16.8.182 - checking channel connection...
172.16.8.182 - channel is currently connected...
172.16.8.182 - command output -> 
Filesystem                Size  Used Avail Use% Mounted on
udev                      3.9G     0  3.9G   0% /dev
tmpfs                     799M   82M  717M  11% /run
/dev/mapper/vg0-root       14G  4.7G  8.7G  35% /
tmpfs                     3.9G     0  3.9G   0% /dev/shm
tmpfs                     5.0M     0  5.0M   0% /run/lock
tmpfs                     3.9G     0  3.9G   0% /sys/fs/cgroup
/dev/sda1                 361M   59M  280M  18% /boot
/dev/mapper/vg0-motadata   39G   13G   25G  34% /motadata
tmpfs                     799M     0  799M   0% /run/user/0


172.16.8.182 - channel is closed for communication!
172.16.8.182 - executing command iostat
172.16.8.182 - checking channel connection...
172.16.8.182 - channel is currently connected...
172.16.8.182 - command output -> 
Linux 4.4.0-131-generic (ubuntu) 	01/30/2022 	_x86_64_	(4 CPU)

avg-cpu:  %user   %nice %system %iowait  %steal   %idle
           1.67    0.00    1.82    1.03    0.00   95.48

Device:            tps    kB_read/s    kB_wrtn/s    kB_read    kB_wrtn
loop0             0.00         0.00         0.00          8          0
sda               4.34         5.38       420.96    7882902  616313685
dm-0              2.15         4.07        13.76    5956733   20145476
dm-1              0.33         0.12         1.20     179112    1756120
dm-2              5.37         1.19       406.00    1738052  594412036



172.16.8.182 - channel is closed for communication!
successfully re-inserted into tb_discovery & tb_result table!
------- successfully data re-inserted into tb_discovery & tb_result table! --------
------- successfully data re-inserted into tb_discovery & tb_result table! --------
checking connection with 172.16.8.182 and port 22
172.16.8.182 - connection established!
connected to 172.16.8.182
172.16.8.182 - executing command uname -a
172.16.8.182 - checking channel connection...
172.16.8.182 - channel is currently connected...
172.16.8.182 - command output -> 
Linux ubuntu 4.4.0-131-generic #157-Ubuntu SMP Thu Jul 12 15:51:36 UTC 2018 x86_64 x86_64 x86_64 GNU/Linux


172.16.8.182 - channel is closed for communication!
172.16.8.182 - executing command free
172.16.8.182 - checking channel connection...
172.16.8.182 - channel is currently connected...
172.16.8.182 - command output -> 
              total        used        free      shared  buff/cache   available
Mem:        8174812     5884800      146216       36188     2143796     1885604
Swap:       7999484      169168     7830316


172.16.8.182 - channel is closed for communication!
172.16.8.182 - executing command df -h
172.16.8.182 - checking channel connection...
172.16.8.182 - channel is currently connected...
172.16.8.182 - command output -> 
Filesystem                Size  Used Avail Use% Mounted on
udev                      3.9G     0  3.9G   0% /dev
tmpfs                     799M   82M  717M  11% /run
/dev/mapper/vg0-root       14G  4.7G  8.7G  35% /
tmpfs                     3.9G     0  3.9G   0% /dev/shm
tmpfs                     5.0M     0  5.0M   0% /run/lock
tmpfs                     3.9G     0  3.9G   0% /sys/fs/cgroup
/dev/sda1                 361M   59M  280M  18% /boot
/dev/mapper/vg0-motadata   39G   13G   25G  34% /motadata
tmpfs                     799M     0  799M   0% /run/user/0


172.16.8.182 - channel is closed for communication!
172.16.8.182 - executing command iostat
172.16.8.182 - checking channel connection...
172.16.8.182 - channel is currently connected...
172.16.8.182 - command output -> 
Linux 4.4.0-131-generic (ubuntu) 	01/30/2022 	_x86_64_	(4 CPU)

avg-cpu:  %user   %nice %system %iowait  %steal   %idle
           1.67    0.00    1.82    1.03    0.00   95.48

Device:            tps    kB_read/s    kB_wrtn/s    kB_read    kB_wrtn
loop0             0.00         0.00         0.00          8          0
sda               4.34         5.38       420.96    7882902  616321741
dm-0              2.15         4.07        13.76    5956733   20145972
dm-1              0.33         0.12         1.20     179112    1756120
dm-2              5.37         1.19       406.00    1738052  594419596



172.16.8.182 - channel is closed for communication!
successfully re-inserted into tb_discovery & tb_result table!
------- successfully data re-inserted into tb_discovery & tb_result table! --------
------- successfully data re-inserted into tb_discovery & tb_result table! --------
checking connection with 172.16.8.182 and port 22
172.16.8.182 - connection established!
connected to 172.16.8.182
172.16.8.182 - executing command uname -a
172.16.8.182 - checking channel connection...
172.16.8.182 - channel is currently connected...
172.16.8.182 - command output -> 
Linux ubuntu 4.4.0-131-generic #157-Ubuntu SMP Thu Jul 12 15:51:36 UTC 2018 x86_64 x86_64 x86_64 GNU/Linux


172.16.8.182 - channel is closed for communication!
172.16.8.182 - executing command free
172.16.8.182 - checking channel connection...
172.16.8.182 - channel is currently connected...
172.16.8.182 - command output -> 
              total        used        free      shared  buff/cache   available
Mem:        8174812     5887988      142620       36244     2144204     1882320
Swap:       7999484      169168     7830316


172.16.8.182 - channel is closed for communication!
172.16.8.182 - executing command df -h
172.16.8.182 - checking channel connection...
172.16.8.182 - channel is currently connected...
172.16.8.182 - command output -> 
Filesystem                Size  Used Avail Use% Mounted on
udev                      3.9G     0  3.9G   0% /dev
tmpfs                     799M   82M  717M  11% /run
/dev/mapper/vg0-root       14G  4.7G  8.7G  35% /
tmpfs                     3.9G     0  3.9G   0% /dev/shm
tmpfs                     5.0M     0  5.0M   0% /run/lock
tmpfs                     3.9G     0  3.9G   0% /sys/fs/cgroup
/dev/sda1                 361M   59M  280M  18% /boot
/dev/mapper/vg0-motadata   39G   13G   25G  34% /motadata
tmpfs                     799M     0  799M   0% /run/user/0


172.16.8.182 - channel is closed for communication!
172.16.8.182 - executing command iostat
172.16.8.182 - checking channel connection...
172.16.8.182 - channel is currently connected...
172.16.8.182 - command output -> 
Linux 4.4.0-131-generic (ubuntu) 	01/30/2022 	_x86_64_	(4 CPU)

avg-cpu:  %user   %nice %system %iowait  %steal   %idle
           1.67    0.00    1.82    1.03    0.00   95.48

Device:            tps    kB_read/s    kB_wrtn/s    kB_read    kB_wrtn
loop0             0.00         0.00         0.00          8          0
sda               4.34         5.38       420.96    7882910  616322157
dm-0              2.15         4.07        13.76    5956733   20146272
dm-1              0.33         0.12         1.20     179112    1756120
dm-2              5.37         1.19       406.00    1738060  594419712



172.16.8.182 - channel is closed for communication!
172.16.8.182 - channel is disconnected!
successfully re-inserted into tb_discovery & tb_result table!
------- successfully data re-inserted into tb_discovery & tb_result table! --------
------- successfully data re-inserted into tb_discovery & tb_result table! --------
checking connection with 172.16.8.182 and port 22
172.16.8.182 - connection established!
connected to 172.16.8.182
172.16.8.182 - executing command uname -a
172.16.8.182 - checking channel connection...
172.16.8.182 - channel is currently connected...
172.16.8.182 - command output -> 
Linux ubuntu 4.4.0-131-generic #157-Ubuntu SMP Thu Jul 12 15:51:36 UTC 2018 x86_64 x86_64 x86_64 GNU/Linux


172.16.8.182 - channel is closed for communication!
172.16.8.182 - executing command free
172.16.8.182 - checking channel connection...
172.16.8.182 - channel is currently connected...
172.16.8.182 - command output -> 
              total        used        free      shared  buff/cache   available
Mem:        8174812     5885504      144244       36272     2145064     1884636
Swap:       7999484      169168     7830316


172.16.8.182 - channel is closed for communication!
172.16.8.182 - executing command df -h
172.16.8.182 - checking channel connection...
172.16.8.182 - channel is currently connected...
172.16.8.182 - command output -> 
Filesystem                Size  Used Avail Use% Mounted on
udev                      3.9G     0  3.9G   0% /dev
tmpfs                     799M   82M  717M  11% /run
/dev/mapper/vg0-root       14G  4.7G  8.7G  35% /
tmpfs                     3.9G     0  3.9G   0% /dev/shm
tmpfs                     5.0M     0  5.0M   0% /run/lock
tmpfs                     3.9G     0  3.9G   0% /sys/fs/cgroup
/dev/sda1                 361M   59M  280M  18% /boot
/dev/mapper/vg0-motadata   39G   13G   25G  34% /motadata
tmpfs                     799M     0  799M   0% /run/user/0


172.16.8.182 - channel is closed for communication!
172.16.8.182 - executing command iostat
172.16.8.182 - checking channel connection...
172.16.8.182 - channel is currently connected...
172.16.8.182 - command output -> 
Linux 4.4.0-131-generic (ubuntu) 	01/30/2022 	_x86_64_	(4 CPU)

avg-cpu:  %user   %nice %system %iowait  %steal   %idle
           1.67    0.00    1.82    1.03    0.00   95.48

Device:            tps    kB_read/s    kB_wrtn/s    kB_read    kB_wrtn
loop0             0.00         0.00         0.00          8          0
sda               4.34         5.38       420.95    7882910  616326525
dm-0              2.15         4.07        13.76    5956733   20146468
dm-1              0.33         0.12         1.20     179112    1756120
dm-2              5.37         1.19       406.00    1738060  594423884



172.16.8.182 - channel is closed for communication!
successfully re-inserted into tb_discovery & tb_result table!
------- successfully data re-inserted into tb_discovery & tb_result table! --------
------- successfully data re-inserted into tb_discovery & tb_result table! --------
checking connection with 172.16.8.182 and port 22
172.16.8.182 - connection established!
connected to 172.16.8.182
172.16.8.182 - executing command uname -a
172.16.8.182 - checking channel connection...
172.16.8.182 - channel is currently connected...
172.16.8.182 - command output -> 
Linux ubuntu 4.4.0-131-generic #157-Ubuntu SMP Thu Jul 12 15:51:36 UTC 2018 x86_64 x86_64 x86_64 GNU/Linux


172.16.8.182 - channel is closed for communication!
172.16.8.182 - executing command free
172.16.8.182 - checking channel connection...
172.16.8.182 - channel is currently connected...
172.16.8.182 - command output -> 
              total        used        free      shared  buff/cache   available
Mem:        8174812     5888364      144700       36276     2141748     1881836
Swap:       7999484      169168     7830316


172.16.8.182 - channel is closed for communication!
172.16.8.182 - executing command df -h
172.16.8.182 - checking channel connection...
172.16.8.182 - channel is currently connected...
172.16.8.182 - command output -> 
Filesystem                Size  Used Avail Use% Mounted on
udev                      3.9G     0  3.9G   0% /dev
tmpfs                     799M   82M  717M  11% /run
/dev/mapper/vg0-root       14G  4.7G  8.7G  35% /
tmpfs                     3.9G     0  3.9G   0% /dev/shm
tmpfs                     5.0M     0  5.0M   0% /run/lock
tmpfs                     3.9G     0  3.9G   0% /sys/fs/cgroup
/dev/sda1                 361M   59M  280M  18% /boot
/dev/mapper/vg0-motadata   39G   13G   25G  34% /motadata
tmpfs                     799M     0  799M   0% /run/user/0


172.16.8.182 - channel is closed for communication!
172.16.8.182 - executing command iostat
172.16.8.182 - checking channel connection...
172.16.8.182 - channel is currently connected...
172.16.8.182 - command output -> 
Linux 4.4.0-131-generic (ubuntu) 	01/30/2022 	_x86_64_	(4 CPU)

avg-cpu:  %user   %nice %system %iowait  %steal   %idle
           1.67    0.00    1.82    1.03    0.00   95.48

Device:            tps    kB_read/s    kB_wrtn/s    kB_read    kB_wrtn
loop0             0.00         0.00         0.00          8          0
sda               4.34         5.38       420.95    7882910  616327025
dm-0              2.15         4.07        13.76    5956733   20146720
dm-1              0.33         0.12         1.20     179112    1756120
dm-2              5.37         1.19       405.99    1738060  594424132



172.16.8.182 - channel is closed for communication!
successfully re-inserted into tb_discovery & tb_result table!
------- successfully data re-inserted into tb_discovery & tb_result table! --------
------- successfully data re-inserted into tb_discovery & tb_result table! --------
checking connection with 172.16.8.182 and port 22
172.16.8.182 - connection established!
connected to 172.16.8.182
172.16.8.182 - executing command uname -a
172.16.8.182 - checking channel connection...
172.16.8.182 - channel is currently connected...
172.16.8.182 - command output -> 
Linux ubuntu 4.4.0-131-generic #157-Ubuntu SMP Thu Jul 12 15:51:36 UTC 2018 x86_64 x86_64 x86_64 GNU/Linux


172.16.8.182 - channel is closed for communication!
172.16.8.182 - executing command free
172.16.8.182 - checking channel connection...
172.16.8.182 - channel is currently connected...
172.16.8.182 - command output -> 
              total        used        free      shared  buff/cache   available
Mem:        8174812     5891828      140548       36332     2142436     1878124
Swap:       7999484      169168     7830316


172.16.8.182 - channel is closed for communication!
172.16.8.182 - executing command df -h
172.16.8.182 - checking channel connection...
172.16.8.182 - channel is currently connected...
172.16.8.182 - command output -> 
Filesystem                Size  Used Avail Use% Mounted on
udev                      3.9G     0  3.9G   0% /dev
tmpfs                     799M   82M  717M  11% /run
/dev/mapper/vg0-root       14G  4.7G  8.7G  35% /
tmpfs                     3.9G     0  3.9G   0% /dev/shm
tmpfs                     5.0M     0  5.0M   0% /run/lock
tmpfs                     3.9G     0  3.9G   0% /sys/fs/cgroup
/dev/sda1                 361M   59M  280M  18% /boot
/dev/mapper/vg0-motadata   39G   13G   25G  34% /motadata
tmpfs                     799M     0  799M   0% /run/user/0


172.16.8.182 - channel is closed for communication!
172.16.8.182 - executing command iostat
172.16.8.182 - checking channel connection...
172.16.8.182 - channel is currently connected...
172.16.8.182 - command output -> 
Linux 4.4.0-131-generic (ubuntu) 	01/30/2022 	_x86_64_	(4 CPU)

avg-cpu:  %user   %nice %system %iowait  %steal   %idle
           1.67    0.00    1.82    1.03    0.00   95.48

Device:            tps    kB_read/s    kB_wrtn/s    kB_read    kB_wrtn
loop0             0.00         0.00         0.00          8          0
sda               4.34         5.38       420.96    7882910  616350721
dm-0              2.15         4.07        13.76    5956733   20147032
dm-1              0.33         0.12         1.20     179112    1756120
dm-2              5.37         1.19       406.00    1738060  594447516



172.16.8.182 - channel is closed for communication!
successfully re-inserted into tb_discovery & tb_result table!
------- successfully data re-inserted into tb_discovery & tb_result table! --------
------- successfully data re-inserted into tb_discovery & tb_result table! --------
checking connection with 172.16.8.182 and port 22
172.16.8.182 - connection established!
connected to 172.16.8.182
172.16.8.182 - executing command uname -a
172.16.8.182 - checking channel connection...
172.16.8.182 - channel is currently connected...
172.16.8.182 - command output -> 
Linux ubuntu 4.4.0-131-generic #157-Ubuntu SMP Thu Jul 12 15:51:36 UTC 2018 x86_64 x86_64 x86_64 GNU/Linux


172.16.8.182 - channel is closed for communication!
172.16.8.182 - executing command free
172.16.8.182 - checking channel connection...
172.16.8.182 - channel is currently connected...
172.16.8.182 - command output -> 
              total        used        free      shared  buff/cache   available
Mem:        8174812     5891288      138156       36356     2145368     1878644
Swap:       7999484      169168     7830316


172.16.8.182 - channel is closed for communication!
172.16.8.182 - executing command df -h
172.16.8.182 - checking channel connection...
172.16.8.182 - channel is currently connected...
172.16.8.182 - command output -> 
Filesystem                Size  Used Avail Use% Mounted on
udev                      3.9G     0  3.9G   0% /dev
tmpfs                     799M   82M  717M  11% /run
/dev/mapper/vg0-root       14G  4.7G  8.7G  35% /
tmpfs                     3.9G     0  3.9G   0% /dev/shm
tmpfs                     5.0M     0  5.0M   0% /run/lock
tmpfs                     3.9G     0  3.9G   0% /sys/fs/cgroup
/dev/sda1                 361M   59M  280M  18% /boot
/dev/mapper/vg0-motadata   39G   13G   25G  34% /motadata
tmpfs                     799M     0  799M   0% /run/user/0


172.16.8.182 - channel is closed for communication!
172.16.8.182 - executing command iostat
172.16.8.182 - checking channel connection...
172.16.8.182 - channel is currently connected...
172.16.8.182 - command output -> 
Linux 4.4.0-131-generic (ubuntu) 	01/30/2022 	_x86_64_	(4 CPU)

avg-cpu:  %user   %nice %system %iowait  %steal   %idle
           1.67    0.00    1.82    1.03    0.00   95.48

Device:            tps    kB_read/s    kB_wrtn/s    kB_read    kB_wrtn
loop0             0.00         0.00         0.00          8          0
sda               4.34         5.38       420.98    7882910  616382137
dm-0              2.15         4.07        13.76    5956733   20147312
dm-1              0.33         0.12         1.20     179112    1756120
dm-2              5.37         1.19       406.02    1738060  594478652



172.16.8.182 - channel is closed for communication!
successfully re-inserted into tb_discovery & tb_result table!
------- successfully data re-inserted into tb_discovery & tb_result table! --------
------- successfully data re-inserted into tb_discovery & tb_result table! --------
checking connection with 172.16.8.182 and port 22
172.16.8.182 - connection established!
connected to 172.16.8.182
172.16.8.182 - executing command uname -a
172.16.8.182 - checking channel connection...
172.16.8.182 - channel is currently connected...
172.16.8.182 - command output -> 
Linux ubuntu 4.4.0-131-generic #157-Ubuntu SMP Thu Jul 12 15:51:36 UTC 2018 x86_64 x86_64 x86_64 GNU/Linux


172.16.8.182 - channel is closed for communication!
172.16.8.182 - executing command free
172.16.8.182 - checking channel connection...
172.16.8.182 - channel is currently connected...
172.16.8.182 - command output -> 
              total        used        free      shared  buff/cache   available
Mem:        8174812     5891860      137680       36384     2145272     1877976
Swap:       7999484      169168     7830316


172.16.8.182 - channel is closed for communication!
172.16.8.182 - executing command df -h
172.16.8.182 - checking channel connection...
172.16.8.182 - channel is currently connected...
172.16.8.182 - command output -> 
Filesystem                Size  Used Avail Use% Mounted on
udev                      3.9G     0  3.9G   0% /dev
tmpfs                     799M   82M  717M  11% /run
/dev/mapper/vg0-root       14G  4.7G  8.7G  35% /
tmpfs                     3.9G     0  3.9G   0% /dev/shm
tmpfs                     5.0M     0  5.0M   0% /run/lock
tmpfs                     3.9G     0  3.9G   0% /sys/fs/cgroup
/dev/sda1                 361M   59M  280M  18% /boot
/dev/mapper/vg0-motadata   39G   13G   25G  34% /motadata
tmpfs                     799M     0  799M   0% /run/user/0


172.16.8.182 - channel is closed for communication!
172.16.8.182 - executing command iostat
172.16.8.182 - checking channel connection...
172.16.8.182 - channel is currently connected...
172.16.8.182 - command output -> 
Linux 4.4.0-131-generic (ubuntu) 	01/30/2022 	_x86_64_	(4 CPU)

avg-cpu:  %user   %nice %system %iowait  %steal   %idle
           1.67    0.00    1.82    1.03    0.00   95.48

Device:            tps    kB_read/s    kB_wrtn/s    kB_read    kB_wrtn
loop0             0.00         0.00         0.00          8          0
sda               4.34         5.38       420.98    7882910  616398497
dm-0              2.15         4.07        13.76    5956733   20147576
dm-1              0.33         0.12         1.20     179112    1756120
dm-2              5.37         1.19       406.02    1738060  594494748



172.16.8.182 - channel is closed for communication!
successfully re-inserted into tb_discovery & tb_result table!
------- successfully data re-inserted into tb_discovery & tb_result table! --------
------- successfully data re-inserted into tb_discovery & tb_result table! --------
checking connection with 172.16.8.182 and port 22
172.16.8.182 - connection established!
connected to 172.16.8.182
172.16.8.182 - executing command uname -a
172.16.8.182 - checking channel connection...
172.16.8.182 - channel is currently connected...
172.16.8.182 - command output -> 
Linux ubuntu 4.4.0-131-generic #157-Ubuntu SMP Thu Jul 12 15:51:36 UTC 2018 x86_64 x86_64 x86_64 GNU/Linux


172.16.8.182 - channel is closed for communication!
172.16.8.182 - executing command free
172.16.8.182 - checking channel connection...
172.16.8.182 - channel is currently connected...
172.16.8.182 - command output -> 
              total        used        free      shared  buff/cache   available
Mem:        8174812     5894968      136316       36468     2143528     1874448
Swap:       7999484      169168     7830316


172.16.8.182 - channel is closed for communication!
172.16.8.182 - channel is disconnected!
172.16.8.182 - executing command df -h
172.16.8.182 - checking channel connection...
172.16.8.182 - channel is currently connected...
172.16.8.182 - command output -> 
Filesystem                Size  Used Avail Use% Mounted on
udev                      3.9G     0  3.9G   0% /dev
tmpfs                     799M   82M  717M  11% /run
/dev/mapper/vg0-root       14G  4.7G  8.7G  35% /
tmpfs                     3.9G     0  3.9G   0% /dev/shm
tmpfs                     5.0M     0  5.0M   0% /run/lock
tmpfs                     3.9G     0  3.9G   0% /sys/fs/cgroup
/dev/sda1                 361M   59M  280M  18% /boot
/dev/mapper/vg0-motadata   39G   13G   25G  34% /motadata
tmpfs                     799M     0  799M   0% /run/user/0


172.16.8.182 - channel is closed for communication!
172.16.8.182 - executing command iostat
172.16.8.182 - checking channel connection...
172.16.8.182 - channel is currently connected...
172.16.8.182 - command output -> 
Linux 4.4.0-131-generic (ubuntu) 	01/30/2022 	_x86_64_	(4 CPU)

avg-cpu:  %user   %nice %system %iowait  %steal   %idle
           1.67    0.00    1.82    1.03    0.00   95.48

Device:            tps    kB_read/s    kB_wrtn/s    kB_read    kB_wrtn
loop0             0.00         0.00         0.00          8          0
sda               4.34         5.38       420.98    7882910  616399005
dm-0              2.15         4.07        13.76    5956733   20147664
dm-1              0.33         0.12         1.20     179112    1756120
dm-2              5.37         1.19       406.02    1738060  594495168



172.16.8.182 - channel is closed for communication!
successfully re-inserted into tb_discovery & tb_result table!
------- successfully data re-inserted into tb_discovery & tb_result table! --------
------- successfully data re-inserted into tb_discovery & tb_result table! --------
checking connection with 172.16.8.182 and port 22
172.16.8.182 - connection established!
connected to 172.16.8.182
172.16.8.182 - executing command uname -a
172.16.8.182 - checking channel connection...
172.16.8.182 - channel is currently connected...
172.16.8.182 - command output -> 
Linux ubuntu 4.4.0-131-generic #157-Ubuntu SMP Thu Jul 12 15:51:36 UTC 2018 x86_64 x86_64 x86_64 GNU/Linux


172.16.8.182 - channel is closed for communication!
172.16.8.182 - executing command free
172.16.8.182 - checking channel connection...
172.16.8.182 - channel is currently connected...
172.16.8.182 - command output -> 
              total        used        free      shared  buff/cache   available
Mem:        8174812     5892772      139716       36440     2142324     1876840
Swap:       7999484      169168     7830316


172.16.8.182 - channel is closed for communication!
172.16.8.182 - executing command df -h
172.16.8.182 - checking channel connection...
172.16.8.182 - channel is currently connected...
172.16.8.182 - command output -> 
Filesystem                Size  Used Avail Use% Mounted on
udev                      3.9G     0  3.9G   0% /dev
tmpfs                     799M   82M  717M  11% /run
/dev/mapper/vg0-root       14G  4.7G  8.7G  35% /
tmpfs                     3.9G     0  3.9G   0% /dev/shm
tmpfs                     5.0M     0  5.0M   0% /run/lock
tmpfs                     3.9G     0  3.9G   0% /sys/fs/cgroup
/dev/sda1                 361M   59M  280M  18% /boot
/dev/mapper/vg0-motadata   39G   13G   25G  34% /motadata
tmpfs                     799M     0  799M   0% /run/user/0


172.16.8.182 - channel is closed for communication!
172.16.8.182 - executing command iostat
172.16.8.182 - checking channel connection...
172.16.8.182 - channel is currently connected...
172.16.8.182 - command output -> 
Linux 4.4.0-131-generic (ubuntu) 	01/30/2022 	_x86_64_	(4 CPU)

avg-cpu:  %user   %nice %system %iowait  %steal   %idle
           1.67    0.00    1.82    1.03    0.00   95.48

Device:            tps    kB_read/s    kB_wrtn/s    kB_read    kB_wrtn
loop0             0.00         0.00         0.00          8          0
sda               4.34         5.38       420.97    7882910  616405425
dm-0              2.15         4.07        13.76    5956733   20147964
dm-1              0.33         0.12         1.20     179112    1756120
dm-2              5.37         1.19       406.02    1738060  594501288



172.16.8.182 - channel is closed for communication!
successfully re-inserted into tb_discovery & tb_result table!
------- successfully data re-inserted into tb_discovery & tb_result table! --------
------- successfully data re-inserted into tb_discovery & tb_result table! --------
checking connection with 172.16.8.182 and port 22
172.16.8.182 - connection established!
connected to 172.16.8.182
172.16.8.182 - executing command uname -a
172.16.8.182 - checking channel connection...
172.16.8.182 - channel is currently connected...
172.16.8.182 - command output -> 
Linux ubuntu 4.4.0-131-generic #157-Ubuntu SMP Thu Jul 12 15:51:36 UTC 2018 x86_64 x86_64 x86_64 GNU/Linux


172.16.8.182 - channel is closed for communication!
172.16.8.182 - executing command free
172.16.8.182 - checking channel connection...
172.16.8.182 - channel is currently connected...
172.16.8.182 - command output -> 
              total        used        free      shared  buff/cache   available
Mem:        8174812     5898204      129476       36468     2147132     1871272
Swap:       7999484      169168     7830316


172.16.8.182 - channel is closed for communication!
172.16.8.182 - executing command df -h
172.16.8.182 - checking channel connection...
172.16.8.182 - channel is currently connected...
172.16.8.182 - command output -> 
Filesystem                Size  Used Avail Use% Mounted on
udev                      3.9G     0  3.9G   0% /dev
tmpfs                     799M   82M  717M  11% /run
/dev/mapper/vg0-root       14G  4.7G  8.7G  35% /
tmpfs                     3.9G     0  3.9G   0% /dev/shm
tmpfs                     5.0M     0  5.0M   0% /run/lock
tmpfs                     3.9G     0  3.9G   0% /sys/fs/cgroup
/dev/sda1                 361M   59M  280M  18% /boot
/dev/mapper/vg0-motadata   39G   13G   25G  34% /motadata
tmpfs                     799M     0  799M   0% /run/user/0


172.16.8.182 - channel is closed for communication!
172.16.8.182 - executing command iostat
172.16.8.182 - checking channel connection...
172.16.8.182 - channel is currently connected...
172.16.8.182 - command output -> 
Linux 4.4.0-131-generic (ubuntu) 	01/30/2022 	_x86_64_	(4 CPU)

avg-cpu:  %user   %nice %system %iowait  %steal   %idle
           1.67    0.00    1.82    1.03    0.00   95.48

Device:            tps    kB_read/s    kB_wrtn/s    kB_read    kB_wrtn
loop0             0.00         0.00         0.00          8          0
sda               4.34         5.38       420.97    7882910  616409469
dm-0              2.15         4.07        13.76    5956733   20148232
dm-1              0.33         0.12         1.20     179112    1756120
dm-2              5.37         1.19       406.01    1738060  594505064



172.16.8.182 - channel is closed for communication!
successfully re-inserted into tb_discovery & tb_result table!
