checking connection with 172.16.8.182 and port 22
172.16.8.182 - connection established!
connected to 172.16.8.182
172.16.8.182 - executing command uname -a
172.16.8.182 - checking channel connection...
172.16.8.182 - channel is currently connected...
172.16.8.182 - command output -> 
Linux ubuntu 4.4.0-131-generic #157-Ubuntu SMP Thu Jul 12 15:51:36 UTC 2018 x86_64 x86_64 x86_64 GNU/Linux


172.16.8.182 - channel is closed for communication!
172.16.8.182 - executing command free
172.16.8.182 - checking channel connection...
172.16.8.182 - channel is currently connected...
172.16.8.182 - command output -> 
              total        used        free      shared  buff/cache   available
Mem:        8174812     5913440      184276       37612     2077096     1855240
Swap:       7999484      228336     7771148


172.16.8.182 - channel is closed for communication!
172.16.8.182 - channel is disconnected!
172.16.8.182 - executing command df -h
172.16.8.182 - checking channel connection...
172.16.8.182 - channel is currently connected...
172.16.8.182 - command output -> 
Filesystem                Size  Used Avail Use% Mounted on
udev                      3.9G     0  3.9G   0% /dev
tmpfs                     799M   82M  718M  11% /run
/dev/mapper/vg0-root       14G  4.7G  8.6G  36% /
tmpfs                     3.9G     0  3.9G   0% /dev/shm
tmpfs                     5.0M     0  5.0M   0% /run/lock
tmpfs                     3.9G     0  3.9G   0% /sys/fs/cgroup
/dev/sda1                 361M   59M  280M  18% /boot
/dev/mapper/vg0-motadata   39G   12G   25G  34% /motadata
tmpfs                     799M     0  799M   0% /run/user/0


172.16.8.182 - channel is closed for communication!
172.16.8.182 - executing command iostat
172.16.8.182 - checking channel connection...
172.16.8.182 - channel is currently connected...
172.16.8.182 - command output -> 
Linux 4.4.0-131-generic (ubuntu) 	01/31/2022 	_x86_64_	(4 CPU)

avg-cpu:  %user   %nice %system %iowait  %steal   %idle
           1.67    0.00    1.83    1.01    0.00   95.48

Device:            tps    kB_read/s    kB_wrtn/s    kB_read    kB_wrtn
loop0             0.00         0.00         0.00          8          0
sda               4.33         5.29       419.98    8145570  646469781
dm-0              2.17         4.00        13.84    6161389   21310512
dm-1              0.33         0.12         1.21     185256    1868780
dm-2              5.35         1.16       404.92    1789920  623290436



172.16.8.182 - channel is closed for communication!
successfully re-inserted into tb_discovery & tb_result table!
------- successfully data re-inserted into tb_discovery & tb_result table! --------
checking connection with 172.16.8.182 and port 22
172.16.8.182 - connection established!
connected to 172.16.8.182
172.16.8.182 - executing command uname -a
172.16.8.182 - checking channel connection...
172.16.8.182 - channel is currently connected...
172.16.8.182 - command output -> 
Linux ubuntu 4.4.0-131-generic #157-Ubuntu SMP Thu Jul 12 15:51:36 UTC 2018 x86_64 x86_64 x86_64 GNU/Linux


172.16.8.182 - channel is closed for communication!
172.16.8.182 - channel is disconnected!
172.16.8.182 - executing command free
172.16.8.182 - checking channel connection...
172.16.8.182 - channel is currently connected...
172.16.8.182 - command output -> 
              total        used        free      shared  buff/cache   available
Mem:        8174812     5915772      180952       37640     2078088     1852912
Swap:       7999484      228336     7771148


172.16.8.182 - channel is closed for communication!
172.16.8.182 - executing command df -h
------- successfully data re-inserted into tb_discovery & tb_result table! --------
172.16.8.182 - checking channel connection...
172.16.8.182 - channel is currently connected...
172.16.8.182 - command output -> 
Filesystem                Size  Used Avail Use% Mounted on
udev                      3.9G     0  3.9G   0% /dev
tmpfs                     799M   82M  717M  11% /run
/dev/mapper/vg0-root       14G  4.7G  8.6G  36% /
tmpfs                     3.9G     0  3.9G   0% /dev/shm
tmpfs                     5.0M     0  5.0M   0% /run/lock
tmpfs                     3.9G     0  3.9G   0% /sys/fs/cgroup
/dev/sda1                 361M   59M  280M  18% /boot
/dev/mapper/vg0-motadata   39G   12G   25G  34% /motadata
tmpfs                     799M     0  799M   0% /run/user/0


172.16.8.182 - channel is closed for communication!
172.16.8.182 - executing command iostat
172.16.8.182 - checking channel connection...
172.16.8.182 - channel is currently connected...
172.16.8.182 - command output -> 
Linux 4.4.0-131-generic (ubuntu) 	01/31/2022 	_x86_64_	(4 CPU)

avg-cpu:  %user   %nice %system %iowait  %steal   %idle
           1.67    0.00    1.83    1.01    0.00   95.48

Device:            tps    kB_read/s    kB_wrtn/s    kB_read    kB_wrtn
loop0             0.00         0.00         0.00          8          0
sda               4.33         5.29       419.97    8145570  646470157
dm-0              2.17         4.00        13.84    6161389   21310732
dm-1              0.33         0.12         1.21     185256    1868780
dm-2              5.35         1.16       404.91    1789920  623290592



172.16.8.182 - channel is closed for communication!
successfully re-inserted into tb_discovery & tb_result table!
------- successfully data re-inserted into tb_discovery & tb_result table! --------
------- successfully data re-inserted into tb_discovery & tb_result table! --------
checking connection with 172.16.8.182 and port 22
172.16.8.182 - connection established!
connected to 172.16.8.182
172.16.8.182 - executing command uname -a
172.16.8.182 - checking channel connection...
172.16.8.182 - channel is currently connected...
172.16.8.182 - command output -> 
Linux ubuntu 4.4.0-131-generic #157-Ubuntu SMP Thu Jul 12 15:51:36 UTC 2018 x86_64 x86_64 x86_64 GNU/Linux


172.16.8.182 - channel is closed for communication!
172.16.8.182 - executing command free
172.16.8.182 - checking channel connection...
172.16.8.182 - channel is currently connected...
172.16.8.182 - command output -> 
              total        used        free      shared  buff/cache   available
Mem:        8174812     5917484      177232       37668     2080096     1851172
Swap:       7999484      228320     7771164


172.16.8.182 - channel is closed for communication!
172.16.8.182 - executing command df -h
172.16.8.182 - checking channel connection...
172.16.8.182 - channel is currently connected...
172.16.8.182 - command output -> 
Filesystem                Size  Used Avail Use% Mounted on
udev                      3.9G     0  3.9G   0% /dev
tmpfs                     799M   82M  717M  11% /run
/dev/mapper/vg0-root       14G  4.7G  8.6G  36% /
tmpfs                     3.9G     0  3.9G   0% /dev/shm
tmpfs                     5.0M     0  5.0M   0% /run/lock
tmpfs                     3.9G     0  3.9G   0% /sys/fs/cgroup
/dev/sda1                 361M   59M  280M  18% /boot
/dev/mapper/vg0-motadata   39G   12G   25G  34% /motadata
tmpfs                     799M     0  799M   0% /run/user/0


172.16.8.182 - channel is closed for communication!
172.16.8.182 - executing command iostat
172.16.8.182 - checking channel connection...
172.16.8.182 - channel is currently connected...
172.16.8.182 - command output -> 
Linux 4.4.0-131-generic (ubuntu) 	01/31/2022 	_x86_64_	(4 CPU)

avg-cpu:  %user   %nice %system %iowait  %steal   %idle
           1.67    0.00    1.83    1.01    0.00   95.48

Device:            tps    kB_read/s    kB_wrtn/s    kB_read    kB_wrtn
loop0             0.00         0.00         0.00          8          0
sda               4.33         5.29       419.97    8145598  646476497
dm-0              2.17         4.00        13.84    6161389   21311060
dm-1              0.33         0.12         1.21     185284    1868780
dm-2              5.35         1.16       404.91    1789920  623296604



172.16.8.182 - channel is closed for communication!
successfully re-inserted into tb_discovery & tb_result table!
------- successfully data re-inserted into tb_discovery & tb_result table! --------
------- successfully data re-inserted into tb_discovery & tb_result table! --------
checking connection with 172.16.8.182 and port 22
172.16.8.182 - connection established!
connected to 172.16.8.182
172.16.8.182 - executing command uname -a
172.16.8.182 - checking channel connection...
172.16.8.182 - channel is currently connected...
172.16.8.182 - command output -> 
Linux ubuntu 4.4.0-131-generic #157-Ubuntu SMP Thu Jul 12 15:51:36 UTC 2018 x86_64 x86_64 x86_64 GNU/Linux


172.16.8.182 - channel is closed for communication!
172.16.8.182 - executing command free
172.16.8.182 - checking channel connection...
172.16.8.182 - channel is currently connected...
172.16.8.182 - command output -> 
              total        used        free      shared  buff/cache   available
Mem:        8174812     5918784      175540       37696     2080488     1849840
Swap:       7999484      228320     7771164


172.16.8.182 - channel is closed for communication!
172.16.8.182 - executing command df -h
172.16.8.182 - checking channel connection...
172.16.8.182 - channel is currently connected...
172.16.8.182 - command output -> 
Filesystem                Size  Used Avail Use% Mounted on
udev                      3.9G     0  3.9G   0% /dev
tmpfs                     799M   82M  717M  11% /run
/dev/mapper/vg0-root       14G  4.7G  8.6G  36% /
tmpfs                     3.9G     0  3.9G   0% /dev/shm
tmpfs                     5.0M     0  5.0M   0% /run/lock
tmpfs                     3.9G     0  3.9G   0% /sys/fs/cgroup
/dev/sda1                 361M   59M  280M  18% /boot
/dev/mapper/vg0-motadata   39G   12G   25G  34% /motadata
tmpfs                     799M     0  799M   0% /run/user/0


172.16.8.182 - channel is closed for communication!
172.16.8.182 - executing command iostat
172.16.8.182 - checking channel connection...
172.16.8.182 - channel is currently connected...
172.16.8.182 - command output -> 
Linux 4.4.0-131-generic (ubuntu) 	01/31/2022 	_x86_64_	(4 CPU)

avg-cpu:  %user   %nice %system %iowait  %steal   %idle
           1.67    0.00    1.83    1.01    0.00   95.48

Device:            tps    kB_read/s    kB_wrtn/s    kB_read    kB_wrtn
loop0             0.00         0.00         0.00          8          0
sda               4.33         5.29       419.97    8145598  646483297
dm-0              2.17         4.00        13.84    6161389   21311224
dm-1              0.33         0.12         1.21     185284    1868780
dm-2              5.35         1.16       404.91    1789920  623303240



172.16.8.182 - channel is closed for communication!
172.16.8.182 - channel is disconnected!
successfully re-inserted into tb_discovery & tb_result table!
------- successfully data re-inserted into tb_discovery & tb_result table! --------
------- successfully data re-inserted into tb_discovery & tb_result table! --------
checking connection with 172.16.8.182 and port 22
172.16.8.182 - connection established!
connected to 172.16.8.182
172.16.8.182 - executing command uname -a
172.16.8.182 - checking channel connection...
172.16.8.182 - channel is currently connected...
172.16.8.182 - command output -> 
Linux ubuntu 4.4.0-131-generic #157-Ubuntu SMP Thu Jul 12 15:51:36 UTC 2018 x86_64 x86_64 x86_64 GNU/Linux


172.16.8.182 - channel is closed for communication!
172.16.8.182 - channel is disconnected!
172.16.8.182 - executing command free
172.16.8.182 - checking channel connection...
172.16.8.182 - channel is currently connected...
172.16.8.182 - command output -> 
              total        used        free      shared  buff/cache   available
Mem:        8174812     5923176      170408       37752     2081228     1845324
Swap:       7999484      228320     7771164


172.16.8.182 - channel is closed for communication!
172.16.8.182 - channel is disconnected!
172.16.8.182 - executing command df -h
172.16.8.182 - checking channel connection...
172.16.8.182 - channel is currently connected...
172.16.8.182 - command output -> 
Filesystem                Size  Used Avail Use% Mounted on
udev                      3.9G     0  3.9G   0% /dev
tmpfs                     799M   82M  717M  11% /run
/dev/mapper/vg0-root       14G  4.7G  8.6G  36% /
tmpfs                     3.9G     0  3.9G   0% /dev/shm
tmpfs                     5.0M     0  5.0M   0% /run/lock
tmpfs                     3.9G     0  3.9G   0% /sys/fs/cgroup
/dev/sda1                 361M   59M  280M  18% /boot
/dev/mapper/vg0-motadata   39G   12G   25G  34% /motadata
tmpfs                     799M     0  799M   0% /run/user/0


172.16.8.182 - channel is closed for communication!
172.16.8.182 - executing command iostat
172.16.8.182 - checking channel connection...
172.16.8.182 - channel is currently connected...
172.16.8.182 - command output -> 
Linux 4.4.0-131-generic (ubuntu) 	01/31/2022 	_x86_64_	(4 CPU)

avg-cpu:  %user   %nice %system %iowait  %steal   %idle
           1.67    0.00    1.83    1.01    0.00   95.48

Device:            tps    kB_read/s    kB_wrtn/s    kB_read    kB_wrtn
loop0             0.00         0.00         0.00          8          0
sda               4.33         5.29       419.96    8145598  646483897
dm-0              2.17         4.00        13.84    6161389   21311480
dm-1              0.33         0.12         1.21     185284    1868780
dm-2              5.35         1.16       404.90    1789920  623303584



172.16.8.182 - channel is closed for communication!
successfully re-inserted into tb_discovery & tb_result table!
------- successfully data re-inserted into tb_discovery & tb_result table! --------
------- successfully data re-inserted into tb_discovery & tb_result table! --------
checking connection with 172.16.8.182 and port 22
172.16.8.182 - connection established!
connected to 172.16.8.182
172.16.8.182 - executing command uname -a
172.16.8.182 - checking channel connection...
172.16.8.182 - channel is currently connected...
172.16.8.182 - command output -> 
Linux ubuntu 4.4.0-131-generic #157-Ubuntu SMP Thu Jul 12 15:51:36 UTC 2018 x86_64 x86_64 x86_64 GNU/Linux


172.16.8.182 - channel is closed for communication!
172.16.8.182 - executing command free
172.16.8.182 - checking channel connection...
172.16.8.182 - channel is currently connected...
172.16.8.182 - command output -> 
              total        used        free      shared  buff/cache   available
Mem:        8174812     5922852      170596       37752     2081364     1845412
Swap:       7999484      228320     7771164


172.16.8.182 - channel is closed for communication!
172.16.8.182 - channel is disconnected!
172.16.8.182 - executing command df -h
172.16.8.182 - checking channel connection...
172.16.8.182 - channel is currently connected...
172.16.8.182 - command output -> 
Filesystem                Size  Used Avail Use% Mounted on
udev                      3.9G     0  3.9G   0% /dev
tmpfs                     799M   82M  717M  11% /run
/dev/mapper/vg0-root       14G  4.7G  8.6G  36% /
tmpfs                     3.9G     0  3.9G   0% /dev/shm
tmpfs                     5.0M     0  5.0M   0% /run/lock
tmpfs                     3.9G     0  3.9G   0% /sys/fs/cgroup
/dev/sda1                 361M   59M  280M  18% /boot
/dev/mapper/vg0-motadata   39G   12G   25G  34% /motadata
tmpfs                     799M     0  799M   0% /run/user/0


172.16.8.182 - channel is closed for communication!
172.16.8.182 - executing command iostat
172.16.8.182 - checking channel connection...
172.16.8.182 - channel is currently connected...
172.16.8.182 - command output -> 
Linux 4.4.0-131-generic (ubuntu) 	01/31/2022 	_x86_64_	(4 CPU)

avg-cpu:  %user   %nice %system %iowait  %steal   %idle
           1.67    0.00    1.83    1.01    0.00   95.48

Device:            tps    kB_read/s    kB_wrtn/s    kB_read    kB_wrtn
loop0             0.00         0.00         0.00          8          0
sda               4.33         5.29       419.96    8145598  646490217
dm-0              2.17         4.00        13.84    6161389   21311796
dm-1              0.33         0.12         1.21     185284    1868780
dm-2              5.35         1.16       404.90    1789920  623309588



172.16.8.182 - channel is closed for communication!
successfully re-inserted into tb_discovery & tb_result table!
------- successfully data re-inserted into tb_discovery & tb_result table! --------
------- successfully data re-inserted into tb_discovery & tb_result table! --------
checking connection with 172.16.8.182 and port 22
172.16.8.182 - connection established!
connected to 172.16.8.182
172.16.8.182 - executing command uname -a
172.16.8.182 - checking channel connection...
172.16.8.182 - channel is currently connected...
172.16.8.182 - command output -> 
Linux ubuntu 4.4.0-131-generic #157-Ubuntu SMP Thu Jul 12 15:51:36 UTC 2018 x86_64 x86_64 x86_64 GNU/Linux


172.16.8.182 - channel is closed for communication!
172.16.8.182 - channel is disconnected!
172.16.8.182 - executing command free
172.16.8.182 - checking channel connection...
172.16.8.182 - channel is currently connected...
172.16.8.182 - command output -> 
              total        used        free      shared  buff/cache   available
Mem:        8174812     5924304      171200       37780     2079308     1844176
Swap:       7999484      228320     7771164


172.16.8.182 - channel is closed for communication!
172.16.8.182 - executing command df -h
172.16.8.182 - checking channel connection...
172.16.8.182 - channel is currently connected...
172.16.8.182 - command output -> 
Filesystem                Size  Used Avail Use% Mounted on
udev                      3.9G     0  3.9G   0% /dev
tmpfs                     799M   82M  717M  11% /run
/dev/mapper/vg0-root       14G  4.7G  8.6G  36% /
tmpfs                     3.9G     0  3.9G   0% /dev/shm
tmpfs                     5.0M     0  5.0M   0% /run/lock
tmpfs                     3.9G     0  3.9G   0% /sys/fs/cgroup
/dev/sda1                 361M   59M  280M  18% /boot
/dev/mapper/vg0-motadata   39G   12G   25G  34% /motadata
tmpfs                     799M     0  799M   0% /run/user/0


172.16.8.182 - channel is closed for communication!
172.16.8.182 - executing command iostat
172.16.8.182 - checking channel connection...
172.16.8.182 - channel is currently connected...
172.16.8.182 - command output -> 
Linux 4.4.0-131-generic (ubuntu) 	01/31/2022 	_x86_64_	(4 CPU)

avg-cpu:  %user   %nice %system %iowait  %steal   %idle
           1.67    0.00    1.83    1.01    0.00   95.48

Device:            tps    kB_read/s    kB_wrtn/s    kB_read    kB_wrtn
loop0             0.00         0.00         0.00          8          0
sda               4.33         5.29       419.96    8145598  646496165
dm-0              2.17         4.00        13.84    6161389   21312092
dm-1              0.33         0.12         1.21     185284    1868780
dm-2              5.35         1.16       404.90    1789920  623315240



172.16.8.182 - channel is closed for communication!
successfully re-inserted into tb_discovery & tb_result table!
------- successfully data re-inserted into tb_discovery & tb_result table! --------
------- successfully data re-inserted into tb_discovery & tb_result table! --------
checking connection with 172.16.8.182 and port 22
172.16.8.182 - connection established!
connected to 172.16.8.182
172.16.8.182 - executing command uname -a
172.16.8.182 - checking channel connection...
172.16.8.182 - channel is currently connected...
172.16.8.182 - command output -> 
Linux ubuntu 4.4.0-131-generic #157-Ubuntu SMP Thu Jul 12 15:51:36 UTC 2018 x86_64 x86_64 x86_64 GNU/Linux


172.16.8.182 - channel is closed for communication!
172.16.8.182 - executing command free
172.16.8.182 - checking channel connection...
172.16.8.182 - channel is currently connected...
172.16.8.182 - command output -> 
              total        used        free      shared  buff/cache   available
Mem:        8174812     5924976      169860       37780     2079976     1843440
Swap:       7999484      228304     7771180


172.16.8.182 - channel is closed for communication!
172.16.8.182 - executing command df -h
172.16.8.182 - checking channel connection...
172.16.8.182 - channel is currently connected...
172.16.8.182 - command output -> 
Filesystem                Size  Used Avail Use% Mounted on
udev                      3.9G     0  3.9G   0% /dev
tmpfs                     799M   82M  717M  11% /run
/dev/mapper/vg0-root       14G  4.7G  8.6G  36% /
tmpfs                     3.9G     0  3.9G   0% /dev/shm
tmpfs                     5.0M     0  5.0M   0% /run/lock
tmpfs                     3.9G     0  3.9G   0% /sys/fs/cgroup
/dev/sda1                 361M   59M  280M  18% /boot
/dev/mapper/vg0-motadata   39G   12G   25G  34% /motadata
tmpfs                     799M     0  799M   0% /run/user/0


172.16.8.182 - channel is closed for communication!
172.16.8.182 - executing command iostat
172.16.8.182 - checking channel connection...
172.16.8.182 - channel is currently connected...
172.16.8.182 - command output -> 
Linux 4.4.0-131-generic (ubuntu) 	01/31/2022 	_x86_64_	(4 CPU)

avg-cpu:  %user   %nice %system %iowait  %steal   %idle
           1.67    0.00    1.83    1.01    0.00   95.48

Device:            tps    kB_read/s    kB_wrtn/s    kB_read    kB_wrtn
loop0             0.00         0.00         0.00          8          0
sda               4.33         5.29       419.97    8145654  646529921
dm-0              2.17         4.00        13.84    6161389   21312480
dm-1              0.33         0.12         1.21     185308    1868780
dm-2              5.35         1.16       404.91    1789952  623348608



172.16.8.182 - channel is closed for communication!
successfully re-inserted into tb_discovery & tb_result table!
------- successfully data re-inserted into tb_discovery & tb_result table! --------
------- successfully data re-inserted into tb_discovery & tb_result table! --------
checking connection with 172.16.8.182 and port 22
172.16.8.182 - connection established!
connected to 172.16.8.182
172.16.8.182 - executing command uname -a
172.16.8.182 - checking channel connection...
172.16.8.182 - channel is currently connected...
172.16.8.182 - command output -> 
Linux ubuntu 4.4.0-131-generic #157-Ubuntu SMP Thu Jul 12 15:51:36 UTC 2018 x86_64 x86_64 x86_64 GNU/Linux


172.16.8.182 - channel is closed for communication!
172.16.8.182 - executing command free
172.16.8.182 - checking channel connection...
172.16.8.182 - channel is currently connected...
172.16.8.182 - command output -> 
              total        used        free      shared  buff/cache   available
Mem:        8174812     5924032      169384       37836     2081396     1844256
Swap:       7999484      228304     7771180


172.16.8.182 - channel is closed for communication!
172.16.8.182 - executing command df -h
172.16.8.182 - checking channel connection...
172.16.8.182 - channel is currently connected...
172.16.8.182 - command output -> 
Filesystem                Size  Used Avail Use% Mounted on
udev                      3.9G     0  3.9G   0% /dev
tmpfs                     799M   82M  717M  11% /run
/dev/mapper/vg0-root       14G  4.7G  8.6G  36% /
tmpfs                     3.9G     0  3.9G   0% /dev/shm
tmpfs                     5.0M     0  5.0M   0% /run/lock
tmpfs                     3.9G     0  3.9G   0% /sys/fs/cgroup
/dev/sda1                 361M   59M  280M  18% /boot
/dev/mapper/vg0-motadata   39G   12G   25G  34% /motadata
tmpfs                     799M     0  799M   0% /run/user/0


172.16.8.182 - channel is closed for communication!
172.16.8.182 - executing command iostat
172.16.8.182 - checking channel connection...
172.16.8.182 - channel is currently connected...
172.16.8.182 - command output -> 
Linux 4.4.0-131-generic (ubuntu) 	01/31/2022 	_x86_64_	(4 CPU)

avg-cpu:  %user   %nice %system %iowait  %steal   %idle
           1.67    0.00    1.83    1.01    0.00   95.48

Device:            tps    kB_read/s    kB_wrtn/s    kB_read    kB_wrtn
loop0             0.00         0.00         0.00          8          0
sda               4.33         5.29       419.98    8145654  646556397
dm-0              2.17         4.00        13.84    6161389   21312752
dm-1              0.33         0.12         1.21     185308    1868780
dm-2              5.35         1.16       404.92    1789952  623374812



172.16.8.182 - channel is closed for communication!
successfully re-inserted into tb_discovery & tb_result table!
------- successfully data re-inserted into tb_discovery & tb_result table! --------
------- successfully data re-inserted into tb_discovery & tb_result table! --------
checking connection with 172.16.8.182 and port 22
172.16.8.182 - connection established!
connected to 172.16.8.182
172.16.8.182 - executing command uname -a
172.16.8.182 - checking channel connection...
172.16.8.182 - channel is currently connected...
172.16.8.182 - command output -> 
Linux ubuntu 4.4.0-131-generic #157-Ubuntu SMP Thu Jul 12 15:51:36 UTC 2018 x86_64 x86_64 x86_64 GNU/Linux


172.16.8.182 - channel is closed for communication!
172.16.8.182 - executing command free
172.16.8.182 - checking channel connection...
172.16.8.182 - channel is currently connected...
172.16.8.182 - command output -> 
              total        used        free      shared  buff/cache   available
Mem:        8174812     5927452      164196       37920     2083164     1840584
Swap:       7999484      228300     7771184


172.16.8.182 - channel is closed for communication!
172.16.8.182 - channel is disconnected!
172.16.8.182 - executing command df -h
172.16.8.182 - checking channel connection...
172.16.8.182 - channel is currently connected...
172.16.8.182 - command output -> 
Filesystem                Size  Used Avail Use% Mounted on
udev                      3.9G     0  3.9G   0% /dev
tmpfs                     799M   82M  717M  11% /run
/dev/mapper/vg0-root       14G  4.7G  8.6G  36% /
tmpfs                     3.9G     0  3.9G   0% /dev/shm
tmpfs                     5.0M     0  5.0M   0% /run/lock
tmpfs                     3.9G     0  3.9G   0% /sys/fs/cgroup
/dev/sda1                 361M   59M  280M  18% /boot
/dev/mapper/vg0-motadata   39G   12G   25G  34% /motadata
tmpfs                     799M     0  799M   0% /run/user/0


172.16.8.182 - channel is closed for communication!
172.16.8.182 - executing command iostat
172.16.8.182 - checking channel connection...
172.16.8.182 - channel is currently connected...
172.16.8.182 - command output -> 
Linux 4.4.0-131-generic (ubuntu) 	01/31/2022 	_x86_64_	(4 CPU)

avg-cpu:  %user   %nice %system %iowait  %steal   %idle
           1.67    0.00    1.83    1.01    0.00   95.48

Device:            tps    kB_read/s    kB_wrtn/s    kB_read    kB_wrtn
loop0             0.00         0.00         0.00          8          0
sda               4.33         5.29       419.98    8146034  646575673
dm-0              2.17         4.00        13.84    6161769   21313276
dm-1              0.33         0.12         1.21     185308    1868780
dm-2              5.35         1.16       404.92    1789952  623393564



172.16.8.182 - channel is closed for communication!
successfully re-inserted into tb_discovery & tb_result table!
------- successfully data re-inserted into tb_discovery & tb_result table! --------
------- successfully data re-inserted into tb_discovery & tb_result table! --------
checking connection with 172.16.8.182 and port 22
172.16.8.182 - connection established!
connected to 172.16.8.182
172.16.8.182 - executing command uname -a
172.16.8.182 - checking channel connection...
172.16.8.182 - channel is currently connected...
172.16.8.182 - command output -> 
Linux ubuntu 4.4.0-131-generic #157-Ubuntu SMP Thu Jul 12 15:51:36 UTC 2018 x86_64 x86_64 x86_64 GNU/Linux


172.16.8.182 - channel is closed for communication!
172.16.8.182 - executing command free
172.16.8.182 - checking channel connection...
172.16.8.182 - channel is currently connected...
172.16.8.182 - command output -> 
              total        used        free      shared  buff/cache   available
Mem:        8174812     5924540      162976       37920     2087296     1843600
Swap:       7999484      228300     7771184


172.16.8.182 - channel is closed for communication!
172.16.8.182 - executing command df -h
172.16.8.182 - checking channel connection...
172.16.8.182 - channel is currently connected...
172.16.8.182 - command output -> 
Filesystem                Size  Used Avail Use% Mounted on
udev                      3.9G     0  3.9G   0% /dev
tmpfs                     799M   82M  717M  11% /run
/dev/mapper/vg0-root       14G  4.7G  8.6G  36% /
tmpfs                     3.9G     0  3.9G   0% /dev/shm
tmpfs                     5.0M     0  5.0M   0% /run/lock
tmpfs                     3.9G     0  3.9G   0% /sys/fs/cgroup
/dev/sda1                 361M   59M  280M  18% /boot
/dev/mapper/vg0-motadata   39G   12G   25G  34% /motadata
tmpfs                     799M     0  799M   0% /run/user/0


172.16.8.182 - channel is closed for communication!
172.16.8.182 - executing command iostat
172.16.8.182 - checking channel connection...
172.16.8.182 - channel is currently connected...
172.16.8.182 - command output -> 
Linux 4.4.0-131-generic (ubuntu) 	01/31/2022 	_x86_64_	(4 CPU)

avg-cpu:  %user   %nice %system %iowait  %steal   %idle
           1.67    0.00    1.83    1.01    0.00   95.48

Device:            tps    kB_read/s    kB_wrtn/s    kB_read    kB_wrtn
loop0             0.00         0.00         0.00          8          0
sda               4.33         5.29       419.98    8146034  646585669
dm-0              2.17         4.00        13.84    6161769   21314176
dm-1              0.33         0.12         1.21     185308    1868780
dm-2              5.35         1.16       404.92    1789952  623402660



172.16.8.182 - channel is closed for communication!
successfully re-inserted into tb_discovery & tb_result table!
------- successfully data re-inserted into tb_discovery & tb_result table! --------
------- successfully data re-inserted into tb_discovery & tb_result table! --------
checking connection with 172.16.8.182 and port 22
172.16.8.182 - connection established!
connected to 172.16.8.182
172.16.8.182 - executing command uname -a
172.16.8.182 - checking channel connection...
172.16.8.182 - channel is currently connected...
172.16.8.182 - command output -> 
Linux ubuntu 4.4.0-131-generic #157-Ubuntu SMP Thu Jul 12 15:51:36 UTC 2018 x86_64 x86_64 x86_64 GNU/Linux


172.16.8.182 - channel is closed for communication!
172.16.8.182 - executing command free
172.16.8.182 - checking channel connection...
172.16.8.182 - channel is currently connected...
172.16.8.182 - command output -> 
              total        used        free      shared  buff/cache   available
Mem:        8174812     5924452      160884       37920     2089476     1843588
Swap:       7999484      228252     7771232


172.16.8.182 - channel is closed for communication!
172.16.8.182 - executing command df -h
172.16.8.182 - checking channel connection...
172.16.8.182 - channel is currently connected...
172.16.8.182 - command output -> 
Filesystem                Size  Used Avail Use% Mounted on
udev                      3.9G     0  3.9G   0% /dev
tmpfs                     799M   82M  717M  11% /run
/dev/mapper/vg0-root       14G  4.7G  8.6G  36% /
tmpfs                     3.9G     0  3.9G   0% /dev/shm
tmpfs                     5.0M     0  5.0M   0% /run/lock
tmpfs                     3.9G     0  3.9G   0% /sys/fs/cgroup
/dev/sda1                 361M   59M  280M  18% /boot
/dev/mapper/vg0-motadata   39G   13G   25G  34% /motadata
tmpfs                     799M     0  799M   0% /run/user/0


172.16.8.182 - channel is closed for communication!
172.16.8.182 - executing command iostat
172.16.8.182 - checking channel connection...
172.16.8.182 - channel is currently connected...
172.16.8.182 - command output -> 
Linux 4.4.0-131-generic (ubuntu) 	01/31/2022 	_x86_64_	(4 CPU)

avg-cpu:  %user   %nice %system %iowait  %steal   %idle
           1.67    0.00    1.83    1.01    0.00   95.48

Device:            tps    kB_read/s    kB_wrtn/s    kB_read    kB_wrtn
loop0             0.00         0.00         0.00          8          0
sda               4.33         5.29       419.97    8146074  646599321
dm-0              2.17         4.00        13.84    6161769   21314872
dm-1              0.33         0.12         1.21     185348    1868780
dm-2              5.35         1.16       404.91    1789952  623415616



172.16.8.182 - channel is closed for communication!
successfully re-inserted into tb_discovery & tb_result table!
------- successfully data re-inserted into tb_discovery & tb_result table! --------
------- successfully data re-inserted into tb_discovery & tb_result table! --------
checking connection with 172.16.8.182 and port 22
172.16.8.182 - connection established!
connected to 172.16.8.182
172.16.8.182 - executing command uname -a
172.16.8.182 - checking channel connection...
172.16.8.182 - channel is currently connected...
172.16.8.182 - command output -> 
Linux ubuntu 4.4.0-131-generic #157-Ubuntu SMP Thu Jul 12 15:51:36 UTC 2018 x86_64 x86_64 x86_64 GNU/Linux


172.16.8.182 - channel is closed for communication!
172.16.8.182 - executing command free
172.16.8.182 - checking channel connection...
172.16.8.182 - channel is currently connected...
172.16.8.182 - command output -> 
              total        used        free      shared  buff/cache   available
Mem:        8174812     5929664      153020       37948     2092128     1838060
Swap:       7999484      228212     7771272


172.16.8.182 - channel is closed for communication!
172.16.8.182 - executing command df -h
172.16.8.182 - checking channel connection...
172.16.8.182 - channel is currently connected...
172.16.8.182 - command output -> 
Filesystem                Size  Used Avail Use% Mounted on
udev                      3.9G     0  3.9G   0% /dev
tmpfs                     799M   82M  717M  11% /run
/dev/mapper/vg0-root       14G  4.7G  8.6G  36% /
tmpfs                     3.9G     0  3.9G   0% /dev/shm
tmpfs                     5.0M     0  5.0M   0% /run/lock
tmpfs                     3.9G     0  3.9G   0% /sys/fs/cgroup
/dev/sda1                 361M   59M  280M  18% /boot
/dev/mapper/vg0-motadata   39G   13G   25G  34% /motadata
tmpfs                     799M     0  799M   0% /run/user/0


172.16.8.182 - channel is closed for communication!
172.16.8.182 - channel is disconnected!
172.16.8.182 - executing command iostat
172.16.8.182 - checking channel connection...
172.16.8.182 - channel is currently connected...
172.16.8.182 - command output -> 
Linux 4.4.0-131-generic (ubuntu) 	01/31/2022 	_x86_64_	(4 CPU)

avg-cpu:  %user   %nice %system %iowait  %steal   %idle
           1.67    0.00    1.83    1.01    0.00   95.48

Device:            tps    kB_read/s    kB_wrtn/s    kB_read    kB_wrtn
loop0             0.00         0.00         0.00          8          0
sda               4.33         5.29       419.96    8146626  646623437
dm-0              2.17         4.00        13.84    6161769   21316220
dm-1              0.33         0.12         1.21     185900    1868780
dm-2              5.35         1.16       404.90    1789952  623438384



172.16.8.182 - channel is closed for communication!
successfully re-inserted into tb_discovery & tb_result table!
------- successfully data re-inserted into tb_discovery & tb_result table! --------
------- successfully data re-inserted into tb_discovery & tb_result table! --------
checking connection with 172.16.8.182 and port 22
172.16.8.182 - connection established!
connected to 172.16.8.182
172.16.8.182 - executing command uname -a
172.16.8.182 - checking channel connection...
172.16.8.182 - channel is currently connected...
172.16.8.182 - command output -> 
Linux ubuntu 4.4.0-131-generic #157-Ubuntu SMP Thu Jul 12 15:51:36 UTC 2018 x86_64 x86_64 x86_64 GNU/Linux


172.16.8.182 - channel is closed for communication!
172.16.8.182 - executing command free
172.16.8.182 - checking channel connection...
172.16.8.182 - channel is currently connected...
172.16.8.182 - command output -> 
              total        used        free      shared  buff/cache   available
Mem:        8174812     5931040      153316       37976     2090456     1836724
Swap:       7999484      227692     7771792


172.16.8.182 - channel is closed for communication!
172.16.8.182 - channel is disconnected!
172.16.8.182 - executing command df -h
172.16.8.182 - checking channel connection...
172.16.8.182 - channel is currently connected...
172.16.8.182 - command output -> 
Filesystem                Size  Used Avail Use% Mounted on
udev                      3.9G     0  3.9G   0% /dev
tmpfs                     799M   82M  717M  11% /run
/dev/mapper/vg0-root       14G  4.7G  8.6G  36% /
tmpfs                     3.9G     0  3.9G   0% /dev/shm
tmpfs                     5.0M     0  5.0M   0% /run/lock
tmpfs                     3.9G     0  3.9G   0% /sys/fs/cgroup
/dev/sda1                 361M   59M  280M  18% /boot
/dev/mapper/vg0-motadata   39G   13G   25G  34% /motadata
tmpfs                     799M     0  799M   0% /run/user/0


172.16.8.182 - channel is closed for communication!
172.16.8.182 - executing command iostat
172.16.8.182 - checking channel connection...
172.16.8.182 - channel is currently connected...
172.16.8.182 - command output -> 
Linux 4.4.0-131-generic (ubuntu) 	01/31/2022 	_x86_64_	(4 CPU)

avg-cpu:  %user   %nice %system %iowait  %steal   %idle
           1.67    0.00    1.83    1.01    0.00   95.48

Device:            tps    kB_read/s    kB_wrtn/s    kB_read    kB_wrtn
loop0             0.00         0.00         0.00          8          0
sda               4.33         5.29       419.99    8146626  646688993
dm-0              2.17         4.00        13.84    6161769   21316756
dm-1              0.33         0.12         1.21     185900    1868780
dm-2              5.35         1.16       404.93    1789952  623503404



172.16.8.182 - channel is closed for communication!
successfully re-inserted into tb_discovery & tb_result table!
------- successfully data re-inserted into tb_discovery & tb_result table! --------
------- successfully data re-inserted into tb_discovery & tb_result table! --------
checking connection with 172.16.8.182 and port 22
172.16.8.182 - connection established!
connected to 172.16.8.182
172.16.8.182 - executing command uname -a
172.16.8.182 - checking channel connection...
172.16.8.182 - channel is currently connected...
172.16.8.182 - command output -> 
Linux ubuntu 4.4.0-131-generic #157-Ubuntu SMP Thu Jul 12 15:51:36 UTC 2018 x86_64 x86_64 x86_64 GNU/Linux


172.16.8.182 - channel is closed for communication!
172.16.8.182 - executing command free
172.16.8.182 - checking channel connection...
172.16.8.182 - channel is currently connected...
172.16.8.182 - command output -> 
              total        used        free      shared  buff/cache   available
Mem:        8174812     5921768      163840       38004     2089204     1845812
Swap:       7999484      227684     7771800


172.16.8.182 - channel is closed for communication!
172.16.8.182 - channel is disconnected!
172.16.8.182 - executing command df -h
172.16.8.182 - checking channel connection...
172.16.8.182 - channel is currently connected...
172.16.8.182 - command output -> 
Filesystem                Size  Used Avail Use% Mounted on
udev                      3.9G     0  3.9G   0% /dev
tmpfs                     799M   82M  717M  11% /run
/dev/mapper/vg0-root       14G  4.7G  8.6G  36% /
tmpfs                     3.9G     0  3.9G   0% /dev/shm
tmpfs                     5.0M     0  5.0M   0% /run/lock
tmpfs                     3.9G     0  3.9G   0% /sys/fs/cgroup
/dev/sda1                 361M   59M  280M  18% /boot
/dev/mapper/vg0-motadata   39G   13G   25G  34% /motadata
tmpfs                     799M     0  799M   0% /run/user/0


172.16.8.182 - channel is closed for communication!
172.16.8.182 - executing command iostat
172.16.8.182 - checking channel connection...
172.16.8.182 - channel is currently connected...
172.16.8.182 - command output -> 
Linux 4.4.0-131-generic (ubuntu) 	01/31/2022 	_x86_64_	(4 CPU)

avg-cpu:  %user   %nice %system %iowait  %steal   %idle
           1.67    0.00    1.83    1.01    0.00   95.48

Device:            tps    kB_read/s    kB_wrtn/s    kB_read    kB_wrtn
loop0             0.00         0.00         0.00          8          0
sda               4.33         5.29       419.99    8146690  646710985
dm-0              2.17         4.00        13.84    6161769   21317336
dm-1              0.33         0.12         1.21     185948    1868780
dm-2              5.35         1.16       404.93    1789968  623524816



172.16.8.182 - channel is closed for communication!
successfully re-inserted into tb_discovery & tb_result table!
------- successfully data re-inserted into tb_discovery & tb_result table! --------
------- successfully data re-inserted into tb_discovery & tb_result table! --------
checking connection with 172.16.8.182 and port 22
172.16.8.182 - connection established!
connected to 172.16.8.182
172.16.8.182 - executing command uname -a
172.16.8.182 - checking channel connection...
172.16.8.182 - channel is currently connected...
172.16.8.182 - command output -> 
Linux ubuntu 4.4.0-131-generic #157-Ubuntu SMP Thu Jul 12 15:51:36 UTC 2018 x86_64 x86_64 x86_64 GNU/Linux


172.16.8.182 - channel is closed for communication!
172.16.8.182 - executing command free
172.16.8.182 - checking channel connection...
172.16.8.182 - channel is currently connected...
172.16.8.182 - command output -> 
              total        used        free      shared  buff/cache   available
Mem:        8174812     5950412      146956       35924     2077444     1819132
Swap:       7999484      233296     7766188


172.16.8.182 - channel is closed for communication!
172.16.8.182 - executing command df -h
172.16.8.182 - checking channel connection...
172.16.8.182 - channel is currently connected...
172.16.8.182 - command output -> 
Filesystem                Size  Used Avail Use% Mounted on
udev                      3.9G     0  3.9G   0% /dev
tmpfs                     799M   82M  717M  11% /run
/dev/mapper/vg0-root       14G  4.7G  8.6G  36% /
tmpfs                     3.9G     0  3.9G   0% /dev/shm
tmpfs                     5.0M     0  5.0M   0% /run/lock
tmpfs                     3.9G     0  3.9G   0% /sys/fs/cgroup
/dev/sda1                 361M   59M  280M  18% /boot
/dev/mapper/vg0-motadata   39G   13G   25G  34% /motadata
tmpfs                     799M     0  799M   0% /run/user/0


172.16.8.182 - channel is closed for communication!
172.16.8.182 - executing command iostat
172.16.8.182 - checking channel connection...
172.16.8.182 - channel is currently connected...
172.16.8.182 - command output -> 
Linux 4.4.0-131-generic (ubuntu) 	01/31/2022 	_x86_64_	(4 CPU)

avg-cpu:  %user   %nice %system %iowait  %steal   %idle
           1.67    0.00    1.83    1.01    0.00   95.48

Device:            tps    kB_read/s    kB_wrtn/s    kB_read    kB_wrtn
loop0             0.00         0.00         0.00          8          0
sda               4.34         5.32       419.99    8185710  646731181
dm-0              2.17         4.00        13.85    6164373   21322840
dm-1              0.33         0.12         1.22     187344    1874484
dm-2              5.35         1.19       404.93    1824988  623534656



172.16.8.182 - channel is closed for communication!
successfully re-inserted into tb_discovery & tb_result table!
------- successfully data re-inserted into tb_discovery & tb_result table! --------
------- successfully data re-inserted into tb_discovery & tb_result table! --------
checking connection with 172.16.8.182 and port 22
172.16.8.182 - connection established!
connected to 172.16.8.182
172.16.8.182 - executing command uname -a
172.16.8.182 - checking channel connection...
172.16.8.182 - channel is currently connected...
172.16.8.182 - command output -> 
Linux ubuntu 4.4.0-131-generic #157-Ubuntu SMP Thu Jul 12 15:51:36 UTC 2018 x86_64 x86_64 x86_64 GNU/Linux


172.16.8.182 - channel is closed for communication!
172.16.8.182 - executing command free
172.16.8.182 - checking channel connection...
172.16.8.182 - channel is currently connected...
172.16.8.182 - command output -> 
              total        used        free      shared  buff/cache   available
Mem:        8174812     5954264      142712       35924     2077836     1815080
Swap:       7999484      232528     7766956


172.16.8.182 - channel is closed for communication!
172.16.8.182 - executing command df -h
172.16.8.182 - checking channel connection...
172.16.8.182 - channel is currently connected...
172.16.8.182 - command output -> 
Filesystem                Size  Used Avail Use% Mounted on
udev                      3.9G     0  3.9G   0% /dev
tmpfs                     799M   82M  717M  11% /run
/dev/mapper/vg0-root       14G  4.7G  8.6G  36% /
tmpfs                     3.9G     0  3.9G   0% /dev/shm
tmpfs                     5.0M     0  5.0M   0% /run/lock
tmpfs                     3.9G     0  3.9G   0% /sys/fs/cgroup
/dev/sda1                 361M   59M  280M  18% /boot
/dev/mapper/vg0-motadata   39G   13G   25G  34% /motadata
tmpfs                     799M     0  799M   0% /run/user/0


172.16.8.182 - channel is closed for communication!
172.16.8.182 - executing command iostat
172.16.8.182 - checking channel connection...
172.16.8.182 - channel is currently connected...
172.16.8.182 - command output -> 
Linux 4.4.0-131-generic (ubuntu) 	01/31/2022 	_x86_64_	(4 CPU)

avg-cpu:  %user   %nice %system %iowait  %steal   %idle
           1.67    0.00    1.83    1.01    0.00   95.48

Device:            tps    kB_read/s    kB_wrtn/s    kB_read    kB_wrtn
loop0             0.00         0.00         0.00          8          0
sda               4.34         5.32       419.99    8185838  646747149
dm-0              2.17         4.00        13.85    6164381   21323584
dm-1              0.33         0.12         1.22     187448    1874484
dm-2              5.35         1.19       404.93    1825004  623549028



172.16.8.182 - channel is closed for communication!
successfully re-inserted into tb_discovery & tb_result table!
------- successfully data re-inserted into tb_discovery & tb_result table! --------
------- successfully data re-inserted into tb_discovery & tb_result table! --------
checking connection with 172.16.8.182 and port 22
172.16.8.182 - connection established!
connected to 172.16.8.182
172.16.8.182 - executing command uname -a
172.16.8.182 - checking channel connection...
172.16.8.182 - channel is currently connected...
172.16.8.182 - command output -> 
Linux ubuntu 4.4.0-131-generic #157-Ubuntu SMP Thu Jul 12 15:51:36 UTC 2018 x86_64 x86_64 x86_64 GNU/Linux


172.16.8.182 - channel is closed for communication!
172.16.8.182 - executing command free
172.16.8.182 - checking channel connection...
172.16.8.182 - channel is currently connected...
172.16.8.182 - command output -> 
              total        used        free      shared  buff/cache   available
Mem:        8174812     5950228      144572       35980     2080012     1819052
Swap:       7999484      232524     7766960


172.16.8.182 - channel is closed for communication!
172.16.8.182 - executing command df -h
172.16.8.182 - checking channel connection...
172.16.8.182 - channel is currently connected...
172.16.8.182 - command output -> 
Filesystem                Size  Used Avail Use% Mounted on
udev                      3.9G     0  3.9G   0% /dev
tmpfs                     799M   82M  717M  11% /run
/dev/mapper/vg0-root       14G  4.7G  8.6G  36% /
tmpfs                     3.9G     0  3.9G   0% /dev/shm
tmpfs                     5.0M     0  5.0M   0% /run/lock
tmpfs                     3.9G     0  3.9G   0% /sys/fs/cgroup
/dev/sda1                 361M   59M  280M  18% /boot
/dev/mapper/vg0-motadata   39G   13G   25G  34% /motadata
tmpfs                     799M     0  799M   0% /run/user/0


172.16.8.182 - channel is closed for communication!
172.16.8.182 - executing command iostat
172.16.8.182 - checking channel connection...
172.16.8.182 - channel is currently connected...
172.16.8.182 - command output -> 
Linux 4.4.0-131-generic (ubuntu) 	01/31/2022 	_x86_64_	(4 CPU)

avg-cpu:  %user   %nice %system %iowait  %steal   %idle
           1.67    0.00    1.83    1.01    0.00   95.48

Device:            tps    kB_read/s    kB_wrtn/s    kB_read    kB_wrtn
loop0             0.00         0.00         0.00          8          0
sda               4.34         5.32       419.99    8185838  646747805
dm-0              2.17         4.00        13.85    6164381   21324064
dm-1              0.33         0.12         1.22     187448    1874484
dm-2              5.35         1.19       404.92    1825004  623549204



172.16.8.182 - channel is closed for communication!
successfully re-inserted into tb_discovery & tb_result table!
------- successfully data re-inserted into tb_discovery & tb_result table! --------
------- successfully data re-inserted into tb_discovery & tb_result table! --------
checking connection with 172.16.8.182 and port 22
172.16.8.182 - connection established!
connected to 172.16.8.182
172.16.8.182 - executing command uname -a
172.16.8.182 - checking channel connection...
172.16.8.182 - channel is currently connected...
172.16.8.182 - command output -> 
Linux ubuntu 4.4.0-131-generic #157-Ubuntu SMP Thu Jul 12 15:51:36 UTC 2018 x86_64 x86_64 x86_64 GNU/Linux


172.16.8.182 - channel is closed for communication!
172.16.8.182 - executing command free
172.16.8.182 - checking channel connection...
172.16.8.182 - channel is currently connected...
172.16.8.182 - command output -> 
              total        used        free      shared  buff/cache   available
Mem:        8174812     5949180      144616       35980     2081016     1820144
Swap:       7999484      232524     7766960


172.16.8.182 - channel is closed for communication!
172.16.8.182 - executing command df -h
172.16.8.182 - checking channel connection...
172.16.8.182 - channel is currently connected...
172.16.8.182 - command output -> 
Filesystem                Size  Used Avail Use% Mounted on
udev                      3.9G     0  3.9G   0% /dev
tmpfs                     799M   82M  717M  11% /run
/dev/mapper/vg0-root       14G  4.7G  8.6G  36% /
tmpfs                     3.9G     0  3.9G   0% /dev/shm
tmpfs                     5.0M     0  5.0M   0% /run/lock
tmpfs                     3.9G     0  3.9G   0% /sys/fs/cgroup
/dev/sda1                 361M   59M  280M  18% /boot
/dev/mapper/vg0-motadata   39G   13G   25G  34% /motadata
tmpfs                     799M     0  799M   0% /run/user/0


172.16.8.182 - channel is closed for communication!
172.16.8.182 - executing command iostat
172.16.8.182 - checking channel connection...
172.16.8.182 - channel is currently connected...
172.16.8.182 - command output -> 
Linux 4.4.0-131-generic (ubuntu) 	01/31/2022 	_x86_64_	(4 CPU)

avg-cpu:  %user   %nice %system %iowait  %steal   %idle
           1.67    0.00    1.83    1.01    0.00   95.48

Device:            tps    kB_read/s    kB_wrtn/s    kB_read    kB_wrtn
loop0             0.00         0.00         0.00          8          0
sda               4.34         5.32       419.99    8185838  646755329
dm-0              2.17         4.00        13.85    6164381   21324612
dm-1              0.33         0.12         1.22     187448    1874484
dm-2              5.35         1.19       404.92    1825004  623556180



172.16.8.182 - channel is closed for communication!
successfully re-inserted into tb_discovery & tb_result table!
------- successfully data re-inserted into tb_discovery & tb_result table! --------
------- successfully data re-inserted into tb_discovery & tb_result table! --------
checking connection with 172.16.8.182 and port 22
172.16.8.182 - connection established!
connected to 172.16.8.182
172.16.8.182 - executing command uname -a
172.16.8.182 - checking channel connection...
172.16.8.182 - channel is currently connected...
172.16.8.182 - command output -> 
Linux ubuntu 4.4.0-131-generic #157-Ubuntu SMP Thu Jul 12 15:51:36 UTC 2018 x86_64 x86_64 x86_64 GNU/Linux


172.16.8.182 - channel is closed for communication!
172.16.8.182 - executing command free
172.16.8.182 - checking channel connection...
172.16.8.182 - channel is currently connected...
172.16.8.182 - command output -> 
              total        used        free      shared  buff/cache   available
Mem:        8174812     5951368      142108       36008     2081336     1817872
Swap:       7999484      232524     7766960


172.16.8.182 - channel is closed for communication!
172.16.8.182 - executing command df -h
172.16.8.182 - checking channel connection...
172.16.8.182 - channel is currently connected...
172.16.8.182 - command output -> 
Filesystem                Size  Used Avail Use% Mounted on
udev                      3.9G     0  3.9G   0% /dev
tmpfs                     799M   82M  717M  11% /run
/dev/mapper/vg0-root       14G  4.7G  8.6G  36% /
tmpfs                     3.9G     0  3.9G   0% /dev/shm
tmpfs                     5.0M     0  5.0M   0% /run/lock
tmpfs                     3.9G     0  3.9G   0% /sys/fs/cgroup
/dev/sda1                 361M   59M  280M  18% /boot
/dev/mapper/vg0-motadata   39G   13G   25G  34% /motadata
tmpfs                     799M     0  799M   0% /run/user/0


172.16.8.182 - channel is closed for communication!
172.16.8.182 - executing command iostat
172.16.8.182 - checking channel connection...
172.16.8.182 - channel is currently connected...
172.16.8.182 - command output -> 
Linux 4.4.0-131-generic (ubuntu) 	01/31/2022 	_x86_64_	(4 CPU)

avg-cpu:  %user   %nice %system %iowait  %steal   %idle
           1.67    0.00    1.83    1.01    0.00   95.48

Device:            tps    kB_read/s    kB_wrtn/s    kB_read    kB_wrtn
loop0             0.00         0.00         0.00          8          0
sda               4.34         5.32       419.98    8185838  646755497
dm-0              2.17         4.00        13.85    6164381   21324672
dm-1              0.33         0.12         1.22     187448    1874484
dm-2              5.35         1.19       404.91    1825004  623556288



172.16.8.182 - channel is closed for communication!
successfully re-inserted into tb_discovery & tb_result table!
------- successfully data re-inserted into tb_discovery & tb_result table! --------
------- successfully data re-inserted into tb_discovery & tb_result table! --------
checking connection with 172.16.8.182 and port 22
172.16.8.182 - connection established!
connected to 172.16.8.182
172.16.8.182 - executing command uname -a
172.16.8.182 - checking channel connection...
172.16.8.182 - channel is currently connected...
172.16.8.182 - command output -> 
Linux ubuntu 4.4.0-131-generic #157-Ubuntu SMP Thu Jul 12 15:51:36 UTC 2018 x86_64 x86_64 x86_64 GNU/Linux


172.16.8.182 - channel is closed for communication!
172.16.8.182 - executing command free
172.16.8.182 - checking channel connection...
172.16.8.182 - channel is currently connected...
172.16.8.182 - command output -> 
              total        used        free      shared  buff/cache   available
Mem:        8174812     5955400      137632       36064     2081780     1813644
Swap:       7999484      232520     7766964


172.16.8.182 - channel is closed for communication!
172.16.8.182 - executing command df -h
172.16.8.182 - checking channel connection...
172.16.8.182 - channel is currently connected...
172.16.8.182 - command output -> 
Filesystem                Size  Used Avail Use% Mounted on
udev                      3.9G     0  3.9G   0% /dev
tmpfs                     799M   82M  717M  11% /run
/dev/mapper/vg0-root       14G  4.7G  8.6G  36% /
tmpfs                     3.9G     0  3.9G   0% /dev/shm
tmpfs                     5.0M     0  5.0M   0% /run/lock
tmpfs                     3.9G     0  3.9G   0% /sys/fs/cgroup
/dev/sda1                 361M   59M  280M  18% /boot
/dev/mapper/vg0-motadata   39G   13G   25G  34% /motadata
tmpfs                     799M     0  799M   0% /run/user/0


172.16.8.182 - channel is closed for communication!
172.16.8.182 - executing command iostat
172.16.8.182 - checking channel connection...
172.16.8.182 - channel is currently connected...
172.16.8.182 - command output -> 
Linux 4.4.0-131-generic (ubuntu) 	01/31/2022 	_x86_64_	(4 CPU)

avg-cpu:  %user   %nice %system %iowait  %steal   %idle
           1.67    0.00    1.83    1.01    0.00   95.48

Device:            tps    kB_read/s    kB_wrtn/s    kB_read    kB_wrtn
loop0             0.00         0.00         0.00          8          0
sda               4.34         5.32       419.98    8185842  646760757
dm-0              2.17         4.00        13.85    6164381   21324928
dm-1              0.33         0.12         1.22     187452    1874484
dm-2              5.35         1.19       404.91    1825004  623561292



172.16.8.182 - channel is closed for communication!
successfully re-inserted into tb_discovery & tb_result table!
------- successfully data re-inserted into tb_discovery & tb_result table! --------
------- successfully data re-inserted into tb_discovery & tb_result table! --------
checking connection with 172.16.8.182 and port 22
172.16.8.182 - connection established!
connected to 172.16.8.182
172.16.8.182 - executing command uname -a
172.16.8.182 - checking channel connection...
172.16.8.182 - channel is currently connected...
172.16.8.182 - command output -> 
Linux ubuntu 4.4.0-131-generic #157-Ubuntu SMP Thu Jul 12 15:51:36 UTC 2018 x86_64 x86_64 x86_64 GNU/Linux


172.16.8.182 - channel is closed for communication!
172.16.8.182 - executing command free
172.16.8.182 - checking channel connection...
172.16.8.182 - channel is currently connected...
172.16.8.182 - command output -> 
              total        used        free      shared  buff/cache   available
Mem:        8174812     5957108      135420       36064     2082284     1811972
Swap:       7999484      232476     7767008


172.16.8.182 - channel is closed for communication!
172.16.8.182 - executing command df -h
172.16.8.182 - checking channel connection...
172.16.8.182 - channel is currently connected...
172.16.8.182 - command output -> 
Filesystem                Size  Used Avail Use% Mounted on
udev                      3.9G     0  3.9G   0% /dev
tmpfs                     799M   82M  717M  11% /run
/dev/mapper/vg0-root       14G  4.7G  8.6G  36% /
tmpfs                     3.9G     0  3.9G   0% /dev/shm
tmpfs                     5.0M     0  5.0M   0% /run/lock
tmpfs                     3.9G     0  3.9G   0% /sys/fs/cgroup
/dev/sda1                 361M   59M  280M  18% /boot
/dev/mapper/vg0-motadata   39G   13G   25G  34% /motadata
tmpfs                     799M     0  799M   0% /run/user/0


172.16.8.182 - channel is closed for communication!
172.16.8.182 - executing command iostat
172.16.8.182 - checking channel connection...
172.16.8.182 - channel is currently connected...
172.16.8.182 - command output -> 
Linux 4.4.0-131-generic (ubuntu) 	01/31/2022 	_x86_64_	(4 CPU)

avg-cpu:  %user   %nice %system %iowait  %steal   %idle
           1.67    0.00    1.83    1.01    0.00   95.48

Device:            tps    kB_read/s    kB_wrtn/s    kB_read    kB_wrtn
loop0             0.00         0.00         0.00          8          0
sda               4.34         5.32       419.98    8185922  646766109
dm-0              2.17         4.00        13.85    6164381   21325220
dm-1              0.33         0.12         1.22     187532    1874484
dm-2              5.35         1.19       404.91    1825004  623566352



172.16.8.182 - channel is closed for communication!
successfully re-inserted into tb_discovery & tb_result table!
------- successfully data re-inserted into tb_discovery & tb_result table! --------
------- successfully data re-inserted into tb_discovery & tb_result table! --------
checking connection with 172.16.8.182 and port 22
172.16.8.182 - connection established!
connected to 172.16.8.182
172.16.8.182 - executing command uname -a
172.16.8.182 - checking channel connection...
172.16.8.182 - channel is currently connected...
172.16.8.182 - command output -> 
Linux ubuntu 4.4.0-131-generic #157-Ubuntu SMP Thu Jul 12 15:51:36 UTC 2018 x86_64 x86_64 x86_64 GNU/Linux


172.16.8.182 - channel is closed for communication!
172.16.8.182 - executing command free
172.16.8.182 - checking channel connection...
172.16.8.182 - channel is currently connected...
172.16.8.182 - command output -> 
              total        used        free      shared  buff/cache   available
Mem:        8174812     5958524      134896       36092     2081392     1810448
Swap:       7999484      232476     7767008


172.16.8.182 - channel is closed for communication!
172.16.8.182 - executing command df -h
172.16.8.182 - checking channel connection...
172.16.8.182 - channel is currently connected...
172.16.8.182 - command output -> 
Filesystem                Size  Used Avail Use% Mounted on
udev                      3.9G     0  3.9G   0% /dev
tmpfs                     799M   82M  717M  11% /run
/dev/mapper/vg0-root       14G  4.7G  8.6G  36% /
tmpfs                     3.9G     0  3.9G   0% /dev/shm
tmpfs                     5.0M     0  5.0M   0% /run/lock
tmpfs                     3.9G     0  3.9G   0% /sys/fs/cgroup
/dev/sda1                 361M   59M  280M  18% /boot
/dev/mapper/vg0-motadata   39G   13G   25G  34% /motadata
tmpfs                     799M     0  799M   0% /run/user/0


172.16.8.182 - channel is closed for communication!
172.16.8.182 - executing command iostat
172.16.8.182 - checking channel connection...
172.16.8.182 - channel is currently connected...
172.16.8.182 - command output -> 
Linux 4.4.0-131-generic (ubuntu) 	01/31/2022 	_x86_64_	(4 CPU)

avg-cpu:  %user   %nice %system %iowait  %steal   %idle
           1.67    0.00    1.83    1.01    0.00   95.48

Device:            tps    kB_read/s    kB_wrtn/s    kB_read    kB_wrtn
loop0             0.00         0.00         0.00          8          0
sda               4.34         5.32       419.97    8185922  646766261
dm-0              2.17         4.00        13.85    6164381   21325272
dm-1              0.33         0.12         1.22     187532    1874484
dm-2              5.35         1.19       404.91    1825004  623566452



172.16.8.182 - channel is closed for communication!
successfully re-inserted into tb_discovery & tb_result table!
------- successfully data re-inserted into tb_discovery & tb_result table! --------
------- successfully data re-inserted into tb_discovery & tb_result table! --------
checking connection with 172.16.8.182 and port 22
172.16.8.182 - connection established!
connected to 172.16.8.182
172.16.8.182 - executing command uname -a
172.16.8.182 - checking channel connection...
172.16.8.182 - channel is currently connected...
172.16.8.182 - command output -> 
Linux ubuntu 4.4.0-131-generic #157-Ubuntu SMP Thu Jul 12 15:51:36 UTC 2018 x86_64 x86_64 x86_64 GNU/Linux


172.16.8.182 - channel is closed for communication!
172.16.8.182 - executing command free
172.16.8.182 - checking channel connection...
172.16.8.182 - channel is currently connected...
172.16.8.182 - command output -> 
              total        used        free      shared  buff/cache   available
Mem:        8174812     5963508      131732       36148     2079572     1804944
Swap:       7999484      232476     7767008


172.16.8.182 - channel is closed for communication!
172.16.8.182 - executing command df -h
172.16.8.182 - checking channel connection...
172.16.8.182 - channel is currently connected...
172.16.8.182 - command output -> 
Filesystem                Size  Used Avail Use% Mounted on
udev                      3.9G     0  3.9G   0% /dev
tmpfs                     799M   82M  717M  11% /run
/dev/mapper/vg0-root       14G  4.7G  8.6G  36% /
tmpfs                     3.9G     0  3.9G   0% /dev/shm
tmpfs                     5.0M     0  5.0M   0% /run/lock
tmpfs                     3.9G     0  3.9G   0% /sys/fs/cgroup
/dev/sda1                 361M   59M  280M  18% /boot
/dev/mapper/vg0-motadata   39G   13G   25G  34% /motadata
tmpfs                     799M     0  799M   0% /run/user/0


172.16.8.182 - channel is closed for communication!
172.16.8.182 - executing command iostat
172.16.8.182 - checking channel connection...
172.16.8.182 - channel is currently connected...
172.16.8.182 - command output -> 
Linux 4.4.0-131-generic (ubuntu) 	01/31/2022 	_x86_64_	(4 CPU)

avg-cpu:  %user   %nice %system %iowait  %steal   %idle
           1.67    0.00    1.83    1.01    0.00   95.48

Device:            tps    kB_read/s    kB_wrtn/s    kB_read    kB_wrtn
loop0             0.00         0.00         0.00          8          0
sda               4.34         5.32       419.97    8185922  646773661
dm-0              2.17         4.00        13.85    6164381   21325896
dm-1              0.33         0.12         1.22     187532    1874484
dm-2              5.35         1.19       404.91    1825004  623574252



172.16.8.182 - channel is closed for communication!
successfully re-inserted into tb_discovery & tb_result table!
------- successfully data re-inserted into tb_discovery & tb_result table! --------
------- successfully data re-inserted into tb_discovery & tb_result table! --------
checking connection with 172.16.8.182 and port 22
172.16.8.182 - connection established!
connected to 172.16.8.182
172.16.8.182 - executing command uname -a
172.16.8.182 - checking channel connection...
172.16.8.182 - channel is currently connected...
172.16.8.182 - command output -> 
Linux ubuntu 4.4.0-131-generic #157-Ubuntu SMP Thu Jul 12 15:51:36 UTC 2018 x86_64 x86_64 x86_64 GNU/Linux


172.16.8.182 - channel is closed for communication!
172.16.8.182 - executing command free
172.16.8.182 - checking channel connection...
172.16.8.182 - channel is currently connected...
172.16.8.182 - command output -> 
              total        used        free      shared  buff/cache   available
Mem:        8174812     5961328      132368       36148     2081116     1807348
Swap:       7999484      232476     7767008


172.16.8.182 - channel is closed for communication!
172.16.8.182 - executing command df -h
172.16.8.182 - checking channel connection...
172.16.8.182 - channel is currently connected...
172.16.8.182 - command output -> 
Filesystem                Size  Used Avail Use% Mounted on
udev                      3.9G     0  3.9G   0% /dev
tmpfs                     799M   82M  717M  11% /run
/dev/mapper/vg0-root       14G  4.7G  8.6G  36% /
tmpfs                     3.9G     0  3.9G   0% /dev/shm
tmpfs                     5.0M     0  5.0M   0% /run/lock
tmpfs                     3.9G     0  3.9G   0% /sys/fs/cgroup
/dev/sda1                 361M   59M  280M  18% /boot
/dev/mapper/vg0-motadata   39G   13G   25G  34% /motadata
tmpfs                     799M     0  799M   0% /run/user/0


172.16.8.182 - channel is closed for communication!
172.16.8.182 - executing command iostat
172.16.8.182 - checking channel connection...
172.16.8.182 - channel is currently connected...
172.16.8.182 - command output -> 
Linux 4.4.0-131-generic (ubuntu) 	01/31/2022 	_x86_64_	(4 CPU)

avg-cpu:  %user   %nice %system %iowait  %steal   %idle
           1.67    0.00    1.83    1.01    0.00   95.48

Device:            tps    kB_read/s    kB_wrtn/s    kB_read    kB_wrtn
loop0             0.00         0.00         0.00          8          0
sda               4.34         5.32       419.99    8185922  646804329
dm-0              2.17         4.00        13.85    6164381   21326632
dm-1              0.33         0.12         1.22     187532    1874484
dm-2              5.35         1.19       404.92    1825004  623603160



172.16.8.182 - channel is closed for communication!
successfully re-inserted into tb_discovery & tb_result table!
------- successfully data re-inserted into tb_discovery & tb_result table! --------
------- successfully data re-inserted into tb_discovery & tb_result table! --------
checking connection with 172.16.8.182 and port 22
172.16.8.182 - connection established!
connected to 172.16.8.182
172.16.8.182 - executing command uname -a
172.16.8.182 - checking channel connection...
172.16.8.182 - channel is currently connected...
172.16.8.182 - command output -> 
Linux ubuntu 4.4.0-131-generic #157-Ubuntu SMP Thu Jul 12 15:51:36 UTC 2018 x86_64 x86_64 x86_64 GNU/Linux


172.16.8.182 - channel is closed for communication!
172.16.8.182 - executing command free
172.16.8.182 - checking channel connection...
172.16.8.182 - channel is currently connected...
172.16.8.182 - command output -> 
              total        used        free      shared  buff/cache   available
Mem:        8174812     5961800      130176       36176     2082836     1806624
Swap:       7999484      232476     7767008


172.16.8.182 - channel is closed for communication!
172.16.8.182 - executing command df -h
172.16.8.182 - checking channel connection...
172.16.8.182 - channel is currently connected...
172.16.8.182 - command output -> 
Filesystem                Size  Used Avail Use% Mounted on
udev                      3.9G     0  3.9G   0% /dev
tmpfs                     799M   82M  717M  11% /run
/dev/mapper/vg0-root       14G  4.7G  8.6G  36% /
tmpfs                     3.9G     0  3.9G   0% /dev/shm
tmpfs                     5.0M     0  5.0M   0% /run/lock
tmpfs                     3.9G     0  3.9G   0% /sys/fs/cgroup
/dev/sda1                 361M   59M  280M  18% /boot
/dev/mapper/vg0-motadata   39G   13G   25G  34% /motadata
tmpfs                     799M     0  799M   0% /run/user/0


172.16.8.182 - channel is closed for communication!
172.16.8.182 - executing command iostat
172.16.8.182 - checking channel connection...
172.16.8.182 - channel is currently connected...
172.16.8.182 - command output -> 
Linux 4.4.0-131-generic (ubuntu) 	01/31/2022 	_x86_64_	(4 CPU)

avg-cpu:  %user   %nice %system %iowait  %steal   %idle
           1.67    0.00    1.83    1.01    0.00   95.48

Device:            tps    kB_read/s    kB_wrtn/s    kB_read    kB_wrtn
loop0             0.00         0.00         0.00          8          0
sda               4.34         5.32       420.00    8185922  646830377
dm-0              2.17         4.00        13.85    6164381   21326688
dm-1              0.33         0.12         1.22     187532    1874484
dm-2              5.35         1.19       404.93    1825004  623629152



172.16.8.182 - channel is closed for communication!
successfully re-inserted into tb_discovery & tb_result table!
------- successfully data re-inserted into tb_discovery & tb_result table! --------
------- successfully data re-inserted into tb_discovery & tb_result table! --------
checking connection with 172.16.8.182 and port 22
172.16.8.182 - connection established!
connected to 172.16.8.182
172.16.8.182 - executing command uname -a
172.16.8.182 - checking channel connection...
172.16.8.182 - channel is currently connected...
172.16.8.182 - command output -> 
Linux ubuntu 4.4.0-131-generic #157-Ubuntu SMP Thu Jul 12 15:51:36 UTC 2018 x86_64 x86_64 x86_64 GNU/Linux


172.16.8.182 - channel is closed for communication!
172.16.8.182 - executing command free
172.16.8.182 - checking channel connection...
172.16.8.182 - channel is currently connected...
172.16.8.182 - command output -> 
              total        used        free      shared  buff/cache   available
Mem:        8174812     5959440      160712       35056     2054660     1810300
Swap:       7999484      234576     7764908


172.16.8.182 - channel is closed for communication!
172.16.8.182 - executing command df -h
172.16.8.182 - checking channel connection...
172.16.8.182 - channel is currently connected...
172.16.8.182 - command output -> 
Filesystem                Size  Used Avail Use% Mounted on
udev                      3.9G     0  3.9G   0% /dev
tmpfs                     799M   82M  717M  11% /run
/dev/mapper/vg0-root       14G  4.7G  8.6G  36% /
tmpfs                     3.9G     0  3.9G   0% /dev/shm
tmpfs                     5.0M     0  5.0M   0% /run/lock
tmpfs                     3.9G     0  3.9G   0% /sys/fs/cgroup
/dev/sda1                 361M   59M  280M  18% /boot
/dev/mapper/vg0-motadata   39G   13G   25G  34% /motadata
tmpfs                     799M     0  799M   0% /run/user/0


172.16.8.182 - channel is closed for communication!
172.16.8.182 - executing command iostat
172.16.8.182 - checking channel connection...
172.16.8.182 - channel is currently connected...
172.16.8.182 - command output -> 
Linux 4.4.0-131-generic (ubuntu) 	01/31/2022 	_x86_64_	(4 CPU)

avg-cpu:  %user   %nice %system %iowait  %steal   %idle
           1.67    0.00    1.83    1.01    0.00   95.48

Device:            tps    kB_read/s    kB_wrtn/s    kB_read    kB_wrtn
loop0             0.00         0.00         0.00          8          0
sda               4.34         5.32       420.00    8185982  646859937
dm-0              2.17         4.00        13.85    6164389   21327636
dm-1              0.33         0.12         1.22     187584    1876616
dm-2              5.35         1.18       404.93    1825004  623655632



172.16.8.182 - channel is closed for communication!
successfully re-inserted into tb_discovery & tb_result table!
------- successfully data re-inserted into tb_discovery & tb_result table! --------
------- successfully data re-inserted into tb_discovery & tb_result table! --------
checking connection with 172.16.8.182 and port 22
172.16.8.182 - connection established!
connected to 172.16.8.182
172.16.8.182 - executing command uname -a
172.16.8.182 - checking channel connection...
172.16.8.182 - channel is currently connected...
172.16.8.182 - command output -> 
Linux ubuntu 4.4.0-131-generic #157-Ubuntu SMP Thu Jul 12 15:51:36 UTC 2018 x86_64 x86_64 x86_64 GNU/Linux


172.16.8.182 - channel is closed for communication!
172.16.8.182 - executing command free
172.16.8.182 - checking channel connection...
172.16.8.182 - channel is currently connected...
172.16.8.182 - command output -> 
              total        used        free      shared  buff/cache   available
Mem:        8174812     5958864      159396       35084     2056552     1810880
Swap:       7999484      234576     7764908


172.16.8.182 - channel is closed for communication!
172.16.8.182 - executing command df -h
172.16.8.182 - checking channel connection...
172.16.8.182 - channel is currently connected...
172.16.8.182 - command output -> 
Filesystem                Size  Used Avail Use% Mounted on
udev                      3.9G     0  3.9G   0% /dev
tmpfs                     799M   83M  717M  11% /run
/dev/mapper/vg0-root       14G  4.7G  8.6G  36% /
tmpfs                     3.9G     0  3.9G   0% /dev/shm
tmpfs                     5.0M     0  5.0M   0% /run/lock
tmpfs                     3.9G     0  3.9G   0% /sys/fs/cgroup
/dev/sda1                 361M   59M  280M  18% /boot
/dev/mapper/vg0-motadata   39G   13G   25G  34% /motadata
tmpfs                     799M     0  799M   0% /run/user/0


172.16.8.182 - channel is closed for communication!
172.16.8.182 - executing command iostat
172.16.8.182 - checking channel connection...
172.16.8.182 - channel is currently connected...
172.16.8.182 - command output -> 
Linux 4.4.0-131-generic (ubuntu) 	01/31/2022 	_x86_64_	(4 CPU)

avg-cpu:  %user   %nice %system %iowait  %steal   %idle
           1.67    0.00    1.83    1.01    0.00   95.48

Device:            tps    kB_read/s    kB_wrtn/s    kB_read    kB_wrtn
loop0             0.00         0.00         0.00          8          0
sda               4.34         5.31       419.99    8186006  646874501
dm-0              2.17         4.00        13.85    6164389   21328384
dm-1              0.33         0.12         1.22     187608    1876616
dm-2              5.35         1.18       404.92    1825004  623669448



172.16.8.182 - channel is closed for communication!
successfully re-inserted into tb_discovery & tb_result table!
------- successfully data re-inserted into tb_discovery & tb_result table! --------
------- successfully data re-inserted into tb_discovery & tb_result table! --------
checking connection with 172.16.8.182 and port 22
172.16.8.182 - connection established!
connected to 172.16.8.182
172.16.8.182 - executing command uname -a
172.16.8.182 - checking channel connection...
172.16.8.182 - channel is currently connected...
172.16.8.182 - command output -> 
Linux ubuntu 4.4.0-131-generic #157-Ubuntu SMP Thu Jul 12 15:51:36 UTC 2018 x86_64 x86_64 x86_64 GNU/Linux


172.16.8.182 - channel is closed for communication!
172.16.8.182 - executing command free
172.16.8.182 - checking channel connection...
172.16.8.182 - channel is currently connected...
172.16.8.182 - command output -> 
              total        used        free      shared  buff/cache   available
Mem:        8174812     5959952      156800       35140     2058060     1809508
Swap:       7999484      234576     7764908


172.16.8.182 - channel is closed for communication!
172.16.8.182 - executing command df -h
172.16.8.182 - checking channel connection...
172.16.8.182 - channel is currently connected...
172.16.8.182 - command output -> 
Filesystem                Size  Used Avail Use% Mounted on
udev                      3.9G     0  3.9G   0% /dev
tmpfs                     799M   83M  717M  11% /run
/dev/mapper/vg0-root       14G  4.7G  8.6G  36% /
tmpfs                     3.9G     0  3.9G   0% /dev/shm
tmpfs                     5.0M     0  5.0M   0% /run/lock
tmpfs                     3.9G     0  3.9G   0% /sys/fs/cgroup
/dev/sda1                 361M   59M  280M  18% /boot
/dev/mapper/vg0-motadata   39G   13G   25G  34% /motadata
tmpfs                     799M     0  799M   0% /run/user/0


172.16.8.182 - channel is closed for communication!
172.16.8.182 - executing command iostat
172.16.8.182 - checking channel connection...
172.16.8.182 - channel is currently connected...
172.16.8.182 - command output -> 
Linux 4.4.0-131-generic (ubuntu) 	01/31/2022 	_x86_64_	(4 CPU)

avg-cpu:  %user   %nice %system %iowait  %steal   %idle
           1.67    0.00    1.83    1.01    0.00   95.48

Device:            tps    kB_read/s    kB_wrtn/s    kB_read    kB_wrtn
loop0             0.00         0.00         0.00          8          0
sda               4.34         5.31       419.99    8186034  646879789
dm-0              2.17         4.00        13.85    6164389   21328496
dm-1              0.33         0.12         1.22     187636    1876616
dm-2              5.35         1.18       404.92    1825004  623674624



172.16.8.182 - channel is closed for communication!
successfully re-inserted into tb_discovery & tb_result table!
------- successfully data re-inserted into tb_discovery & tb_result table! --------
------- successfully data re-inserted into tb_discovery & tb_result table! --------
checking connection with 172.16.8.182 and port 22
172.16.8.182 - connection established!
connected to 172.16.8.182
172.16.8.182 - executing command uname -a
172.16.8.182 - checking channel connection...
172.16.8.182 - channel is currently connected...
172.16.8.182 - command output -> 
Linux ubuntu 4.4.0-131-generic #157-Ubuntu SMP Thu Jul 12 15:51:36 UTC 2018 x86_64 x86_64 x86_64 GNU/Linux


172.16.8.182 - channel is closed for communication!
172.16.8.182 - executing command free
172.16.8.182 - checking channel connection...
172.16.8.182 - channel is currently connected...
172.16.8.182 - command output -> 
              total        used        free      shared  buff/cache   available
Mem:        8174812     5960408      156344       35140     2058060     1809140
Swap:       7999484      234548     7764936


172.16.8.182 - channel is closed for communication!
172.16.8.182 - executing command df -h
172.16.8.182 - checking channel connection...
172.16.8.182 - channel is currently connected...
172.16.8.182 - command output -> 
Filesystem                Size  Used Avail Use% Mounted on
udev                      3.9G     0  3.9G   0% /dev
tmpfs                     799M   83M  717M  11% /run
/dev/mapper/vg0-root       14G  4.7G  8.6G  36% /
tmpfs                     3.9G     0  3.9G   0% /dev/shm
tmpfs                     5.0M     0  5.0M   0% /run/lock
tmpfs                     3.9G     0  3.9G   0% /sys/fs/cgroup
/dev/sda1                 361M   59M  280M  18% /boot
/dev/mapper/vg0-motadata   39G   13G   25G  34% /motadata
tmpfs                     799M     0  799M   0% /run/user/0


172.16.8.182 - channel is closed for communication!
172.16.8.182 - executing command iostat
172.16.8.182 - checking channel connection...
172.16.8.182 - channel is currently connected...
172.16.8.182 - command output -> 
Linux 4.4.0-131-generic (ubuntu) 	01/31/2022 	_x86_64_	(4 CPU)

avg-cpu:  %user   %nice %system %iowait  %steal   %idle
           1.67    0.00    1.83    1.01    0.00   95.48

Device:            tps    kB_read/s    kB_wrtn/s    kB_read    kB_wrtn
loop0             0.00         0.00         0.00          8          0
sda               4.34         5.31       419.98    8186034  646880377
dm-0              2.17         4.00        13.85    6164389   21328836
dm-1              0.33         0.12         1.22     187636    1876616
dm-2              5.35         1.18       404.92    1825004  623674872



172.16.8.182 - channel is closed for communication!
successfully re-inserted into tb_discovery & tb_result table!
------- successfully data re-inserted into tb_discovery & tb_result table! --------
------- successfully data re-inserted into tb_discovery & tb_result table! --------
checking connection with 172.16.8.182 and port 22
172.16.8.182 - connection established!
connected to 172.16.8.182
172.16.8.182 - executing command uname -a
172.16.8.182 - checking channel connection...
172.16.8.182 - channel is currently connected...
172.16.8.182 - command output -> 
Linux ubuntu 4.4.0-131-generic #157-Ubuntu SMP Thu Jul 12 15:51:36 UTC 2018 x86_64 x86_64 x86_64 GNU/Linux


172.16.8.182 - channel is closed for communication!
172.16.8.182 - executing command free
172.16.8.182 - checking channel connection...
172.16.8.182 - channel is currently connected...
172.16.8.182 - command output -> 
              total        used        free      shared  buff/cache   available
Mem:        8174812     5965040      151900       35196     2057872     1804236
Swap:       7999484      234548     7764936


172.16.8.182 - channel is closed for communication!
172.16.8.182 - executing command df -h
172.16.8.182 - checking channel connection...
172.16.8.182 - channel is currently connected...
172.16.8.182 - command output -> 
Filesystem                Size  Used Avail Use% Mounted on
udev                      3.9G     0  3.9G   0% /dev
tmpfs                     799M   83M  717M  11% /run
/dev/mapper/vg0-root       14G  4.7G  8.6G  36% /
tmpfs                     3.9G     0  3.9G   0% /dev/shm
tmpfs                     5.0M     0  5.0M   0% /run/lock
tmpfs                     3.9G     0  3.9G   0% /sys/fs/cgroup
/dev/sda1                 361M   59M  280M  18% /boot
/dev/mapper/vg0-motadata   39G   13G   25G  34% /motadata
tmpfs                     799M     0  799M   0% /run/user/0


172.16.8.182 - channel is closed for communication!
172.16.8.182 - executing command iostat
172.16.8.182 - checking channel connection...
172.16.8.182 - channel is currently connected...
172.16.8.182 - command output -> 
Linux 4.4.0-131-generic (ubuntu) 	01/31/2022 	_x86_64_	(4 CPU)

avg-cpu:  %user   %nice %system %iowait  %steal   %idle
           1.67    0.00    1.83    1.01    0.00   95.48

Device:            tps    kB_read/s    kB_wrtn/s    kB_read    kB_wrtn
loop0             0.00         0.00         0.00          8          0
sda               4.34         5.31       419.98    8186034  646886525
dm-0              2.17         4.00        13.85    6164389   21329164
dm-1              0.33         0.12         1.22     187636    1876616
dm-2              5.35         1.18       404.91    1825004  623680692



172.16.8.182 - channel is closed for communication!
successfully re-inserted into tb_discovery & tb_result table!
------- successfully data re-inserted into tb_discovery & tb_result table! --------
------- successfully data re-inserted into tb_discovery & tb_result table! --------
checking connection with 172.16.8.182 and port 22
172.16.8.182 - connection established!
connected to 172.16.8.182
172.16.8.182 - executing command uname -a
172.16.8.182 - checking channel connection...
172.16.8.182 - channel is currently connected...
172.16.8.182 - command output -> 
Linux ubuntu 4.4.0-131-generic #157-Ubuntu SMP Thu Jul 12 15:51:36 UTC 2018 x86_64 x86_64 x86_64 GNU/Linux


172.16.8.182 - channel is closed for communication!
172.16.8.182 - executing command free
172.16.8.182 - checking channel connection...
172.16.8.182 - channel is currently connected...
172.16.8.182 - command output -> 
              total        used        free      shared  buff/cache   available
Mem:        8174812     5955816      160732       35196     2058264     1813516
Swap:       7999484      234548     7764936


172.16.8.182 - channel is closed for communication!
172.16.8.182 - executing command df -h
172.16.8.182 - checking channel connection...
172.16.8.182 - channel is currently connected...
172.16.8.182 - command output -> 
Filesystem                Size  Used Avail Use% Mounted on
udev                      3.9G     0  3.9G   0% /dev
tmpfs                     799M   83M  717M  11% /run
/dev/mapper/vg0-root       14G  4.7G  8.6G  36% /
tmpfs                     3.9G     0  3.9G   0% /dev/shm
tmpfs                     5.0M     0  5.0M   0% /run/lock
tmpfs                     3.9G     0  3.9G   0% /sys/fs/cgroup
/dev/sda1                 361M   59M  280M  18% /boot
/dev/mapper/vg0-motadata   39G   13G   25G  34% /motadata
tmpfs                     799M     0  799M   0% /run/user/0


172.16.8.182 - channel is closed for communication!
172.16.8.182 - executing command iostat
172.16.8.182 - checking channel connection...
172.16.8.182 - channel is currently connected...
172.16.8.182 - command output -> 
Linux 4.4.0-131-generic (ubuntu) 	01/31/2022 	_x86_64_	(4 CPU)

avg-cpu:  %user   %nice %system %iowait  %steal   %idle
           1.67    0.00    1.83    1.01    0.00   95.48

Device:            tps    kB_read/s    kB_wrtn/s    kB_read    kB_wrtn
loop0             0.00         0.00         0.00          8          0
sda               4.34         5.31       419.97    8186034  646897573
dm-0              2.17         4.00        13.85    6164389   21329676
dm-1              0.33         0.12         1.22     187636    1876616
dm-2              5.35         1.18       404.91    1825004  623691228



172.16.8.182 - channel is closed for communication!
successfully re-inserted into tb_discovery & tb_result table!
------- successfully data re-inserted into tb_discovery & tb_result table! --------
------- successfully data re-inserted into tb_discovery & tb_result table! --------
checking connection with 172.16.8.182 and port 22
172.16.8.182 - connection established!
connected to 172.16.8.182
172.16.8.182 - executing command uname -a
172.16.8.182 - checking channel connection...
172.16.8.182 - channel is currently connected...
172.16.8.182 - command output -> 
Linux ubuntu 4.4.0-131-generic #157-Ubuntu SMP Thu Jul 12 15:51:36 UTC 2018 x86_64 x86_64 x86_64 GNU/Linux


172.16.8.182 - channel is closed for communication!
172.16.8.182 - executing command free
172.16.8.182 - checking channel connection...
172.16.8.182 - channel is currently connected...
172.16.8.182 - command output -> 
              total        used        free      shared  buff/cache   available
Mem:        8174812     5963224      153964       35252     2057624     1805916
Swap:       7999484      234548     7764936


172.16.8.182 - channel is closed for communication!
172.16.8.182 - executing command df -h
172.16.8.182 - checking channel connection...
172.16.8.182 - channel is currently connected...
172.16.8.182 - command output -> 
Filesystem                Size  Used Avail Use% Mounted on
udev                      3.9G     0  3.9G   0% /dev
tmpfs                     799M   83M  717M  11% /run
/dev/mapper/vg0-root       14G  4.7G  8.6G  36% /
tmpfs                     3.9G     0  3.9G   0% /dev/shm
tmpfs                     5.0M     0  5.0M   0% /run/lock
tmpfs                     3.9G     0  3.9G   0% /sys/fs/cgroup
/dev/sda1                 361M   59M  280M  18% /boot
/dev/mapper/vg0-motadata   39G   13G   25G  34% /motadata
tmpfs                     799M     0  799M   0% /run/user/0


172.16.8.182 - channel is closed for communication!
172.16.8.182 - channel is disconnected!
172.16.8.182 - executing command iostat
172.16.8.182 - checking channel connection...
172.16.8.182 - channel is currently connected...
172.16.8.182 - command output -> 
Linux 4.4.0-131-generic (ubuntu) 	01/31/2022 	_x86_64_	(4 CPU)

avg-cpu:  %user   %nice %system %iowait  %steal   %idle
           1.67    0.00    1.83    1.01    0.00   95.48

Device:            tps    kB_read/s    kB_wrtn/s    kB_read    kB_wrtn
loop0             0.00         0.00         0.00          8          0
sda               4.34         5.31       419.98    8186050  646931149
dm-0              2.17         4.00        13.85    6164389   21330152
dm-1              0.33         0.12         1.22     187636    1876616
dm-2              5.35         1.18       404.92    1825020  623724328



172.16.8.182 - channel is closed for communication!
successfully re-inserted into tb_discovery & tb_result table!
------- successfully data re-inserted into tb_discovery & tb_result table! --------
------- successfully data re-inserted into tb_discovery & tb_result table! --------
checking connection with 172.16.8.182 and port 22
172.16.8.182 - connection established!
connected to 172.16.8.182
172.16.8.182 - executing command uname -a
172.16.8.182 - checking channel connection...
172.16.8.182 - channel is currently connected...
172.16.8.182 - command output -> 
Linux ubuntu 4.4.0-131-generic #157-Ubuntu SMP Thu Jul 12 15:51:36 UTC 2018 x86_64 x86_64 x86_64 GNU/Linux


172.16.8.182 - channel is closed for communication!
172.16.8.182 - executing command free
172.16.8.182 - checking channel connection...
172.16.8.182 - channel is currently connected...
172.16.8.182 - command output -> 
              total        used        free      shared  buff/cache   available
Mem:        8174812     5963608      151988       35252     2059216     1805756
Swap:       7999484      234548     7764936


172.16.8.182 - channel is closed for communication!
172.16.8.182 - executing command df -h
172.16.8.182 - checking channel connection...
172.16.8.182 - channel is currently connected...
172.16.8.182 - command output -> 
Filesystem                Size  Used Avail Use% Mounted on
udev                      3.9G     0  3.9G   0% /dev
tmpfs                     799M   83M  717M  11% /run
/dev/mapper/vg0-root       14G  4.7G  8.6G  36% /
tmpfs                     3.9G     0  3.9G   0% /dev/shm
tmpfs                     5.0M     0  5.0M   0% /run/lock
tmpfs                     3.9G     0  3.9G   0% /sys/fs/cgroup
/dev/sda1                 361M   59M  280M  18% /boot
/dev/mapper/vg0-motadata   39G   13G   25G  34% /motadata
tmpfs                     799M     0  799M   0% /run/user/0


172.16.8.182 - channel is closed for communication!
172.16.8.182 - executing command iostat
172.16.8.182 - checking channel connection...
172.16.8.182 - channel is currently connected...
172.16.8.182 - command output -> 
Linux 4.4.0-131-generic (ubuntu) 	01/31/2022 	_x86_64_	(4 CPU)

avg-cpu:  %user   %nice %system %iowait  %steal   %idle
           1.67    0.00    1.83    1.01    0.00   95.48

Device:            tps    kB_read/s    kB_wrtn/s    kB_read    kB_wrtn
loop0             0.00         0.00         0.00          8          0
sda               4.34         5.31       420.00    8186050  646959701
dm-0              2.17         4.00        13.85    6164389   21330328
dm-1              0.33         0.12         1.22     187636    1876616
dm-2              5.35         1.18       404.93    1825020  623752704



172.16.8.182 - channel is closed for communication!
successfully re-inserted into tb_discovery & tb_result table!
------- successfully data re-inserted into tb_discovery & tb_result table! --------
------- successfully data re-inserted into tb_discovery & tb_result table! --------
checking connection with 172.16.8.182 and port 22
172.16.8.182 - connection established!
connected to 172.16.8.182
172.16.8.182 - executing command uname -a
172.16.8.182 - checking channel connection...
172.16.8.182 - channel is currently connected...
172.16.8.182 - command output -> 
Linux ubuntu 4.4.0-131-generic #157-Ubuntu SMP Thu Jul 12 15:51:36 UTC 2018 x86_64 x86_64 x86_64 GNU/Linux


172.16.8.182 - channel is closed for communication!
172.16.8.182 - executing command free
172.16.8.182 - checking channel connection...
172.16.8.182 - channel is currently connected...
172.16.8.182 - command output -> 
              total        used        free      shared  buff/cache   available
Mem:        8174812     5966440      149260       35308     2059112     1802660
Swap:       7999484      234532     7764952


172.16.8.182 - channel is closed for communication!
172.16.8.182 - executing command df -h
172.16.8.182 - checking channel connection...
172.16.8.182 - channel is currently connected...
172.16.8.182 - command output -> 
Filesystem                Size  Used Avail Use% Mounted on
udev                      3.9G     0  3.9G   0% /dev
tmpfs                     799M   83M  717M  11% /run
/dev/mapper/vg0-root       14G  4.7G  8.6G  36% /
tmpfs                     3.9G     0  3.9G   0% /dev/shm
tmpfs                     5.0M     0  5.0M   0% /run/lock
tmpfs                     3.9G     0  3.9G   0% /sys/fs/cgroup
/dev/sda1                 361M   59M  280M  18% /boot
/dev/mapper/vg0-motadata   39G   13G   25G  34% /motadata
tmpfs                     799M     0  799M   0% /run/user/0


172.16.8.182 - channel is closed for communication!
172.16.8.182 - executing command iostat
172.16.8.182 - checking channel connection...
172.16.8.182 - channel is currently connected...
172.16.8.182 - command output -> 
Linux 4.4.0-131-generic (ubuntu) 	01/31/2022 	_x86_64_	(4 CPU)

avg-cpu:  %user   %nice %system %iowait  %steal   %idle
           1.67    0.00    1.83    1.01    0.00   95.48

Device:            tps    kB_read/s    kB_wrtn/s    kB_read    kB_wrtn
loop0             0.00         0.00         0.00          8          0
sda               4.34         5.31       420.01    8186082  646980965
dm-0              2.17         4.00        13.85    6164389   21330504
dm-1              0.33         0.12         1.22     187668    1876616
dm-2              5.35         1.18       404.94    1825020  623773792



172.16.8.182 - channel is closed for communication!
successfully re-inserted into tb_discovery & tb_result table!
------- successfully data re-inserted into tb_discovery & tb_result table! --------
------- successfully data re-inserted into tb_discovery & tb_result table! --------
checking connection with 172.16.8.182 and port 22
172.16.8.182 - connection established!
connected to 172.16.8.182
172.16.8.182 - executing command uname -a
172.16.8.182 - checking channel connection...
172.16.8.182 - channel is currently connected...
172.16.8.182 - command output -> 
Linux ubuntu 4.4.0-131-generic #157-Ubuntu SMP Thu Jul 12 15:51:36 UTC 2018 x86_64 x86_64 x86_64 GNU/Linux


172.16.8.182 - channel is closed for communication!
172.16.8.182 - executing command free
172.16.8.182 - checking channel connection...
172.16.8.182 - channel is currently connected...
172.16.8.182 - command output -> 
              total        used        free      shared  buff/cache   available
Mem:        8174812     5970284      142584       35336     2061944     1798536
Swap:       7999484      234524     7764960


172.16.8.182 - channel is closed for communication!
172.16.8.182 - executing command df -h
172.16.8.182 - checking channel connection...
172.16.8.182 - channel is currently connected...
172.16.8.182 - command output -> 
Filesystem                Size  Used Avail Use% Mounted on
udev                      3.9G     0  3.9G   0% /dev
tmpfs                     799M   83M  717M  11% /run
/dev/mapper/vg0-root       14G  4.7G  8.6G  36% /
tmpfs                     3.9G     0  3.9G   0% /dev/shm
tmpfs                     5.0M     0  5.0M   0% /run/lock
tmpfs                     3.9G     0  3.9G   0% /sys/fs/cgroup
/dev/sda1                 361M   59M  280M  18% /boot
/dev/mapper/vg0-motadata   39G   13G   25G  34% /motadata
tmpfs                     799M     0  799M   0% /run/user/0


172.16.8.182 - channel is closed for communication!
172.16.8.182 - executing command iostat
172.16.8.182 - checking channel connection...
172.16.8.182 - channel is currently connected...
172.16.8.182 - command output -> 
Linux 4.4.0-131-generic (ubuntu) 	01/31/2022 	_x86_64_	(4 CPU)

avg-cpu:  %user   %nice %system %iowait  %steal   %idle
           1.67    0.00    1.83    1.01    0.00   95.48

Device:            tps    kB_read/s    kB_wrtn/s    kB_read    kB_wrtn
loop0             0.00         0.00         0.00          8          0
sda               4.34         5.31       420.00    8186094  646997401
dm-0              2.17         4.00        13.85    6164389   21331476
dm-1              0.33         0.12         1.22     187680    1876616
dm-2              5.35         1.18       404.93    1825020  623789256



172.16.8.182 - channel is closed for communication!
successfully re-inserted into tb_discovery & tb_result table!
------- successfully data re-inserted into tb_discovery & tb_result table! --------
------- successfully data re-inserted into tb_discovery & tb_result table! --------
checking connection with 172.16.8.182 and port 22
172.16.8.182 - connection established!
connected to 172.16.8.182
172.16.8.182 - executing command uname -a
172.16.8.182 - checking channel connection...
172.16.8.182 - channel is currently connected...
172.16.8.182 - command output -> 
Linux ubuntu 4.4.0-131-generic #157-Ubuntu SMP Thu Jul 12 15:51:36 UTC 2018 x86_64 x86_64 x86_64 GNU/Linux


172.16.8.182 - channel is closed for communication!
172.16.8.182 - channel is disconnected!
172.16.8.182 - executing command free
172.16.8.182 - checking channel connection...
172.16.8.182 - channel is currently connected...
172.16.8.182 - command output -> 
              total        used        free      shared  buff/cache   available
Mem:        8174812     5970788      137124       35336     2066900     1797840
Swap:       7999484      234500     7764984


172.16.8.182 - channel is closed for communication!
172.16.8.182 - executing command df -h
172.16.8.182 - checking channel connection...
172.16.8.182 - channel is currently connected...
172.16.8.182 - command output -> 
Filesystem                Size  Used Avail Use% Mounted on
udev                      3.9G     0  3.9G   0% /dev
tmpfs                     799M   83M  717M  11% /run
/dev/mapper/vg0-root       14G  4.7G  8.6G  36% /
tmpfs                     3.9G     0  3.9G   0% /dev/shm
tmpfs                     5.0M     0  5.0M   0% /run/lock
tmpfs                     3.9G     0  3.9G   0% /sys/fs/cgroup
/dev/sda1                 361M   59M  280M  18% /boot
/dev/mapper/vg0-motadata   39G   13G   25G  34% /motadata
tmpfs                     799M     0  799M   0% /run/user/0


172.16.8.182 - channel is closed for communication!
172.16.8.182 - executing command iostat
