successfully data re-inserted into tb_monitor, tb_discovery, tb_result & tb_dataDump table!
successfully data re-inserted into tb_monitor, tb_discovery, tb_result & tb_dataDump table!
172.16.8.182 - connection established!
connected to 172.16.8.182
172.16.8.182 - checking channel connection...
172.16.8.182 - channel is currently connected...
172.16.8.182 - command output -> 
Linux ubuntu 4.4.0-131-generic #157-Ubuntu SMP Thu Jul 12 15:51:36 UTC 2018 x86_64 x86_64 x86_64 GNU/Linux


172.16.8.182 - channel is closed for communication!
172.16.8.182 - checking channel connection...
172.16.8.182 - channel is currently connected...
172.16.8.182 - command output -> 
              total        used        free      shared  buff/cache   available
Mem:        8174812     5860656      265552       49360     2048604     1896032
Swap:       7999484      284560     7714924


172.16.8.182 - channel is closed for communication!
172.16.8.182 - checking channel connection...
172.16.8.182 - channel is currently connected...
172.16.8.182 - command output -> 
Filesystem                Size  Used Avail Use% Mounted on
udev                      3.9G     0  3.9G   0% /dev
tmpfs                     799M   82M  717M  11% /run
/dev/mapper/vg0-root       14G  4.3G  9.0G  33% /
tmpfs                     3.9G     0  3.9G   0% /dev/shm
tmpfs                     5.0M     0  5.0M   0% /run/lock
tmpfs                     3.9G     0  3.9G   0% /sys/fs/cgroup
/dev/sda1                 361M   59M  280M  18% /boot
/dev/mapper/vg0-motadata   39G   13G   25G  34% /motadata
tmpfs                     799M     0  799M   0% /run/user/0


172.16.8.182 - channel is closed for communication!
172.16.8.182 - checking channel connection...
172.16.8.182 - channel is currently connected...
172.16.8.182 - command output -> 
Linux 4.4.0-131-generic (ubuntu) 	02/07/2022 	_x86_64_	(4 CPU)

avg-cpu:  %user   %nice %system %iowait  %steal   %idle
           1.71    0.00    1.89    0.92    0.00   95.48

Device:            tps    kB_read/s    kB_wrtn/s    kB_read    kB_wrtn
loop0             0.00         0.00         0.00          8          0
sda               4.21         6.00       391.41   12868078  839983857
dm-0              2.26         4.22        14.23    9052253   30546972
dm-1              0.33         0.11         1.23     232400    2645628
dm-2              5.03         1.67       375.94    3574420  806791204



172.16.8.182 - channel is closed for communication!
successfully data re-inserted into tb_monitor, tb_discovery, tb_result & tb_dataDump table!
successfully data inserted into tb_discovery & tb_result table!
successfully data inserted into tb_discovery table!
successfully data inserted into tb_discovery table!
successfully data inserted into tb_discovery & tb_result table!
successfully data inserted into tb_discovery & tb_result table!
successfully data inserted into tb_discovery & tb_result table!
successfully data inserted into tb_discovery & tb_result table!
successfully data re-inserted into tb_monitor, tb_discovery, tb_result & tb_dataDump table!
