successfully data inserted into tb_discovery & tb_result table!
successfully data inserted into tb_discovery & tb_result table!
successfully data inserted into tb_discovery & tb_result table!
successfully data inserted into tb_discovery & tb_result table!
successfully data inserted into tb_discovery & tb_result table!
successfully data inserted into tb_discovery & tb_result table!
successfully data inserted into tb_discovery & tb_result table!
successfully data inserted into tb_discovery & tb_result table!
successfully data inserted into tb_discovery & tb_result table!
successfully data inserted into tb_discovery & tb_result table!
successfully data inserted into tb_discovery & tb_result table!
successfully data inserted into tb_discovery & tb_result table!
successfully data inserted into tb_discovery & tb_result table!
successfully data inserted into tb_discovery & tb_result table!
successfully data inserted into tb_discovery & tb_result table!
successfully data inserted into tb_discovery & tb_result table!
successfully data inserted into tb_discovery & tb_result table!
successfully data inserted into tb_discovery & tb_result table!
successfully data inserted into tb_discovery & tb_result table!
successfully data inserted into tb_discovery & tb_result table!
successfully data inserted into tb_discovery & tb_result table!
successfully data inserted into tb_discovery & tb_result table!
successfully data inserted into tb_discovery & tb_result table!
successfully data re-inserted into tb_discovery & tb_result table!
172.16.8.182 - connection established!
connected to 172.16.8.182
172.16.8.182 - command output -> 
Linux ubuntu 4.4.0-131-generic #157-Ubuntu SMP Thu Jul 12 15:51:36 UTC 2018 x86_64 x86_64 x86_64 GNU/Linux


172.16.8.182 - command output -> 
              total        used        free      shared  buff/cache   available
Mem:        8174812     5896824      179948       50160     2098040     1872380
Swap:       7999484      237564     7761920


172.16.8.182 - command output -> 
Filesystem                Size  Used Avail Use% Mounted on
udev                      3.9G     0  3.9G   0% /dev
tmpfs                     799M   82M  718M  11% /run
/dev/mapper/vg0-root       14G  5.0G  8.3G  38% /
tmpfs                     3.9G     0  3.9G   0% /dev/shm
tmpfs                     5.0M     0  5.0M   0% /run/lock
tmpfs                     3.9G     0  3.9G   0% /sys/fs/cgroup
/dev/sda1                 361M   59M  280M  18% /boot
/dev/mapper/vg0-motadata   39G   17G   21G  45% /motadata
tmpfs                     799M     0  799M   0% /run/user/0


172.16.8.182 - command output -> 
Linux 4.4.0-131-generic (ubuntu) 	02/21/2022 	_x86_64_	(4 CPU)

avg-cpu:  %user   %nice %system %iowait  %steal   %idle
          25.86    0.00    1.43    1.25    0.00   71.47

Device:            tps    kB_read/s    kB_wrtn/s    kB_read    kB_wrtn
loop0             0.00         0.00         0.00          5          0
sda               6.41         8.11       704.69    2137959  185861361
dm-0              2.83         5.71        17.23    1506557    4543304
dm-1              0.39         0.09         1.47      23660     387464
dm-2              8.85         2.27       686.00     599760  180930540



successfully re-inserted into tb_discovery & tb_result table!
successfully data re-inserted into tb_monitor, tb_discovery, tb_result & tb_dataDump table!
successfully data inserted into tb_discovery table!
successfully data inserted into tb_discovery & tb_result table!
successfully data inserted into tb_discovery & tb_result table!
successfully data inserted into tb_discovery & tb_result table!
successfully data inserted into tb_discovery & tb_result table!
successfully data inserted into tb_discovery & tb_result table!
successfully data inserted into tb_discovery & tb_result table!
successfully data inserted into tb_discovery & tb_result table!
successfully data re-inserted into tb_discovery & tb_result table!
successfully data re-inserted into tb_discovery & tb_result table!
successfully data re-inserted into tb_discovery & tb_result table!
successfully data inserted into tb_discovery & tb_result table!
successfully data inserted into tb_discovery & tb_result table!
successfully data re-inserted into tb_discovery & tb_result table!
successfully data re-inserted into tb_monitor, tb_discovery, tb_result & tb_dataDump table!
successfully data re-inserted into tb_monitor, tb_discovery, tb_result & tb_dataDump table!
172.16.11.235 - connection established!
connected to 172.16.11.235
172.16.11.235 - command output -> 
Linux ubuntu 4.15.0-55-generic #60-Ubuntu SMP Tue Jul 2 18:22:20 UTC 2019 x86_64 x86_64 x86_64 GNU/Linux


172.16.11.235 - command output -> 
              total        used        free      shared  buff/cache   available
Mem:        7973804     4049036      510836       51620     3413932     3582016
Swap:        999420        9472      989948


172.16.11.235 - command output -> 
Filesystem                   Size  Used Avail Use% Mounted on
udev                         3.8G     0  3.8G   0% /dev
tmpfs                        779M  1.3M  778M   1% /run
/dev/mapper/ubuntu--vg-root   29G  7.3G   20G  27% /
tmpfs                        3.9G  8.0K  3.9G   1% /dev/shm
tmpfs                        5.0M     0  5.0M   0% /run/lock
tmpfs                        3.9G     0  3.9G   0% /sys/fs/cgroup
tmpfs                        779M     0  779M   0% /run/user/1000


172.16.11.235 - command output -> 
Linux 4.15.0-55-generic (ubuntu) 	Monday 21 February 2022 	_x86_64_	(4 CPU)

avg-cpu:  %user   %nice %system %iowait  %steal   %idle
           1.63    0.00    0.41   15.25    0.00   82.70

Device             tps    kB_read/s    kB_wrtn/s    kB_read    kB_wrtn
loop0             0.00         0.00         0.00          8          0
scd0              0.00         0.05         0.00       2056          0
sda              23.63        25.58       548.18    1117153   23940004
dm-0             38.76        25.32       547.30    1105693   23901616
dm-1              0.25         0.21         0.88       9096      38544



successfully data inserted into tb_discovery & tb_result table!
172.16.11.235 - connection established!
connected to 172.16.11.235
172.16.11.235 - command output -> 
Linux ubuntu 4.15.0-55-generic #60-Ubuntu SMP Tue Jul 2 18:22:20 UTC 2019 x86_64 x86_64 x86_64 GNU/Linux


172.16.11.235 - command output -> 
              total        used        free      shared  buff/cache   available
Mem:        7973804     4057444      501588       51620     3414772     3573584
Swap:        999420        9472      989948


172.16.11.235 - command output -> 
Filesystem                   Size  Used Avail Use% Mounted on
udev                         3.8G     0  3.8G   0% /dev
tmpfs                        779M  1.3M  778M   1% /run
/dev/mapper/ubuntu--vg-root   29G  7.3G   20G  27% /
tmpfs                        3.9G  8.0K  3.9G   1% /dev/shm
tmpfs                        5.0M     0  5.0M   0% /run/lock
tmpfs                        3.9G     0  3.9G   0% /sys/fs/cgroup
tmpfs                        779M     0  779M   0% /run/user/1000


172.16.11.235 - command output -> 
Linux 4.15.0-55-generic (ubuntu) 	Monday 21 February 2022 	_x86_64_	(4 CPU)

avg-cpu:  %user   %nice %system %iowait  %steal   %idle
           1.63    0.00    0.41   15.25    0.00   82.70

Device             tps    kB_read/s    kB_wrtn/s    kB_read    kB_wrtn
loop0             0.00         0.00         0.00          8          0
scd0              0.00         0.05         0.00       2056          0
sda              23.65        25.47       546.80    1117161   23984320
dm-0             38.78        25.21       545.92    1105701   23945776
dm-1              0.25         0.21         0.88       9096      38544



