172.16.8.68 - connection established!
connected to 172.16.8.68
172.16.8.68 - command output -> 
Linux ubuntu 5.4.0-42-generic #46-Ubuntu SMP Fri Jul 10 00:24:02 UTC 2020 x86_64 x86_64 x86_64 GNU/Linux


172.16.8.68 - command output -> 
              total        used        free      shared  buff/cache   available
Mem:        8151920     4915340      213644         764     3022936     2921864
Swap:       7999484       16840     7982644


172.16.8.68 - command output -> 
Filesystem                Size  Used Avail Use% Mounted on
udev                      3.9G     0  3.9G   0% /dev
tmpfs                     797M  856K  796M   1% /run
/dev/mapper/vg0-root       15G  4.9G  8.5G  37% /
tmpfs                     3.9G     0  3.9G   0% /dev/shm
tmpfs                     5.0M     0  5.0M   0% /run/lock
tmpfs                     3.9G     0  3.9G   0% /sys/fs/cgroup
/dev/sda1                 945M  104M  777M  12% /boot
/dev/mapper/vg0-motadata   58G  2.3G   53G   5% /motadata
tmpfs                     797M     0  797M   0% /run/user/0


172.16.8.68 - command output -> 
Linux 5.4.0-42-generic (ubuntu) 	02/22/2022 	_x86_64_	(8 CPU)

avg-cpu:  %user   %nice %system %iowait  %steal   %idle
           0.57    0.00    0.53    0.11    0.00   98.80

Device             tps    kB_read/s    kB_wrtn/s    kB_dscd/s    kB_read    kB_wrtn    kB_dscd
dm-0              7.70         2.47        40.01         0.00    1521977   24679784          0
dm-1              0.02         0.03         0.08         0.00      16784      47408          0
dm-2              1.54         1.66        92.12         0.00    1024176   56827872          0
loop0             0.00         0.00         0.00         0.00          4          0          0
sda               7.31         4.17       132.21         0.00    2572830   81555180          0




successfully data inserted into tb_discovery & tb_result table!
successfully data inserted into tb_discovery & tb_result table!
successfully data inserted into tb_discovery & tb_result table!
successfully data inserted into tb_discovery & tb_result table!
successfully data re-inserted into tb_discovery & tb_result table!
successfully data inserted into tb_discovery & tb_result table!
172.16.8.68 - connection established!
connected to 172.16.8.68
172.16.8.68 - command output -> 
Linux


172.16.8.68 - connection established!
connected to 172.16.8.68
172.16.8.68 - command output -> 
Linux


172.16.8.68 - connection established!
connected to 172.16.8.68
172.16.8.68 - command output -> 
Linux


172.16.8.68 - connection established!
connected to 172.16.8.68
172.16.8.68 - command output -> 
Linux


172.16.8.68 - connection established!
connected to 172.16.8.68
172.16.8.68 - command output -> 
Linux


172.16.8.68 - command output -> 
x86_64


172.16.8.68 - command output -> 
5.4.0-42-generic


172.16.8.68 - command output -> 
ubuntu


172.16.8.68 - command output -> 
Linux ubuntu 5.4.0-42-generic #46-Ubuntu SMP Fri Jul 10 00:24:02 UTC 2020 x86_64 x86_64 x86_64 GNU/Linux


172.16.8.68 - command output -> 
              total        used        free      shared  buff/cache   available
Mem:        8151920     4959384      228948         764     2963588     2879056
Swap:       7999484       18384     7981100


172.16.8.68 - command output -> 
Filesystem                Size  Used Avail Use% Mounted on
udev                      3.9G     0  3.9G   0% /dev
tmpfs                     797M  856K  796M   1% /run
/dev/mapper/vg0-root       15G  4.9G  8.5G  37% /
tmpfs                     3.9G     0  3.9G   0% /dev/shm
tmpfs                     5.0M     0  5.0M   0% /run/lock
tmpfs                     3.9G     0  3.9G   0% /sys/fs/cgroup
/dev/sda1                 945M  104M  777M  12% /boot
/dev/mapper/vg0-motadata   58G  2.3G   53G   5% /motadata
tmpfs                     797M     0  797M   0% /run/user/0


172.16.8.68 - command output -> 
Linux 5.4.0-42-generic (ubuntu) 	02/22/2022 	_x86_64_	(8 CPU)

avg-cpu:  %user   %nice %system %iowait  %steal   %idle
           0.57    0.00    0.53    0.11    0.00   98.79

Device             tps    kB_read/s    kB_wrtn/s    kB_dscd/s    kB_read    kB_wrtn    kB_dscd
dm-0              7.72         2.63        40.45         0.00    1640041   25179728          0
dm-1              0.03         0.03         0.08         0.00      16784      48916          0
dm-2              1.55         1.65        92.48         0.00    1029284   57563636          0
loop0             0.00         0.00         0.00         0.00          4          0          0
sda               7.33         4.33       133.01         0.00    2696002   82792396          0




successfully data inserted into tb_discovery & tb_result table!
172.16.8.68 - connection established!
connected to 172.16.8.68
172.16.8.68 - command output -> 
Linux


172.16.8.68 - connection established!
connected to 172.16.8.68
172.16.8.68 - command output -> 
Linux


172.16.8.68 - connection established!
connected to 172.16.8.68
172.16.8.68 - command output -> 
Linux


172.16.8.68 - connection established!
connected to 172.16.8.68
172.16.8.68 - command output -> 
Linux


172.16.8.68 - connection established!
connected to 172.16.8.68
172.16.8.68 - command output -> 
Linux


172.16.8.68 - connection established!
connected to 172.16.8.68
172.16.8.68 - command output -> 
Linux


172.16.8.68 - connection established!
connected to 172.16.8.68
172.16.8.68 - command output -> 
Linux


172.16.8.68 - connection established!
connected to 172.16.8.68
172.16.8.68 - command output -> 
Linux


172.16.8.68 - connection established!
connected to 172.16.8.68
172.16.8.68 - command output -> 
Linux


172.16.8.68 - connection established!
connected to 172.16.8.68
172.16.8.68 - command output -> 
Linux


172.16.8.68 - connection established!
connected to 172.16.8.68
172.16.8.68 - command output -> 
Linux


172.16.8.68 - connection established!
connected to 172.16.8.68
172.16.8.68 - command output -> 
Linux


172.16.8.68 - command output -> 
x86_64


172.16.8.68 - command output -> 
5.4.0-42-generic


172.16.8.68 - command output -> 
ubuntu


172.16.8.68 - command output -> 
Linux ubuntu 5.4.0-42-generic #46-Ubuntu SMP Fri Jul 10 00:24:02 UTC 2020 x86_64 x86_64 x86_64 GNU/Linux


172.16.8.68 - command output -> 
              total        used        free      shared  buff/cache   available
Mem:        8151920     5002776      220292         768     2928852     2836144
Swap:       7999484       18640     7980844


172.16.8.68 - command output -> 
Filesystem                Size  Used Avail Use% Mounted on
udev                      3.9G     0  3.9G   0% /dev
tmpfs                     797M  860K  796M   1% /run
/dev/mapper/vg0-root       15G  4.9G  8.5G  37% /
tmpfs                     3.9G     0  3.9G   0% /dev/shm
tmpfs                     5.0M     0  5.0M   0% /run/lock
tmpfs                     3.9G     0  3.9G   0% /sys/fs/cgroup
/dev/sda1                 945M  104M  777M  12% /boot
/dev/mapper/vg0-motadata   58G  2.3G   53G   5% /motadata
tmpfs                     797M     0  797M   0% /run/user/0


172.16.8.68 - command output -> 
Linux 5.4.0-42-generic (ubuntu) 	02/22/2022 	_x86_64_	(8 CPU)

avg-cpu:  %user   %nice %system %iowait  %steal   %idle
           0.57    0.00    0.53    0.10    0.00   98.79

Device             tps    kB_read/s    kB_wrtn/s    kB_dscd/s    kB_read    kB_wrtn    kB_dscd
dm-0              7.72         2.66        40.46         0.00    1658969   25239476          0
dm-1              0.03         0.03         0.08         0.00      16788      49216          0
dm-2              1.55         1.67        92.58         0.00    1041992   57746656          0
loop0             0.00         0.00         0.00         0.00          4          0          0
sda               7.33         4.37       133.12         0.00    2727642   83035464          0




successfully data inserted into tb_discovery & tb_result table!
successfully data inserted into tb_discovery & tb_result table!
successfully data inserted into tb_discovery & tb_result table!
172.16.8.68 - connection established!
connected to 172.16.8.68
172.16.8.68 - command output -> 
Linux


172.16.8.68 - command output -> 
x86_64


172.16.8.68 - command output -> 
5.4.0-42-generic


172.16.8.68 - command output -> 
ubuntu


172.16.8.68 - command output -> 
Linux ubuntu 5.4.0-42-generic #46-Ubuntu SMP Fri Jul 10 00:24:02 UTC 2020 x86_64 x86_64 x86_64 GNU/Linux


172.16.8.68 - command output -> 
              total        used        free      shared  buff/cache   available
Mem:        8151920     4996880      211532         760     2943508     2840972
Swap:       7999484       18640     7980844


172.16.8.68 - command output -> 
Filesystem                Size  Used Avail Use% Mounted on
udev                      3.9G     0  3.9G   0% /dev
tmpfs                     797M  852K  796M   1% /run
/dev/mapper/vg0-root       15G  4.9G  8.5G  37% /
tmpfs                     3.9G     0  3.9G   0% /dev/shm
tmpfs                     5.0M     0  5.0M   0% /run/lock
tmpfs                     3.9G     0  3.9G   0% /sys/fs/cgroup
/dev/sda1                 945M  104M  777M  12% /boot
/dev/mapper/vg0-motadata   58G  2.3G   53G   5% /motadata
tmpfs                     797M     0  797M   0% /run/user/0


172.16.8.68 - command output -> 
Linux 5.4.0-42-generic (ubuntu) 	02/22/2022 	_x86_64_	(8 CPU)

avg-cpu:  %user   %nice %system %iowait  %steal   %idle
           0.57    0.00    0.53    0.10    0.00   98.79

Device             tps    kB_read/s    kB_wrtn/s    kB_dscd/s    kB_read    kB_wrtn    kB_dscd
dm-0              7.73         2.66        40.50         0.00    1660749   25327608          0
dm-1              0.03         0.03         0.08         0.00      16788      49216          0
dm-2              1.55         1.67        92.71         0.00    1042024   57980448          0
loop0             0.00         0.00         0.00         0.00          4          0          0
sda               7.34         4.36       133.29         0.00    2729454   83357388          0




successfully data inserted into tb_discovery & tb_result table!
172.16.8.68 - connection established!
connected to 172.16.8.68
172.16.8.68 - command output -> 
x86_64


172.16.8.68 - command output -> 
5.4.0-42-generic


172.16.8.68 - command output -> 
ubuntu


172.16.8.68 - command output -> 
Linux ubuntu 5.4.0-42-generic #46-Ubuntu SMP Fri Jul 10 00:24:02 UTC 2020 x86_64 x86_64 x86_64 GNU/Linux


172.16.8.68 - command output -> 
              total        used        free      shared  buff/cache   available
Mem:        8151920     5007120      197344         756     2947456     2830432
Swap:       7999484       18640     7980844


172.16.8.68 - command output -> 
Filesystem                Size  Used Avail Use% Mounted on
udev                      3.9G     0  3.9G   0% /dev
tmpfs                     797M  852K  796M   1% /run
/dev/mapper/vg0-root       15G  4.9G  8.5G  37% /
tmpfs                     3.9G     0  3.9G   0% /dev/shm
tmpfs                     5.0M     0  5.0M   0% /run/lock
tmpfs                     3.9G     0  3.9G   0% /sys/fs/cgroup
/dev/sda1                 945M  104M  777M  12% /boot
/dev/mapper/vg0-motadata   58G  2.4G   53G   5% /motadata
tmpfs                     797M     0  797M   0% /run/user/0


172.16.8.68 - command output -> 
Linux 5.4.0-42-generic (ubuntu) 	02/22/2022 	_x86_64_	(8 CPU)

avg-cpu:  %user   %nice %system %iowait  %steal   %idle
           0.57    0.00    0.53    0.10    0.00   98.79

Device             tps    kB_read/s    kB_wrtn/s    kB_dscd/s    kB_read    kB_wrtn    kB_dscd
dm-0              7.74         2.65        40.51         0.00    1660749   25340752          0
dm-1              0.03         0.03         0.08         0.00      16788      49216          0
dm-2              1.55         1.67        92.73         0.00    1042024   58008420          0
loop0             0.00         0.00         0.00         0.00          4          0          0
sda               7.34         4.36       133.32         0.00    2729454   83398504          0




172.16.8.68 - connection established!
connected to 172.16.8.68
172.16.8.68 - command output -> 
x86_64


172.16.8.68 - command output -> 
5.4.0-42-generic


172.16.8.68 - command output -> 
ubuntu


172.16.8.68 - command output -> 
Linux ubuntu 5.4.0-42-generic #46-Ubuntu SMP Fri Jul 10 00:24:02 UTC 2020 x86_64 x86_64 x86_64 GNU/Linux


172.16.8.68 - command output -> 
              total        used        free      shared  buff/cache   available
Mem:        8151920     5009464      195548         760     2946908     2827824
Swap:       7999484       18640     7980844


172.16.8.68 - command output -> 
Filesystem                Size  Used Avail Use% Mounted on
udev                      3.9G     0  3.9G   0% /dev
tmpfs                     797M  852K  796M   1% /run
/dev/mapper/vg0-root       15G  4.9G  8.5G  37% /
tmpfs                     3.9G     0  3.9G   0% /dev/shm
tmpfs                     5.0M     0  5.0M   0% /run/lock
tmpfs                     3.9G     0  3.9G   0% /sys/fs/cgroup
/dev/sda1                 945M  104M  777M  12% /boot
/dev/mapper/vg0-motadata   58G  2.4G   53G   5% /motadata
tmpfs                     797M     0  797M   0% /run/user/0


172.16.8.68 - command output -> 
Linux 5.4.0-42-generic (ubuntu) 	02/22/2022 	_x86_64_	(8 CPU)

avg-cpu:  %user   %nice %system %iowait  %steal   %idle
           0.57    0.00    0.53    0.10    0.00   98.79

Device             tps    kB_read/s    kB_wrtn/s    kB_dscd/s    kB_read    kB_wrtn    kB_dscd
dm-0              7.74         2.65        40.52         0.00    1660749   25351572          0
dm-1              0.03         0.03         0.08         0.00      16788      49216          0
dm-2              1.55         1.67        92.74         0.00    1042024   58028400          0
loop0             0.00         0.00         0.00         0.00          4          0          0
sda               7.35         4.36       133.34         0.00    2729454   83429304          0




172.16.8.68 - connection established!
connected to 172.16.8.68
172.16.8.68 - command output -> 
x86_64


172.16.8.68 - command output -> 
5.4.0-42-generic


172.16.8.68 - command output -> 
ubuntu


172.16.8.68 - command output -> 
Linux ubuntu 5.4.0-42-generic #46-Ubuntu SMP Fri Jul 10 00:24:02 UTC 2020 x86_64 x86_64 x86_64 GNU/Linux


172.16.8.68 - command output -> 
              total        used        free      shared  buff/cache   available
Mem:        8151920     5003724      221496         760     2926700     2836364
Swap:       7999484       18896     7980588


172.16.8.68 - command output -> 
Filesystem                Size  Used Avail Use% Mounted on
udev                      3.9G     0  3.9G   0% /dev
tmpfs                     797M  852K  796M   1% /run
/dev/mapper/vg0-root       15G  4.9G  8.5G  37% /
tmpfs                     3.9G     0  3.9G   0% /dev/shm
tmpfs                     5.0M     0  5.0M   0% /run/lock
tmpfs                     3.9G     0  3.9G   0% /sys/fs/cgroup
/dev/sda1                 945M  104M  777M  12% /boot
/dev/mapper/vg0-motadata   58G  2.4G   53G   5% /motadata
tmpfs                     797M     0  797M   0% /run/user/0


172.16.8.68 - command output -> 
Linux 5.4.0-42-generic (ubuntu) 	02/22/2022 	_x86_64_	(8 CPU)

avg-cpu:  %user   %nice %system %iowait  %steal   %idle
           0.57    0.00    0.53    0.10    0.00   98.79

Device             tps    kB_read/s    kB_wrtn/s    kB_dscd/s    kB_read    kB_wrtn    kB_dscd
dm-0              7.74         2.66        40.52         0.00    1662713   25353136          0
dm-1              0.03         0.03         0.08         0.00      16788      49260          0
dm-2              1.55         1.67        92.74         0.00    1042024   58034216          0
loop0             0.00         0.00         0.00         0.00          4          0          0
sda               7.35         4.36       133.33         0.00    2731418   83436728          0




172.16.8.68 - connection established!
connected to 172.16.8.68
172.16.8.68 - command output -> 
x86_64


172.16.8.68 - command output -> 
5.4.0-42-generic


172.16.8.68 - command output -> 
ubuntu


172.16.8.68 - command output -> 
Linux ubuntu 5.4.0-42-generic #46-Ubuntu SMP Fri Jul 10 00:24:02 UTC 2020 x86_64 x86_64 x86_64 GNU/Linux


172.16.8.68 - command output -> 
              total        used        free      shared  buff/cache   available
Mem:        8151920     5012924      206568         764     2932428     2826588
Swap:       7999484       18896     7980588


172.16.8.68 - command output -> 
Filesystem                Size  Used Avail Use% Mounted on
udev                      3.9G     0  3.9G   0% /dev
tmpfs                     797M  860K  796M   1% /run
/dev/mapper/vg0-root       15G  4.9G  8.5G  37% /
tmpfs                     3.9G     0  3.9G   0% /dev/shm
tmpfs                     5.0M     0  5.0M   0% /run/lock
tmpfs                     3.9G     0  3.9G   0% /sys/fs/cgroup
/dev/sda1                 945M  104M  777M  12% /boot
/dev/mapper/vg0-motadata   58G  2.4G   53G   5% /motadata
tmpfs                     797M     0  797M   0% /run/user/0


172.16.8.68 - command output -> 
Linux 5.4.0-42-generic (ubuntu) 	02/22/2022 	_x86_64_	(8 CPU)

avg-cpu:  %user   %nice %system %iowait  %steal   %idle
           0.57    0.00    0.53    0.10    0.00   98.79

Device             tps    kB_read/s    kB_wrtn/s    kB_dscd/s    kB_read    kB_wrtn    kB_dscd
dm-0              7.74         2.66        40.52         0.00    1662713   25363804          0
dm-1              0.03         0.03         0.08         0.00      16788      49260          0
dm-2              1.55         1.66        92.76         0.00    1042024   58058160          0
loop0             0.00         0.00         0.00         0.00          4          0          0
sda               7.35         4.36       133.36         0.00    2731418   83471340          0




172.16.8.68 - connection established!
connected to 172.16.8.68
172.16.8.68 - command output -> 
x86_64


172.16.8.68 - command output -> 
5.4.0-42-generic


172.16.8.68 - command output -> 
ubuntu


172.16.8.68 - command output -> 
Linux ubuntu 5.4.0-42-generic #46-Ubuntu SMP Fri Jul 10 00:24:02 UTC 2020 x86_64 x86_64 x86_64 GNU/Linux


172.16.8.68 - command output -> 
              total        used        free      shared  buff/cache   available
Mem:        8151920     5004160      211348         756     2936412     2835528
Swap:       7999484       18896     7980588


172.16.8.68 - command output -> 
Filesystem                Size  Used Avail Use% Mounted on
udev                      3.9G     0  3.9G   0% /dev
tmpfs                     797M  852K  796M   1% /run
/dev/mapper/vg0-root       15G  4.9G  8.5G  37% /
tmpfs                     3.9G     0  3.9G   0% /dev/shm
tmpfs                     5.0M     0  5.0M   0% /run/lock
tmpfs                     3.9G     0  3.9G   0% /sys/fs/cgroup
/dev/sda1                 945M  104M  777M  12% /boot
/dev/mapper/vg0-motadata   58G  2.4G   53G   5% /motadata
tmpfs                     797M     0  797M   0% /run/user/0


172.16.8.68 - command output -> 
Linux 5.4.0-42-generic (ubuntu) 	02/22/2022 	_x86_64_	(8 CPU)

avg-cpu:  %user   %nice %system %iowait  %steal   %idle
           0.57    0.00    0.53    0.10    0.00   98.79

Device             tps    kB_read/s    kB_wrtn/s    kB_dscd/s    kB_read    kB_wrtn    kB_dscd
dm-0              7.74         2.66        40.52         0.00    1662713   25371852          0
dm-1              0.03         0.03         0.08         0.00      16788      49260          0
dm-2              1.56         1.66        92.78         0.00    1042024   58088872          0
loop0             0.00         0.00         0.00         0.00          4          0          0
sda               7.35         4.36       133.38         0.00    2731418   83510100          0




successfully data re-inserted into tb_monitor, tb_discovery, tb_result & tb_dataDump table!
172.16.8.68 - connection established!
connected to 172.16.8.68
172.16.8.68 - command output -> 
x86_64


172.16.8.68 - command output -> 
5.4.0-42-generic


172.16.8.68 - command output -> 
ubuntu


172.16.8.68 - command output -> 
Linux ubuntu 5.4.0-42-generic #46-Ubuntu SMP Fri Jul 10 00:24:02 UTC 2020 x86_64 x86_64 x86_64 GNU/Linux


172.16.8.68 - command output -> 
              total        used        free      shared  buff/cache   available
Mem:        8151920     5005000      211296         756     2935624     2834812
Swap:       7999484       18896     7980588


172.16.8.68 - command output -> 
Filesystem                Size  Used Avail Use% Mounted on
udev                      3.9G     0  3.9G   0% /dev
tmpfs                     797M  852K  796M   1% /run
/dev/mapper/vg0-root       15G  4.9G  8.5G  37% /
tmpfs                     3.9G     0  3.9G   0% /dev/shm
tmpfs                     5.0M     0  5.0M   0% /run/lock
tmpfs                     3.9G     0  3.9G   0% /sys/fs/cgroup
/dev/sda1                 945M  104M  777M  12% /boot
/dev/mapper/vg0-motadata   58G  2.4G   53G   5% /motadata
tmpfs                     797M     0  797M   0% /run/user/0


172.16.8.68 - command output -> 
Linux 5.4.0-42-generic (ubuntu) 	02/22/2022 	_x86_64_	(8 CPU)

avg-cpu:  %user   %nice %system %iowait  %steal   %idle
           0.57    0.00    0.53    0.10    0.00   98.79

Device             tps    kB_read/s    kB_wrtn/s    kB_dscd/s    kB_read    kB_wrtn    kB_dscd
dm-0              7.74         2.66        40.52         0.00    1662713   25372672          0
dm-1              0.03         0.03         0.08         0.00      16788      49260          0
dm-2              1.56         1.66        92.78         0.00    1042024   58094300          0
loop0             0.00         0.00         0.00         0.00          4          0          0
sda               7.35         4.36       133.38         0.00    2731418   83516348          0




successfully data re-inserted into tb_monitor, tb_discovery, tb_result & tb_dataDump table!
172.16.13.5 - connection established!
connected to 172.16.13.5
172.16.13.5 - command output -> 

Line has invalid autocommand "uname"

successfully re-inserted into tb_discovery & tb_result table!
