successfully data re-inserted into tb_discovery & tb_result table!
successfully data re-inserted into tb_discovery & tb_result table!
successfully data inserted into tb_discovery & tb_result table!
successfully data re-inserted into tb_discovery & tb_result table!
successfully data re-inserted into tb_discovery & tb_result table!
successfully data re-inserted into tb_discovery & tb_result table!
successfully data re-inserted into tb_discovery & tb_result table!
successfully data re-inserted into tb_discovery & tb_result table!
successfully data re-inserted into tb_discovery & tb_result table!
successfully data re-inserted into tb_discovery & tb_result table!
successfully data re-inserted into tb_discovery & tb_result table!
successfully data re-inserted into tb_discovery & tb_result table!
successfully data re-inserted into tb_discovery & tb_result table!
successfully data re-inserted into tb_discovery & tb_result table!
successfully data re-inserted into tb_discovery & tb_result table!
successfully data re-inserted into tb_discovery & tb_result table!
successfully data re-inserted into tb_discovery & tb_result table!
successfully data re-inserted into tb_discovery & tb_result table!
checking connection with 172.16.8.182 and port 22
checking connection with 172.16.8.182 and port 22
successfully data inserted into tb_discovery & tb_result table!
successfully data inserted into tb_discovery & tb_result table!
successfully data inserted into tb_discovery & tb_result table!
successfully data inserted into tb_discovery & tb_result table!
successfully data inserted into tb_discovery & tb_result table!
successfully data inserted into tb_discovery & tb_result table!
checking connection with 172.16.8.182 and port 22
172.16.8.182 - connection established!
connected to 172.16.8.182
172.16.8.182 - executing command uname -a
172.16.8.182 - checking channel connection...
172.16.8.182 - channel is currently connected...
172.16.8.182 - command output -> 
Linux ubuntu 4.4.0-131-generic #157-Ubuntu SMP Thu Jul 12 15:51:36 UTC 2018 x86_64 x86_64 x86_64 GNU/Linux


172.16.8.182 - channel is closed for communication!
172.16.8.182 - executing command free
172.16.8.182 - checking channel connection...
172.16.8.182 - channel is currently connected...
172.16.8.182 - command output -> 
              total        used        free      shared  buff/cache   available
Mem:        8174812     5286404      391128       44656     2497280     2474072
Swap:       7999484       99584     7899900


172.16.8.182 - channel is closed for communication!
172.16.8.182 - executing command df -h
172.16.8.182 - checking channel connection...
172.16.8.182 - channel is currently connected...
172.16.8.182 - command output -> 
Filesystem                Size  Used Avail Use% Mounted on
udev                      3.9G     0  3.9G   0% /dev
tmpfs                     799M   82M  717M  11% /run
/dev/mapper/vg0-root       14G  4.7G  8.6G  36% /
tmpfs                     3.9G     0  3.9G   0% /dev/shm
tmpfs                     5.0M     0  5.0M   0% /run/lock
tmpfs                     3.9G     0  3.9G   0% /sys/fs/cgroup
/dev/sda1                 361M   59M  280M  18% /boot
/dev/mapper/vg0-motadata   39G   12G   26G  31% /motadata
tmpfs                     799M     0  799M   0% /run/user/0


172.16.8.182 - channel is closed for communication!
172.16.8.182 - executing command iostat
172.16.8.182 - checking channel connection...
172.16.8.182 - channel is currently connected...
172.16.8.182 - command output -> 
Linux 4.4.0-131-generic (ubuntu) 	01/31/2022 	_x86_64_	(4 CPU)

avg-cpu:  %user   %nice %system %iowait  %steal   %idle
           1.68    0.00    1.83    1.01    0.00   95.47

Device:            tps    kB_read/s    kB_wrtn/s    kB_read    kB_wrtn
loop0             0.00         0.00         0.00          8          0
sda               4.33         5.53       419.03    8590114  650573817
dm-0              2.17         4.00        13.86    6209937   21511312
dm-1              0.34         0.12         1.22     194004    1894692
dm-2              5.34         1.40       403.96    2177168  627167760



172.16.8.182 - channel is closed for communication!
successfully data inserted into tb_discovery & tb_result table!
